Microchip MPLAB XC8 Compiler V2.32

Linker command line:

-W-3 --edf=C:\Program Files\Microchip\xc8\v2.32\pic\dat\en_msgs.txt -cn \
  -h+dist/default/production\Lab4.X.production.sym \
  --cmf=dist/default/production\Lab4.X.production.cmf -z -Q18F4550 \
  -oC:\Users\andre\AppData\Local\Temp\xcAs9c4.4 \
  -Mdist/default/production/Lab4.X.production.map -E1 -ver=XC8 Compiler \
  -ASTACK=09Bh-07FFh -pstack=STACK -ACODE=00h-07FFFh -ACONST=00h-07FFFh \
  -ASMALLCONST=0800h-08FFhx120 -AMEDIUMCONST=0800h-07FFFh -ACOMRAM=01h-05Fh \
  -AABS1=00h-07FFh -ABIGRAM=01h-07FFh -ARAM=060h-0FFh,0100h-01FFhx7 \
  -ABANK0=060h-0FFh -ABANK1=0100h-01FFh -ABANK2=0200h-02FFh \
  -ABANK3=0300h-03FFh -ABANK4=0400h-04FFh -ABANK5=0500h-05FFh \
  -ABANK6=0600h-06FFh -ABANK7=0700h-07FFh -ASFR=0F60h-0FFFh \
  -ACONFIG=0300000h-030000Dh -AIDLOC=0200000h-0200007h \
  -AEEDATA=0F00000h-0F000FFh -peeprom_data=EEDATA \
  -preset_vec=00h,intcode=08h,intcodelo,powerup,init -pramtop=0800h \
  -psmallconst=SMALLCONST -pmediumconst=MEDIUMCONST -pconst=CONST \
  -AFARRAM=00h-00h \
  -prdata=COMRAM,nvrram=COMRAM,nvbit=COMRAM,rbss=COMRAM,rbit=COMRAM \
  -pfarbss=FARRAM,fardata=FARRAM,nvFARRAM=FARRAM \
  -pintsave_regs=BIGRAM,bigbss=BIGRAM,bigdata=BIGRAM -pbss=RAM \
  -pidata=CODE,irdata=CODE,ibigdata=CODE,ifardata=CODE -prparam=COMRAM \
  C:\Users\andre\AppData\Local\Temp\xcAs9c4.obj \
  dist/default/production\Lab4.X.production.obj 

Object code version is 3.11

Machine type is 18F4550



                Name                               Link     Load   Length Selector   Space Scale
C:\Users\andre\AppData\Local\Temp\xcAs9c4.obj
                idloc                            200000   200000        8        0       5
                config                           300000   300000        E        0       4
                init                                  E        E        4        4       0
                reset_vec                             0        0        4        0       0
dist/default/production\Lab4.X.production.obj
                intcode                               8        8        6        4       0
                idloc                            200000   200000        8        0       5
                config                           300000   300000        E        0       4
                temp                                 5A       5A        1        1       1
                smallconst                          800      800       30      400       0
                text31                             2616     2616       64      418       0
                text30                             2806     2806       40      418       0
                intcode_body                       1D68     1D68      18A      418       0
                text28                             2958     2958       18      418       0
                text27                             29D6     29D6        E      418       0
                text26                             272A     272A       56      418       0
                text25                             2780     2780       46      418       0
                text24                             299C     299C       16      418       0
                text23                             2986     2986       16      418       0
                text22                             28E2     28E2       2A      418       0
                text21                             29B2     29B2       14      418       0
                text20                             2332     2332       9C      418       0
                text19                             2846     2846       3A      418       0
                text18                             28B8     28B8       2A      418       0
                text17                             20CC     20CC       E6      418       0
                text16                             2540     2540       70      418       0
                text15                             2284     2284       AE      418       0
                text14                             1EF2     1EF2       F4      418       0
                text13                             21B2     21B2       D2      418       0
                text12                             2450     2450       7C      418       0
                text11                             23CE     23CE       82      418       0
                text10                             25B0     25B0       66      418       0
                text9                               830      830      EC8      418       0
                text8                              27C6     27C6       40      418       0
                text7                              2880     2880       38      418       0
                text6                              1FE6     1FE6       E6      418       0
                text5                              24CC     24CC       74      418       0
                text4                              2934     2934       24      418       0
                text3                              26D4     26D4       56      418       0
                text2                              290C     290C       28      418       0
                text1                              16F8     16F8      4CC      418       0
                text0                              1BC4     1BC4      1A4      418       0
                cstackCOMRAM                          1        1       3C        1       1
                cstackBANK0                          60       60       2B       60       1
                dataBANK0                            8B       8B       10       60       1
                dataCOMRAM                           3D       3D       16        1       1
                bssCOMRAM                            53       53        7        1       1
                cinit                              267A     267A       5A      418       0
                idataBANK0                         29C6     29C6       10      418       0
                idataCOMRAM                        2970     2970       16      418       0

TOTAL           Name                               Link     Load   Length     Space
        CLASS   STACK          

        CLASS   CODE           
                intcode                               8        8        6         0
                init                                  E        E        4         0
                reset_vec                             0        0        4         0
                text31                             2616     2616       64         0
                text30                             2806     2806       40         0
                intcode_body                       1D68     1D68      18A         0
                text28                             2958     2958       18         0
                text27                             29D6     29D6        E         0
                text26                             272A     272A       56         0
                text25                             2780     2780       46         0
                text24                             299C     299C       16         0
                text23                             2986     2986       16         0
                text22                             28E2     28E2       2A         0
                text21                             29B2     29B2       14         0
                text20                             2332     2332       9C         0
                text19                             2846     2846       3A         0
                text18                             28B8     28B8       2A         0
                text17                             20CC     20CC       E6         0
                text16                             2540     2540       70         0
                text15                             2284     2284       AE         0
                text14                             1EF2     1EF2       F4         0
                text13                             21B2     21B2       D2         0
                text12                             2450     2450       7C         0
                text11                             23CE     23CE       82         0
                text10                             25B0     25B0       66         0
                text9                               830      830      EC8         0
                text8                              27C6     27C6       40         0
                text7                              2880     2880       38         0
                text6                              1FE6     1FE6       E6         0
                text5                              24CC     24CC       74         0
                text4                              2934     2934       24         0
                text3                              26D4     26D4       56         0
                text2                              290C     290C       28         0
                text1                              16F8     16F8      4CC         0
                text0                              1BC4     1BC4      1A4         0
                cinit                              267A     267A       5A         0
                idataBANK0                         29C6     29C6       10         0
                idataCOMRAM                        2970     2970       16         0

        CLASS   CONST          

        CLASS   SMALLCONST     
                smallconst                          800      800       30         0

        CLASS   MEDIUMCONST    

        CLASS   COMRAM         
                temp                                 5A       5A        1         1
                cstackCOMRAM                          1        1       3C         1
                dataCOMRAM                           3D       3D       16         1
                bssCOMRAM                            53       53        7         1

        CLASS   ABS1           

        CLASS   BIGRAM         

        CLASS   RAM            

        CLASS   BANK0          
                cstackBANK0                          60       60       2B         1
                dataBANK0                            8B       8B       10         1

        CLASS   BANK1          

        CLASS   BANK2          

        CLASS   BANK3          

        CLASS   BANK4          

        CLASS   BANK5          

        CLASS   BANK6          

        CLASS   BANK7          

        CLASS   SFR            

        CLASS   CONFIG         
                config                           300000   300000        E         4

        CLASS   IDLOC          
                idloc                            200000   200000        8         5

        CLASS   EEDATA         

        CLASS   FARRAM         



SEGMENTS        Name                           Load    Length   Top    Selector   Space  Class

                reset_vec                      000000  000004  000004         0       0  CODE    
                cstackCOMRAM                   000001  00005A  00005B         1       1  COMRAM  
                intcode                        000008  00000A  000012         4       0  CODE    
                cstackBANK0                    000060  00003B  00009B        60       1  BANK0   
                smallconst                     000800  000030  000830       400       0  SMALLCON
                text9                          000830  0021B4  0029E4       418       0  CODE    


UNUSED ADDRESS RANGES

        Name                Unused          Largest block    Delta
        BANK0            00009B-0000FF               65
        BANK1            000100-0001FF              100
        BANK2            000200-0002FF              100
        BANK3            000300-0003FF              100
        BANK4            000400-0004FF              100
        BANK5            000500-0005FF              100
        BANK6            000600-0006FF              100
        BANK7            000700-0007FF              100
        BIGRAM           00005B-00005F                5
                         00009B-0007FF              765
        CODE             000004-000007                4
                         000012-0007FF              7EE
                         0029E4-007FFF             561C
        COMRAM           00005B-00005F                5
        CONST            000004-000007                4
                         000012-0007FF              7EE
                         0029E4-007FFF             561C
        EEDATA           F00000-F000FF              100
        MEDIUMCONST      0029E4-007FFF             561C
        RAM              00009B-0007FF              100
        SFR              000F60-000FFF               A0
        SMALLCONST       0029E4-007FFF              100
        STACK            00009B-0007FF              765

                                  Symbol Table

?___awmod                        cstackCOMRAM 000006
?___awtoft                       cstackCOMRAM 000030
?___ftdiv                        cstackCOMRAM 00000E
?___ftmul                        cstackCOMRAM 00000E
?___ftpack                       cstackCOMRAM 000006
?___fttol                        cstackCOMRAM 00001D
?___lbtoft                       cstackCOMRAM 00000E
?___lldiv                        cstackCOMRAM 00000F
?___llmod                        cstackCOMRAM 000006
?___lmul                         cstackCOMRAM 000006
?_abs                            cstackCOMRAM 00002C
ConfiguraLCD@a                   cstackCOMRAM 000006
ControlError@A                   cstackCOMRAM 000001
DireccionaLCD@a                  cstackCOMRAM 00000A
EnviaDato@a                      cstackCOMRAM 000009
EscribeLCD_2Decimales@a          cstackCOMRAM 000031
EscribeLCD_2Decimales@decimalesP cstackCOMRAM 000036
EscribeLCD_2Decimales@num        cstackCOMRAM 000034
EscribeLCD_2Decimales@unidad     cstackCOMRAM 000037
EscribeLCD_c@a                   cstackCOMRAM 00000A
EscribeLCD_n32@a                 cstackCOMRAM 00001C
EscribeLCD_n32@b                 cstackCOMRAM 000020
EscribeLCD_n32@centena           cstackCOMRAM 000037
EscribeLCD_n32@cienmil           cstackCOMRAM 00002D
EscribeLCD_n32@cienmillon        cstackCOMRAM 000021
EscribeLCD_n32@decena            cstackCOMRAM 000039
EscribeLCD_n32@diezmil           cstackCOMRAM 000031
EscribeLCD_n32@diezmillon        cstackCOMRAM 000025
EscribeLCD_n32@millar            cstackCOMRAM 000035
EscribeLCD_n32@millon            cstackCOMRAM 000029
EscribeLCD_n32@unidad            cstackCOMRAM 00003A
EscribeLCD_n8@a                  cstackCOMRAM 000030
EscribeLCD_n8@b                  cstackCOMRAM 00002C
EscribeLCD_n8@centena            cstackCOMRAM 00002D
EscribeLCD_n8@decena             cstackCOMRAM 00002E
EscribeLCD_n8@unidad             cstackCOMRAM 00002F
GuardarASCII@arreglo             cstackCOMRAM 00000B
GuardarASCII@cgram               cstackCOMRAM 00000C
GuardarASCII@i                   cstackCOMRAM 00000D
MensajeLCD_Var@a                 cstackCOMRAM 00000B
MensajeLCD_Var@cont              cstackCOMRAM 00000C
MensajeLCD_Var@i                 cstackCOMRAM 000010
ModuloOperacion@Res              cstackBANK0  000088
ModuloOperacion@ResL             cstackBANK0  00007E
ModuloOperacion@ResL_194         cstackBANK0  000082
ModuloOperacion@b                cstackBANK0  00007C
ModuloOperacion@b_195            cstackBANK0  00007D
ModuloOperacion@i                cstackBANK0  00006F
ModuloOperacion@i_197            cstackBANK0  000078
ModuloOperacion@n1               cstackBANK0  000069
ModuloOperacion@n1L              cstackBANK0  000065
ModuloOperacion@n2               cstackBANK0  00006C
ModuloOperacion@num1             cstackBANK0  000087
ModuloOperacion@num2             cstackBANK0  000086
ModuloOperacion@var              cstackBANK0  000070
ModuloOperacion@var_196          cstackBANK0  000074
OpTeclado@A                      cstackCOMRAM 000002
OpTeclado@c                      cstackCOMRAM 000003
RetardoLCD@a                     cstackCOMRAM 000007
_ADCON1                          (abs)        000FC1
_BorraLCD                        text21       0029B2
_Cambio                          bssCOMRAM    000056
_ConfiguraLCD                    text28       002958
_ControlError                    text31       002616
_DireccionaLCD                   text24       00299C
_EnviaDato                       text25       002780
_EscribeLCD_2Decimales           text12       002450
_EscribeLCD_c                    text23       002986
_EscribeLCD_n32                  text9        000830
_EscribeLCD_n8                   text17       0020CC
_GIE                             (abs)        007F97
_GuardarASCII                    text22       0028E2
_HabilitaLCD                     text27       0029D6
_ISR                             intcode      000008
_InicializaLCD                   text20       002332
_LATB                            (abs)        000F8A
_LATD                            (abs)        000F8C
_LATD0                           (abs)        007C60
_LATD2                           (abs)        007C62
_LATD3                           (abs)        007C63
_MensajeLCD_Var                  text8        0027C6
_ModuloOperacion                 text1        0016F8
_OpTeclado                       text30       002806
_PEIE                            (abs)        007F96
_POR                             (abs)        007E81
_PORTB                           (abs)        000F81
_RA0                             (abs)        007C00
_RB4                             (abs)        007C0C
_RB5                             (abs)        007C0D
_RB6                             (abs)        007C0E
_RB7                             (abs)        007C0F
_RBIE                            (abs)        007F93
_RBIF                            (abs)        007F90
_RBPU                            (abs)        007F8F
_RetardoLCD                      text26       00272A
_T0CON                           (abs)        000FD5
_T1CON                           (abs)        000FCD
_TMR0                            (abs)        000FD6
_TMR0IE                          (abs)        007F95
_TMR0IF                          (abs)        007F92
_TMR1                            (abs)        000FCE
_TMR1IE                          (abs)        007CE8
_TMR1IF                          (abs)        007CF0
_TRISA0                          (abs)        007C90
_TRISB                           (abs)        000F93
_TRISD                           (abs)        000F95
__HRAM                           (abs)        000000
__Habs1                          abs1         000000
__Hbank0                         bank0        000000
__Hbank1                         bank1        000000
__Hbank2                         bank2        000000
__Hbank3                         bank3        000000
__Hbank4                         bank4        000000
__Hbank5                         bank5        000000
__Hbank6                         bank6        000000
__Hbank7                         bank7        000000
__Hbigbss                        bigbss       000000
__Hbigdata                       bigdata      000000
__Hbigram                        bigram       000000
__Hbss                           bss          000000
__HbssCOMRAM                     bssCOMRAM    000000
__Hcinit                         cinit        000000
__Hclrtext                       clrtext      000000
__Hcomram                        comram       000000
__Hconfig                        config       30000E
__Hconst                         const        000000
__HcstackBANK0                   cstackBANK0  000000
__HcstackCOMRAM                  cstackCOMRAM 000000
__Hdata                          data         000000
__HdataBANK0                     dataBANK0    000000
__HdataCOMRAM                    dataCOMRAM   000000
__Heeprom_data                   eeprom_data  000000
__Hfarbss                        farbss       000000
__Hfardata                       fardata      000000
__Hibigdata                      ibigdata     000000
__Hidata                         idata        000000
__HidataBANK0                    idataBANK0   000000
__HidataCOMRAM                   idataCOMRAM  000000
__Hidloc                         idloc        200008
__Hifardata                      ifardata     000000
__Hinit                          init         000012
__Hintcode                       intcode      00000E
__Hintcode_body                  intcode_body 000000
__Hintcodelo                     intcodelo    00000E
__Hintentry                      intentry     000000
__Hintret                        intret       000000
__Hintsave_regs                  intsave_regs 000000
__Hirdata                        irdata       000000
__Hmediumconst                   mediumconst  000000
__HnvFARRAM                      nvFARRAM     000000
__Hnvbit                         nvbit        000000
__Hnvrram                        nvrram       000000
__Hparam                         rparam       000000
__Hpowerup                       powerup      00000E
__Hram                           ram          000000
__Hramtop                        ramtop       000800
__Hrbit                          rbit         000000
__Hrbss                          rbss         000000
__Hrdata                         rdata        000000
__Hreset_vec                     reset_vec    000004
__Hrparam                        rparam       000000
__Hsfr                           sfr          000000
__Hsmallconst                    smallconst   000830
__Hspace_0                       (abs)        0029E4
__Hspace_1                       (abs)        00009B
__Hspace_2                       (abs)        000000
__Hspace_4                       (abs)        60000E
__Hstack                         stack        000000
__Hstruct                        struct       000000
__Htemp                          temp         00005B
__Htext                          text         000000
__Htext0                         text0        000000
__Htext1                         text1        000000
__Htext10                        text10       000000
__Htext11                        text11       000000
__Htext12                        text12       000000
__Htext13                        text13       000000
__Htext14                        text14       000000
__Htext15                        text15       000000
__Htext16                        text16       000000
__Htext17                        text17       000000
__Htext18                        text18       000000
__Htext19                        text19       000000
__Htext2                         text2        000000
__Htext20                        text20       000000
__Htext21                        text21       000000
__Htext22                        text22       000000
__Htext23                        text23       000000
__Htext24                        text24       000000
__Htext25                        text25       000000
__Htext26                        text26       000000
__Htext27                        text27       000000
__Htext28                        text28       000000
__Htext3                         text3        000000
__Htext30                        text30       000000
__Htext31                        text31       000000
__Htext4                         text4        000000
__Htext5                         text5        000000
__Htext6                         text6        000000
__Htext7                         text7        000000
__Htext8                         text8        000000
__Htext9                         text9        000000
__LRAM                           (abs)        000001
__Labs1                          abs1         000000
__Lbank0                         bank0        000000
__Lbank1                         bank1        000000
__Lbank2                         bank2        000000
__Lbank3                         bank3        000000
__Lbank4                         bank4        000000
__Lbank5                         bank5        000000
__Lbank6                         bank6        000000
__Lbank7                         bank7        000000
__Lbigbss                        bigbss       000000
__Lbigdata                       bigdata      000000
__Lbigram                        bigram       000000
__Lbss                           bss          000000
__LbssCOMRAM                     bssCOMRAM    000000
__Lcinit                         cinit        000000
__Lclrtext                       clrtext      000000
__Lcomram                        comram       000000
__Lconfig                        config       000000
__Lconst                         const        000000
__LcstackBANK0                   cstackBANK0  000000
__LcstackCOMRAM                  cstackCOMRAM 000000
__Ldata                          data         000000
__LdataBANK0                     dataBANK0    000000
__LdataCOMRAM                    dataCOMRAM   000000
__Leeprom_data                   eeprom_data  000000
__Lfarbss                        farbss       000000
__Lfardata                       fardata      000000
__Libigdata                      ibigdata     000000
__Lidata                         idata        000000
__LidataBANK0                    idataBANK0   000000
__LidataCOMRAM                   idataCOMRAM  000000
__Lidloc                         idloc        000000
__Lifardata                      ifardata     000000
__Linit                          init         00000E
__Lintcode                       intcode      000008
__Lintcode_body                  intcode_body 000000
__Lintcodelo                     intcodelo    00000E
__Lintentry                      intentry     000000
__Lintret                        intret       000000
__Lintsave_regs                  intsave_regs 000000
__Lirdata                        irdata       000000
__Lmediumconst                   mediumconst  000000
__LnvFARRAM                      nvFARRAM     000000
__Lnvbit                         nvbit        000000
__Lnvrram                        nvrram       000000
__Lparam                         rparam       000000
__Lpowerup                       powerup      00000E
__Lram                           ram          000000
__Lramtop                        ramtop       000800
__Lrbit                          rbit         000000
__Lrbss                          rbss         000000
__Lrdata                         rdata        000000
__Lreset_vec                     reset_vec    000000
__Lrparam                        rparam       000000
__Lsfr                           sfr          000000
__Lsmallconst                    smallconst   000800
__Lspace_0                       (abs)        000000
__Lspace_1                       (abs)        000000
__Lspace_2                       (abs)        000000
__Lspace_4                       (abs)        000000
__Lstack                         stack        000000
__Lstruct                        struct       000000
__Ltemp                          temp         00005A
__Ltext                          text         000000
__Ltext0                         text0        000000
__Ltext1                         text1        000000
__Ltext10                        text10       000000
__Ltext11                        text11       000000
__Ltext12                        text12       000000
__Ltext13                        text13       000000
__Ltext14                        text14       000000
__Ltext15                        text15       000000
__Ltext16                        text16       000000
__Ltext17                        text17       000000
__Ltext18                        text18       000000
__Ltext19                        text19       000000
__Ltext2                         text2        000000
__Ltext20                        text20       000000
__Ltext21                        text21       000000
__Ltext22                        text22       000000
__Ltext23                        text23       000000
__Ltext24                        text24       000000
__Ltext25                        text25       000000
__Ltext26                        text26       000000
__Ltext27                        text27       000000
__Ltext28                        text28       000000
__Ltext3                         text3        000000
__Ltext30                        text30       000000
__Ltext31                        text31       000000
__Ltext4                         text4        000000
__Ltext5                         text5        000000
__Ltext6                         text6        000000
__Ltext7                         text7        000000
__Ltext8                         text8        000000
__Ltext9                         text9        000000
__S0                             (abs)        0029E4
__S1                             (abs)        00009B
__S2                             (abs)        000000
__S4                             (abs)        000000
__S5                             (abs)        000000
___awmod                         text16       002540
___awmod@counter                 cstackCOMRAM 00000A
___awmod@dividend                cstackCOMRAM 000006
___awmod@divisor                 cstackCOMRAM 000008
___awmod@sign                    cstackCOMRAM 00000B
___awtoft                        text7        002880
___awtoft@c                      cstackCOMRAM 000030
___awtoft@sign                   cstackCOMRAM 000033
___ftdiv                         text6        001FE6
___ftdiv@cntr                    cstackCOMRAM 000017
___ftdiv@exp                     cstackCOMRAM 00001B
___ftdiv@f1                      cstackCOMRAM 00000E
___ftdiv@f2                      cstackCOMRAM 000011
___ftdiv@f3                      cstackCOMRAM 000018
___ftdiv@sign                    cstackCOMRAM 00001C
___ftge                          text5        0024CC
___ftge@ff1                      cstackCOMRAM 000006
___ftge@ff2                      cstackCOMRAM 000009
___ftmul                         text14       001EF2
___ftmul@cntr                    cstackCOMRAM 00001B
___ftmul@exp                     cstackCOMRAM 000017
___ftmul@f1                      cstackCOMRAM 00000E
___ftmul@f2                      cstackCOMRAM 000011
___ftmul@f3_as_product           cstackCOMRAM 000018
___ftmul@sign                    cstackCOMRAM 00001C
___ftpack                        text15       002284
___ftpack@arg                    cstackCOMRAM 000006
___ftpack@exp                    cstackCOMRAM 000009
___ftpack@sign                   cstackCOMRAM 00000A
___fttol                         text13       0021B2
___fttol@exp1                    cstackCOMRAM 00002B
___fttol@f1                      cstackCOMRAM 00001D
___fttol@lval                    cstackCOMRAM 000027
___fttol@sign1                   cstackCOMRAM 000026
___inthi_sp                      stack        000000
___intlo_sp                      stack        000000
___lbdiv                         text19       002846
___lbdiv@counter                 cstackCOMRAM 00000C
___lbdiv@dividend                cstackCOMRAM 00000B
___lbdiv@divisor                 cstackCOMRAM 00000A
___lbdiv@quotient                cstackCOMRAM 00000D
___lbmod                         text18       0028B8
___lbmod@counter                 cstackCOMRAM 000008
___lbmod@dividend                cstackCOMRAM 000007
___lbmod@divisor                 cstackCOMRAM 000006
___lbmod@rem                     cstackCOMRAM 000009
___lbtoft                        text4        002934
___lbtoft@c                      cstackCOMRAM 000011
___lldiv                         text11       0023CE
___lldiv@counter                 cstackCOMRAM 00001B
___lldiv@dividend                cstackCOMRAM 00000F
___lldiv@divisor                 cstackCOMRAM 000013
___lldiv@quotient                cstackCOMRAM 000017
___llmod                         text10       0025B0
___llmod@counter                 cstackCOMRAM 00000E
___llmod@dividend                cstackCOMRAM 000006
___llmod@divisor                 cstackCOMRAM 00000A
___lmul                          text3        0026D4
___lmul@multiplicand             cstackCOMRAM 00000A
___lmul@multiplier               cstackCOMRAM 000006
___lmul@product                  cstackCOMRAM 00000E
___param_bank                    (abs)        000000
___rparam_used                   (abs)        000001
___sp                            stack        000000
__accesstop                      (abs)        000060
__activetblptr                   (abs)        000002
__end_of_BorraLCD                text21       0029C6
__end_of_ConfiguraLCD            text28       002970
__end_of_ControlError            text31       00267A
__end_of_DireccionaLCD           text24       0029B2
__end_of_EnviaDato               text25       0027C6
__end_of_EscribeLCD_2Decimales   text12       0024CC
__end_of_EscribeLCD_c            text23       00299C
__end_of_EscribeLCD_n32          text9        0016F8
__end_of_EscribeLCD_n8           text17       0021B2
__end_of_GuardarASCII            text22       00290C
__end_of_HabilitaLCD             text27       0029E4
__end_of_ISR                     intcode_body 001EF2
__end_of_InicializaLCD           text20       0023CE
__end_of_MensajeLCD_Var          text8        002806
__end_of_ModuloOperacion         text1        001BC4
__end_of_OpTeclado               text30       002846
__end_of_RetardoLCD              text26       002780
__end_of___awmod                 text16       0025B0
__end_of___awtoft                text7        0028B8
__end_of___ftdiv                 text6        0020CC
__end_of___ftge                  text5        002540
__end_of___ftmul                 text14       001FE6
__end_of___ftpack                text15       002332
__end_of___fttol                 text13       002284
__end_of___lbdiv                 text19       002880
__end_of___lbmod                 text18       0028E2
__end_of___lbtoft                text4        002958
__end_of___lldiv                 text11       002450
__end_of___llmod                 text10       002616
__end_of___lmul                  text3        00272A
__end_of__initialization         cinit        0026C6
__end_of_abs                     text2        002934
__end_of_main                    text0        001D68
__initialization                 cinit        00267A
__mediumconst                    mediumconst  000000
__pbssCOMRAM                     bssCOMRAM    000053
__pcinit                         cinit        00267A
__pcstackBANK0                   cstackBANK0  000060
__pcstackCOMRAM                  cstackCOMRAM 000001
__pdataBANK0                     dataBANK0    00008B
__pdataCOMRAM                    dataCOMRAM   00003D
__pidataBANK0                    idataBANK0   0029C6
__pidataCOMRAM                   idataCOMRAM  002970
__pintcode                       intcode      000008
__pintcode_body                  intcode_body 001D68
__psmallconst                    smallconst   000800
__ptext0                         text0        001BC4
__ptext1                         text1        0016F8
__ptext10                        text10       0025B0
__ptext11                        text11       0023CE
__ptext12                        text12       002450
__ptext13                        text13       0021B2
__ptext14                        text14       001EF2
__ptext15                        text15       002284
__ptext16                        text16       002540
__ptext17                        text17       0020CC
__ptext18                        text18       0028B8
__ptext19                        text19       002846
__ptext2                         text2        00290C
__ptext20                        text20       002332
__ptext21                        text21       0029B2
__ptext22                        text22       0028E2
__ptext23                        text23       002986
__ptext24                        text24       00299C
__ptext25                        text25       002780
__ptext26                        text26       00272A
__ptext27                        text27       0029D6
__ptext28                        text28       002958
__ptext3                         text3        0026D4
__ptext30                        text30       002806
__ptext31                        text31       002616
__ptext4                         text4        002934
__ptext5                         text5        0024CC
__ptext6                         text6        001FE6
__ptext7                         text7        002880
__ptext8                         text8        0027C6
__ptext9                         text9        000830
__ramtop                         ramtop       000800
__size_of_BorraLCD               (abs)        000000
__size_of_ConfiguraLCD           (abs)        000000
__size_of_ControlError           (abs)        000000
__size_of_DireccionaLCD          (abs)        000000
__size_of_EnviaDato              (abs)        000000
__size_of_EscribeLCD_2Decimales  (abs)        000000
__size_of_EscribeLCD_c           (abs)        000000
__size_of_EscribeLCD_n32         (abs)        000000
__size_of_EscribeLCD_n8          (abs)        000000
__size_of_GuardarASCII           (abs)        000000
__size_of_HabilitaLCD            (abs)        000000
__size_of_ISR                    (abs)        000000
__size_of_InicializaLCD          (abs)        000000
__size_of_MensajeLCD_Var         (abs)        000000
__size_of_ModuloOperacion        (abs)        000000
__size_of_OpTeclado              (abs)        000000
__size_of_RetardoLCD             (abs)        000000
__size_of___awmod                (abs)        000000
__size_of___awtoft               (abs)        000000
__size_of___ftdiv                (abs)        000000
__size_of___ftge                 (abs)        000000
__size_of___ftmul                (abs)        000000
__size_of___ftpack               (abs)        000000
__size_of___fttol                (abs)        000000
__size_of___lbdiv                (abs)        000000
__size_of___lbmod                (abs)        000000
__size_of___lbtoft               (abs)        000000
__size_of___lldiv                (abs)        000000
__size_of___llmod                (abs)        000000
__size_of___lmul                 (abs)        000000
__size_of_abs                    (abs)        000000
__size_of_main                   (abs)        000000
__smallconst                     smallconst   000800
_abs                             text2        00290C
_activado                        bssCOMRAM    000054
_barco                           dataBANK0    00008B
_borrar                          bssCOMRAM    000058
_cereza                          dataBANK0    000093
_cont                            bssCOMRAM    000059
_digitar                         bssCOMRAM    000055
_interfaz                        dataCOMRAM   000042
_limpiar                         bssCOMRAM    000057
_main                            text0        001BC4
_operacion                       dataCOMRAM   00003D
_pacman                          dataCOMRAM   00004B
_pacman2                         dataCOMRAM   000043
_reset                           bssCOMRAM    000053
abs@a                            cstackCOMRAM 00002C
btemp                            temp         00005A
end_of_initialization            cinit        0026C6
int$flags                        temp         00005A
int_func                         intcode_body 001D68
intlevel0                        text         000000
intlevel1                        text         000000
intlevel2                        text         000000
intlevel3                        text         000000
isa$std                          (abs)        000001
isa$xinst                        (abs)        000000
main@i                           cstackCOMRAM 00003C
stackhi                          (abs)        0007FF
stacklo                          (abs)        00009B
start                            init         00000E
start_initialization             cinit        00267A
ttemp5                           temp         00005B
ttemp6                           temp         00005E
ttemp7                           temp         000062
wtemp8                           temp         00005B


MODULE INFORMATION

Module		Function		Class		Link	Load	Size
C:\Program Files\Microchip\xc8\v2.32\pic\sources\c90\common\Umul32.c
		___lmul        		CODE           	26D4	0000	86

C:\Program Files\Microchip\xc8\v2.32\pic\sources\c90\common\Umul32.c estimated size: 86

LibLCDXC8.h
		_EscribeLCD_2Decimales		CODE           	2450	0000	124
		_DireccionaLCD 		CODE           	299C	0000	22
		_InicializaLCD 		CODE           	2332	0000	156
		_EnviaDato     		CODE           	2780	0000	70
		_GuardarASCII  		CODE           	28E2	0000	42
		_MensajeLCD_Var		CODE           	27C6	0000	64
		_EscribeLCD_c  		CODE           	2986	0000	22
		_HabilitaLCD   		CODE           	29D6	0000	14
		_EscribeLCD_n8 		CODE           	20CC	0000	230
		_ConfiguraLCD  		CODE           	2958	0000	24
		_EscribeLCD_n32		CODE           	0830	0000	3784
		_BorraLCD      		CODE           	29B2	0000	20
		_RetardoLCD    		CODE           	272A	0000	86

LibLCDXC8.h estimated size: 4658

C:\Program Files\Microchip\xc8\v2.32\pic\sources\c90\common\lbdiv.c
		___lbdiv       		CODE           	2846	0000	58

C:\Program Files\Microchip\xc8\v2.32\pic\sources\c90\common\lbdiv.c estimated size: 58

C:\Program Files\Microchip\xc8\v2.32\pic\sources\c90\common\ftge.c
		___ftge        		CODE           	24CC	0000	116

C:\Program Files\Microchip\xc8\v2.32\pic\sources\c90\common\ftge.c estimated size: 116

C:\Program Files\Microchip\xc8\v2.32\pic\sources\c90\common\awtoft.c
		___awtoft      		CODE           	2880	0000	56

C:\Program Files\Microchip\xc8\v2.32\pic\sources\c90\common\awtoft.c estimated size: 56

C:\Program Files\Microchip\xc8\v2.32\pic\sources\c90\common\lbtoft.c
		___lbtoft      		CODE           	2934	0000	36

C:\Program Files\Microchip\xc8\v2.32\pic\sources\c90\common\lbtoft.c estimated size: 36

C:\Program Files\Microchip\xc8\v2.32\pic\sources\c90\common\float.c
		___ftpack      		CODE           	2284	0000	174

C:\Program Files\Microchip\xc8\v2.32\pic\sources\c90\common\float.c estimated size: 174

C:\Program Files\Microchip\xc8\v2.32\pic\sources\c90\common\ftmul.c
		___ftmul       		CODE           	1EF2	0000	244

C:\Program Files\Microchip\xc8\v2.32\pic\sources\c90\common\ftmul.c estimated size: 244

C:\Program Files\Microchip\xc8\v2.32\pic\sources\c90\common\awmod.c
		___awmod       		CODE           	2540	0000	112

C:\Program Files\Microchip\xc8\v2.32\pic\sources\c90\common\awmod.c estimated size: 112

C:\Program Files\Microchip\xc8\v2.32\pic\sources\c90\common\ftdiv.c
		___ftdiv       		CODE           	1FE6	0000	230

C:\Program Files\Microchip\xc8\v2.32\pic\sources\c90\common\ftdiv.c estimated size: 230

C:\Program Files\Microchip\xc8\v2.32\pic\sources\c90\common\llmod.c
		___llmod       		CODE           	25B0	0000	102

C:\Program Files\Microchip\xc8\v2.32\pic\sources\c90\common\llmod.c estimated size: 102

C:\Program Files\Microchip\xc8\v2.32\pic\sources\c90\common\abs.c
		_abs           		CODE           	290C	0000	40

C:\Program Files\Microchip\xc8\v2.32\pic\sources\c90\common\abs.c estimated size: 40

shared
		__initialization		CODE           	267A	0000	76

shared estimated size: 76

C:\Program Files\Microchip\xc8\v2.32\pic\sources\c90\common\fttol.c
		___fttol       		CODE           	21B2	0000	210

C:\Program Files\Microchip\xc8\v2.32\pic\sources\c90\common\fttol.c estimated size: 210

Lab4.c
		_ControlError  		CODE           	2616	0000	100
		_ISR           		CODE           	0008	0000	400
		_main          		CODE           	1BC4	0000	420
		_ModuloOperacion		CODE           	16F8	0000	1228
		_OpTeclado     		CODE           	2806	0000	64

Lab4.c estimated size: 2212

C:\Program Files\Microchip\xc8\v2.32\pic\sources\c90\common\lbmod.c
		___lbmod       		CODE           	28B8	0000	42

C:\Program Files\Microchip\xc8\v2.32\pic\sources\c90\common\lbmod.c estimated size: 42

C:\Program Files\Microchip\xc8\v2.32\pic\sources\c90\common\__lldiv.c
		___lldiv       		CODE           	23CE	0000	130

C:\Program Files\Microchip\xc8\v2.32\pic\sources\c90\common\__lldiv.c estimated size: 130

