Microchip MPLAB XC8 Compiler V2.32

Linker command line:

-W-3 --edf=C:\Program Files\Microchip\xc8\v2.32\pic\dat\en_msgs.txt -cn \
  -h+dist/default/production\Parcial2.X.production.sym \
  --cmf=dist/default/production\Parcial2.X.production.cmf -z -Q18F4550 \
  -oC:\Users\andre\AppData\Local\Temp\xcAs5bg.4 \
  -Mdist/default/production/Parcial2.X.production.map -E1 -ver=XC8 Compiler \
  -ASTACK=060h-07FFh -pstack=STACK -ACODE=00h-07FFFh -ACONST=00h-07FFFh \
  -ASMALLCONST=0800h-08FFhx120 -AMEDIUMCONST=0800h-07FFFh -ACOMRAM=01h-05Fh \
  -AABS1=00h-07FFh -ABIGRAM=01h-07FFh -ARAM=060h-0FFh,0100h-01FFhx7 \
  -ABANK0=060h-0FFh -ABANK1=0100h-01FFh -ABANK2=0200h-02FFh \
  -ABANK3=0300h-03FFh -ABANK4=0400h-04FFh -ABANK5=0500h-05FFh \
  -ABANK6=0600h-06FFh -ABANK7=0700h-07FFh -ASFR=0F60h-0FFFh \
  -ACONFIG=0300000h-030000Dh -AIDLOC=0200000h-0200007h \
  -AEEDATA=0F00000h-0F000FFh -peeprom_data=EEDATA \
  -preset_vec=00h,intcode,intcodelo,powerup,init -pramtop=0800h \
  -psmallconst=SMALLCONST -pmediumconst=MEDIUMCONST -pconst=CONST \
  -AFARRAM=00h-00h \
  -prdata=COMRAM,nvrram=COMRAM,nvbit=COMRAM,rbss=COMRAM,rbit=COMRAM \
  -pfarbss=FARRAM,fardata=FARRAM,nvFARRAM=FARRAM \
  -pintsave_regs=BIGRAM,bigbss=BIGRAM,bigdata=BIGRAM -pbss=RAM \
  -pidata=CODE,irdata=CODE,ibigdata=CODE,ifardata=CODE -prparam=COMRAM \
  C:\Users\andre\AppData\Local\Temp\xcAs5bg.obj \
  dist/default/production\Parcial2.X.production.obj 

Object code version is 3.11

Machine type is 18F4550



                Name                               Link     Load   Length Selector   Space Scale
C:\Users\andre\AppData\Local\Temp\xcAs5bg.obj
                idloc                            200000   200000        8        0       5
                config                           300000   300000        E        0       4
                init                                  0        0        4        0       0
dist/default/production\Parcial2.X.production.obj
                idloc                            200000   200000        8        0       5
                config                           300000   300000        E        0       4
                smallconst                          800      800        8      400       0
                text8                               ABE      ABE       20      404       0
                text7                               AFA      AFA        8      404       0
                text6                               AEE      AEE        C      404       0
                text5                               A70      A70       28      404       0
                text4                               9DC      9DC       52      404       0
                text3                               A2E      A2E       42      404       0
                text2                               A98      A98       26      404       0
                text1                               808      808      156      404       0
                text0                               95E      95E       7E      404       0
                cstackCOMRAM                          1        1       17        1       1
                bssCOMRAM                            18       18        3        1       1
                cinit                               ADE      ADE       10      404       0

TOTAL           Name                               Link     Load   Length     Space
        CLASS   STACK          

        CLASS   CODE           
                init                                  0        0        4         0
                text8                               ABE      ABE       20         0
                text7                               AFA      AFA        8         0
                text6                               AEE      AEE        C         0
                text5                               A70      A70       28         0
                text4                               9DC      9DC       52         0
                text3                               A2E      A2E       42         0
                text2                               A98      A98       26         0
                text1                               808      808      156         0
                text0                               95E      95E       7E         0
                cinit                               ADE      ADE       10         0

        CLASS   CONST          

        CLASS   SMALLCONST     
                smallconst                          800      800        8         0

        CLASS   MEDIUMCONST    

        CLASS   COMRAM         
                cstackCOMRAM                          1        1       17         1
                bssCOMRAM                            18       18        3         1

        CLASS   ABS1           

        CLASS   BIGRAM         

        CLASS   RAM            

        CLASS   BANK0          

        CLASS   BANK1          

        CLASS   BANK2          

        CLASS   BANK3          

        CLASS   BANK4          

        CLASS   BANK5          

        CLASS   BANK6          

        CLASS   BANK7          

        CLASS   SFR            

        CLASS   CONFIG         
                config                           300000   300000        E         4

        CLASS   IDLOC          
                idloc                            200000   200000        8         5

        CLASS   EEDATA         

        CLASS   FARRAM         



SEGMENTS        Name                           Load    Length   Top    Selector   Space  Class

                reset_vec                      000000  000004  000004         0       0  CODE    
                cstackCOMRAM                   000001  00001A  00001B         1       1  COMRAM  
                smallconst                     000800  000008  000808       400       0  SMALLCON
                text1                          000808  0002FA  000B02       404       0  CODE    


UNUSED ADDRESS RANGES

        Name                Unused          Largest block    Delta
        BANK0            000060-0000FF               A0
        BANK1            000100-0001FF              100
        BANK2            000200-0002FF              100
        BANK3            000300-0003FF              100
        BANK4            000400-0004FF              100
        BANK5            000500-0005FF              100
        BANK6            000600-0006FF              100
        BANK7            000700-0007FF              100
        BIGRAM           00001B-0007FF              7E5
        CODE             000004-0007FF              7FC
                         000B02-007FFF             74FE
        COMRAM           00001B-00005F               45
        CONST            000004-0007FF              7FC
                         000B02-007FFF             74FE
        EEDATA           F00000-F000FF              100
        MEDIUMCONST      000B02-007FFF             74FE
        RAM              000060-0007FF              100
        SFR              000F60-000FFF               A0
        SMALLCONST       000B02-007FFF              100
        STACK            000060-0007FF              7A0

                                  Symbol Table

?___lwdiv                   cstackCOMRAM 000006
?___lwmod                   cstackCOMRAM 000001
?___wmul                    cstackCOMRAM 000001
Conversion@canal            cstackCOMRAM 000002
Transmitir@BufferT          cstackCOMRAM 000001
TransmitirMensaje@a         cstackCOMRAM 000002
TransmitirNumero@a          cstackCOMRAM 00000D
TransmitirNumero@b          cstackCOMRAM 000011
TransmitirNumero@centena    cstackCOMRAM 00000F
TransmitirNumero@decena     cstackCOMRAM 000014
TransmitirNumero@unidad     cstackCOMRAM 000015
TransmitirNumero@var        cstackCOMRAM 000012
_ADCON0                     (abs)        000FC2
_ADCON1                     (abs)        000FC1
_ADCON2                     (abs)        000FC0
_ADRESH                     (abs)        000FC4
_BAUDCON                    (abs)        000FB8
_Conversion                 text8        000ABE
_GO                         (abs)        007E11
_RCIF                       (abs)        007CF5
_RCREG                      (abs)        000FAE
_RCSTA                      (abs)        000FAB
_Recibir                    text7        000AFA
_SPBRG                      (abs)        000FAF
_TRISA                      (abs)        000F92
_TRISE                      (abs)        000F96
_TRMT                       (abs)        007D61
_TXREG                      (abs)        000FAD
_TXSTA                      (abs)        000FAC
_Transmitir                 text6        000AEE
_TransmitirMensaje          text5        000A70
_TransmitirNumero           text1        000808
_Van                        bssCOMRAM    000018
__HRAM                      (abs)        000000
__Habs1                     abs1         000000
__Hbank0                    bank0        000000
__Hbank1                    bank1        000000
__Hbank2                    bank2        000000
__Hbank3                    bank3        000000
__Hbank4                    bank4        000000
__Hbank5                    bank5        000000
__Hbank6                    bank6        000000
__Hbank7                    bank7        000000
__Hbigbss                   bigbss       000000
__Hbigdata                  bigdata      000000
__Hbigram                   bigram       000000
__Hbss                      bss          000000
__HbssCOMRAM                bssCOMRAM    000000
__Hcinit                    cinit        000000
__Hclrtext                  clrtext      000000
__Hcomram                   comram       000000
__Hconfig                   config       30000E
__Hconst                    const        000000
__HcstackCOMRAM             cstackCOMRAM 000000
__Hdata                     data         000000
__Heeprom_data              eeprom_data  000000
__Hfarbss                   farbss       000000
__Hfardata                  fardata      000000
__Hibigdata                 ibigdata     000000
__Hidata                    idata        000000
__Hidloc                    idloc        200008
__Hifardata                 ifardata     000000
__Hinit                     init         000004
__Hintcode                  intcode      000000
__Hintcode_body             intcode_body 000000
__Hintcodelo                intcodelo    000000
__Hintentry                 intentry     000000
__Hintret                   intret       000000
__Hintsave_regs             intsave_regs 000000
__Hirdata                   irdata       000000
__Hmediumconst              mediumconst  000000
__HnvFARRAM                 nvFARRAM     000000
__Hnvbit                    nvbit        000000
__Hnvrram                   nvrram       000000
__Hparam                    rparam       000000
__Hpowerup                  powerup      000000
__Hram                      ram          000000
__Hramtop                   ramtop       000800
__Hrbit                     rbit         000000
__Hrbss                     rbss         000000
__Hrdata                    rdata        000000
__Hreset_vec                reset_vec    000000
__Hrparam                   rparam       000000
__Hsfr                      sfr          000000
__Hsmallconst               smallconst   000808
__Hspace_0                  (abs)        000B02
__Hspace_1                  (abs)        00001B
__Hspace_2                  (abs)        000000
__Hspace_4                  (abs)        60000E
__Hstack                    stack        000000
__Hstruct                   struct       000000
__Htemp                     temp         000000
__Htext                     text         000000
__Htext0                    text0        000000
__Htext1                    text1        000000
__Htext2                    text2        000000
__Htext3                    text3        000000
__Htext4                    text4        000000
__Htext5                    text5        000000
__Htext6                    text6        000000
__Htext7                    text7        000000
__Htext8                    text8        000000
__LRAM                      (abs)        000001
__Labs1                     abs1         000000
__Lbank0                    bank0        000000
__Lbank1                    bank1        000000
__Lbank2                    bank2        000000
__Lbank3                    bank3        000000
__Lbank4                    bank4        000000
__Lbank5                    bank5        000000
__Lbank6                    bank6        000000
__Lbank7                    bank7        000000
__Lbigbss                   bigbss       000000
__Lbigdata                  bigdata      000000
__Lbigram                   bigram       000000
__Lbss                      bss          000000
__LbssCOMRAM                bssCOMRAM    000000
__Lcinit                    cinit        000000
__Lclrtext                  clrtext      000000
__Lcomram                   comram       000000
__Lconfig                   config       000000
__Lconst                    const        000000
__LcstackCOMRAM             cstackCOMRAM 000000
__Ldata                     data         000000
__Leeprom_data              eeprom_data  000000
__Lfarbss                   farbss       000000
__Lfardata                  fardata      000000
__Libigdata                 ibigdata     000000
__Lidata                    idata        000000
__Lidloc                    idloc        000000
__Lifardata                 ifardata     000000
__Linit                     init         000000
__Lintcode                  intcode      000000
__Lintcode_body             intcode_body 000000
__Lintcodelo                intcodelo    000000
__Lintentry                 intentry     000000
__Lintret                   intret       000000
__Lintsave_regs             intsave_regs 000000
__Lirdata                   irdata       000000
__Lmediumconst              mediumconst  000000
__LnvFARRAM                 nvFARRAM     000000
__Lnvbit                    nvbit        000000
__Lnvrram                   nvrram       000000
__Lparam                    rparam       000000
__Lpowerup                  powerup      000000
__Lram                      ram          000000
__Lramtop                   ramtop       000800
__Lrbit                     rbit         000000
__Lrbss                     rbss         000000
__Lrdata                    rdata        000000
__Lreset_vec                reset_vec    000000
__Lrparam                   rparam       000000
__Lsfr                      sfr          000000
__Lsmallconst               smallconst   000800
__Lspace_0                  (abs)        000000
__Lspace_1                  (abs)        000000
__Lspace_2                  (abs)        000000
__Lspace_4                  (abs)        000000
__Lstack                    stack        000000
__Lstruct                   struct       000000
__Ltemp                     temp         000000
__Ltext                     text         000000
__Ltext0                    text0        000000
__Ltext1                    text1        000000
__Ltext2                    text2        000000
__Ltext3                    text3        000000
__Ltext4                    text4        000000
__Ltext5                    text5        000000
__Ltext6                    text6        000000
__Ltext7                    text7        000000
__Ltext8                    text8        000000
__S0                        (abs)        000B02
__S1                        (abs)        00001B
__S2                        (abs)        000000
__S4                        (abs)        000000
__S5                        (abs)        000000
___inthi_sp                 stack        000000
___intlo_sp                 stack        000000
___lwdiv                    text4        0009DC
___lwdiv@counter            cstackCOMRAM 00000C
___lwdiv@dividend           cstackCOMRAM 000006
___lwdiv@divisor            cstackCOMRAM 000008
___lwdiv@quotient           cstackCOMRAM 00000A
___lwmod                    text3        000A2E
___lwmod@counter            cstackCOMRAM 000005
___lwmod@dividend           cstackCOMRAM 000001
___lwmod@divisor            cstackCOMRAM 000003
___param_bank               (abs)        000000
___rparam_used              (abs)        000001
___sp                       stack        000000
___wmul                     text2        000A98
___wmul@multiplicand        cstackCOMRAM 000003
___wmul@multiplier          cstackCOMRAM 000001
___wmul@product             cstackCOMRAM 000005
__accesstop                 (abs)        000060
__activetblptr              (abs)        000002
__end_of_Conversion         text8        000ADE
__end_of_Recibir            text7        000B02
__end_of_Transmitir         text6        000AFA
__end_of_TransmitirMensaje  text5        000A98
__end_of_TransmitirNumero   text1        00095E
__end_of___lwdiv            text4        000A2E
__end_of___lwmod            text3        000A70
__end_of___wmul             text2        000ABE
__end_of__initialization    cinit        000AE4
__end_of_main               text0        0009DC
__initialization            cinit        000ADE
__mediumconst               mediumconst  000000
__pbssCOMRAM                bssCOMRAM    000018
__pcinit                    cinit        000ADE
__pcstackCOMRAM             cstackCOMRAM 000001
__psmallconst               smallconst   000800
__ptext0                    text0        00095E
__ptext1                    text1        000808
__ptext2                    text2        000A98
__ptext3                    text3        000A2E
__ptext4                    text4        0009DC
__ptext5                    text5        000A70
__ptext6                    text6        000AEE
__ptext7                    text7        000AFA
__ptext8                    text8        000ABE
__ramtop                    ramtop       000800
__size_of_Conversion        (abs)        000000
__size_of_Recibir           (abs)        000000
__size_of_Transmitir        (abs)        000000
__size_of_TransmitirMensaje (abs)        000000
__size_of_TransmitirNumero  (abs)        000000
__size_of___lwdiv           (abs)        000000
__size_of___lwmod           (abs)        000000
__size_of___wmul            (abs)        000000
__size_of_main              (abs)        000000
__smallconst                smallconst   000800
_canal                      bssCOMRAM    00001A
_main                       text0        00095E
end_of_initialization       cinit        000AE4
intlevel0                   text         000000
intlevel1                   text         000000
intlevel2                   text         000000
intlevel3                   text         000000
isa$std                     (abs)        000001
isa$xinst                   (abs)        000000
stackhi                     (abs)        0007FF
stacklo                     (abs)        000060
start                       init         000000
start_initialization        cinit        000ADE


MODULE INFORMATION

Module		Function		Class		Link	Load	Size
Parcial2.c
		_main          		CODE           	095E	0000	126
		_Transmitir    		CODE           	0AEE	0000	12
		_TransmitirNumero		CODE           	0808	0000	342
		_Conversion    		CODE           	0ABE	0000	32
		_TransmitirMensaje		CODE           	0A70	0000	40
		_Recibir       		CODE           	0AFA	0000	8

Parcial2.c estimated size: 560

C:\Program Files\Microchip\xc8\v2.32\pic\sources\c90\common\lwmod.c
		___lwmod       		CODE           	0A2E	0000	66

C:\Program Files\Microchip\xc8\v2.32\pic\sources\c90\common\lwmod.c estimated size: 66

shared
		__initialization		CODE           	0ADE	0000	6

shared estimated size: 6

C:\Program Files\Microchip\xc8\v2.32\pic\sources\c90\common\lwdiv.c
		___lwdiv       		CODE           	09DC	0000	82

C:\Program Files\Microchip\xc8\v2.32\pic\sources\c90\common\lwdiv.c estimated size: 82

C:\Program Files\Microchip\xc8\v2.32\pic\sources\c90\common\Umul16.c
		___wmul        		CODE           	0A98	0000	38

C:\Program Files\Microchip\xc8\v2.32\pic\sources\c90\common\Umul16.c estimated size: 38

