Microchip MPLAB XC8 Compiler V2.32

Linker command line:

-W-3 --edf=C:\Program Files\Microchip\xc8\v2.32\pic\dat\en_msgs.txt -cn \
  -h+dist/default/production\Prueba.X.production.sym \
  --cmf=dist/default/production\Prueba.X.production.cmf -z -Q18F4550 \
  -oC:\Users\andre\AppData\Local\Temp\xcAsdjs.5 \
  -Mdist/default/production/Prueba.X.production.map -E1 -ver=XC8 Compiler \
  -ASTACK=060h-07FFh -pstack=STACK -ACODE=00h-07FFFh -ACONST=00h-07FFFh \
  -ASMALLCONST=0800h-08FFhx120 -AMEDIUMCONST=0800h-07FFFh -ACOMRAM=01h-05Fh \
  -AABS1=00h-07FFh -ABIGRAM=01h-07FFh -ARAM=060h-0FFh,0100h-01FFhx7 \
  -ABANK0=060h-0FFh -ABANK1=0100h-01FFh -ABANK2=0200h-02FFh \
  -ABANK3=0300h-03FFh -ABANK4=0400h-04FFh -ABANK5=0500h-05FFh \
  -ABANK6=0600h-06FFh -ABANK7=0700h-07FFh -ASFR=0F60h-0FFFh \
  -ACONFIG=0300000h-030000Dh -AIDLOC=0200000h-0200007h \
  -AEEDATA=0F00000h-0F000FFh -peeprom_data=EEDATA \
  -preset_vec=00h,intcode=08h,intcodelo,powerup,init -pramtop=0800h \
  -psmallconst=SMALLCONST -pmediumconst=MEDIUMCONST -pconst=CONST \
  -AFARRAM=00h-00h \
  -prdata=COMRAM,nvrram=COMRAM,nvbit=COMRAM,rbss=COMRAM,rbit=COMRAM \
  -pfarbss=FARRAM,fardata=FARRAM,nvFARRAM=FARRAM \
  -pintsave_regs=BIGRAM,bigbss=BIGRAM,bigdata=BIGRAM -pbss=RAM \
  -pidata=CODE,irdata=CODE,ibigdata=CODE,ifardata=CODE -prparam=COMRAM \
  C:\Users\andre\AppData\Local\Temp\xcAsdjs.obj \
  dist/default/production\Prueba.X.production.obj 

Object code version is 3.11

Machine type is 18F4550



                Name                               Link     Load   Length Selector   Space Scale
C:\Users\andre\AppData\Local\Temp\xcAsdjs.obj
                idloc                            200000   200000        8        0       5
                config                           300000   300000        E        0       4
                init                                  E        E        4        4       0
                reset_vec                             0        0        4        0       0
dist/default/production\Prueba.X.production.obj
                intcode                               8        8        6        4       0
                idloc                            200000   200000        8        0       5
                config                           300000   300000        E        0       4
                temp                                 4A       4A        1        1       1
                smallconst                          800      800       60      400       0
                intcode_body                       1326     1326       1E      430       0
                text21                             1344     1344       18      430       0
                text20                             1300     1300       26      430       0
                text19                             139C     139C        E      430       0
                text18                             113C     113C       66      430       0
                text17                             11A2     11A2       46      430       0
                text16                             1372     1372       16      430       0
                text15                             135C     135C       16      430       0
                text14                             11E8     11E8       3A      430       0
                text13                             1286     1286       2A      430       0
                text12                              D4E      D4E       E6      430       0
                text11                             10CC     10CC       70      430       0
                text10                              F06      F06       AE      430       0
                text9                               B74      B74       F4      430       0
                text8                               E34      E34       D2      430       0
                text7                              1050     1050       7C      430       0
                text6                              1388     1388       14      430       0
                text5                               FB4      FB4       9C      430       0
                text4                              12D8     12D8       28      430       0
                text3                              1222     1222       38      430       0
                text2                               C68      C68       E6      430       0
                text1                              12B0     12B0       28      430       0
                text0                               860      860      314      430       0
                cstackCOMRAM                          1        1       30        1       1
                dataCOMRAM                           49       49        1        1       1
                bssCOMRAM                            31       31       18        1       1
                cinit                              125A     125A       2C      430       0
                idataCOMRAM                        13AA     13AA        1      430       0

TOTAL           Name                               Link     Load   Length     Space
        CLASS   STACK          

        CLASS   CODE           
                intcode                               8        8        6         0
                init                                  E        E        4         0
                reset_vec                             0        0        4         0
                intcode_body                       1326     1326       1E         0
                text21                             1344     1344       18         0
                text20                             1300     1300       26         0
                text19                             139C     139C        E         0
                text18                             113C     113C       66         0
                text17                             11A2     11A2       46         0
                text16                             1372     1372       16         0
                text15                             135C     135C       16         0
                text14                             11E8     11E8       3A         0
                text13                             1286     1286       2A         0
                text12                              D4E      D4E       E6         0
                text11                             10CC     10CC       70         0
                text10                              F06      F06       AE         0
                text9                               B74      B74       F4         0
                text8                               E34      E34       D2         0
                text7                              1050     1050       7C         0
                text6                              1388     1388       14         0
                text5                               FB4      FB4       9C         0
                text4                              12D8     12D8       28         0
                text3                              1222     1222       38         0
                text2                               C68      C68       E6         0
                text1                              12B0     12B0       28         0
                text0                               860      860      314         0
                cinit                              125A     125A       2C         0
                idataCOMRAM                        13AA     13AA        1         0

        CLASS   CONST          

        CLASS   SMALLCONST     
                smallconst                          800      800       60         0

        CLASS   MEDIUMCONST    

        CLASS   COMRAM         
                temp                                 4A       4A        1         1
                cstackCOMRAM                          1        1       30         1
                dataCOMRAM                           49       49        1         1
                bssCOMRAM                            31       31       18         1

        CLASS   ABS1           

        CLASS   BIGRAM         

        CLASS   RAM            

        CLASS   BANK0          

        CLASS   BANK1          

        CLASS   BANK2          

        CLASS   BANK3          

        CLASS   BANK4          

        CLASS   BANK5          

        CLASS   BANK6          

        CLASS   BANK7          

        CLASS   SFR            

        CLASS   CONFIG         
                config                           300000   300000        E         4

        CLASS   IDLOC          
                idloc                            200000   200000        8         5

        CLASS   EEDATA         

        CLASS   FARRAM         



SEGMENTS        Name                           Load    Length   Top    Selector   Space  Class

                reset_vec                      000000  000004  000004         0       0  CODE    
                cstackCOMRAM                   000001  00004A  00004B         1       1  COMRAM  
                intcode                        000008  00000A  000012         4       0  CODE    
                smallconst                     000800  000060  000860       400       0  SMALLCON
                text0                          000860  000B4B  0013AB       430       0  CODE    


UNUSED ADDRESS RANGES

        Name                Unused          Largest block    Delta
        BANK0            000060-0000FF               A0
        BANK1            000100-0001FF              100
        BANK2            000200-0002FF              100
        BANK3            000300-0003FF              100
        BANK4            000400-0004FF              100
        BANK5            000500-0005FF              100
        BANK6            000600-0006FF              100
        BANK7            000700-0007FF              100
        BIGRAM           00004B-0007FF              7B5
        CODE             000004-000007                4
                         000012-0007FF              7EE
                         0013AB-007FFF             6C55
        COMRAM           00004B-00005F               15
        CONST            000004-000007                4
                         000012-0007FF              7EE
                         0013AB-007FFF             6C55
        EEDATA           F00000-F000FF              100
        MEDIUMCONST      0013AB-007FFF             6C55
        RAM              000060-0007FF              100
        SFR              000F60-000FFF               A0
        SMALLCONST       0013AB-007FFF              100
        STACK            000060-0007FF              7A0

                                  Symbol Table

?_Conversion                     cstackCOMRAM 000001
?___awmod                        cstackCOMRAM 000001
?___awtoft                       cstackCOMRAM 00002B
?___ftdiv                        cstackCOMRAM 000018
?___ftmul                        cstackCOMRAM 000009
?___ftpack                       cstackCOMRAM 000001
?___fttol                        cstackCOMRAM 000018
?_abs                            cstackCOMRAM 000027
ConfiguraLCD@a                   cstackCOMRAM 000001
Conversion@canal                 cstackCOMRAM 000004
DireccionaLCD@a                  cstackCOMRAM 000005
EnviaDato@a                      cstackCOMRAM 000004
EscribeLCD_2Decimales@a          cstackCOMRAM 000027
EscribeLCD_2Decimales@decimalesP cstackCOMRAM 00002C
EscribeLCD_2Decimales@num        cstackCOMRAM 00002A
EscribeLCD_2Decimales@unidad     cstackCOMRAM 00002D
EscribeLCD_c@a                   cstackCOMRAM 000005
EscribeLCD_n8@a                  cstackCOMRAM 00000D
EscribeLCD_n8@b                  cstackCOMRAM 000009
EscribeLCD_n8@centena            cstackCOMRAM 00000A
EscribeLCD_n8@decena             cstackCOMRAM 00000B
EscribeLCD_n8@unidad             cstackCOMRAM 00000C
MensajeLCD_Var@a                 cstackCOMRAM 000006
RetardoLCD@a                     cstackCOMRAM 000002
_ADCON0                          (abs)        000FC2
_ADCON1                          (abs)        000FC1
_ADCON2                          (abs)        000FC0
_ADRES                           (abs)        000FC3
_BAUDCON                         (abs)        000FB8
_BorraLCD                        text6        001388
_ConfiguraLCD                    text21       001344
_Conversion                      text20       001300
_DireccionaLCD                   text16       001372
_EnviaDato                       text17       0011A2
_EscribeLCD_2Decimales           text7        001050
_EscribeLCD_c                    text15       00135C
_EscribeLCD_n8                   text12       000D4E
_GIE                             (abs)        007F97
_GO                              (abs)        007E11
_HabilitaLCD                     text19       00139C
_IRCF0                           (abs)        007E9C
_IRCF1                           (abs)        007E9D
_ISR                             intcode      000008
_InicializaLCD                   text5        000FB4
_LATB                            (abs)        000F8A
_LATD                            (abs)        000F8C
_LATD1                           (abs)        007C61
_LATD2                           (abs)        007C62
_LATD3                           (abs)        007C63
_LecturaDS                       bssCOMRAM    000048
_MensajeLCD_Var                  text4        0012D8
_PEIE                            (abs)        007F96
_RBIF                            (abs)        007F90
_RCSTA                           (abs)        000FAB
_RetardoLCD                      text18       00113C
_SPBRG                           (abs)        000FAF
_T0CON                           (abs)        000FD5
_TMR0                            (abs)        000FD6
_TMR0IE                          (abs)        007F95
_TMR0IF                          (abs)        007F92
_TRISB                           (abs)        000F93
_TRISD                           (abs)        000F95
_TRISE0                          (abs)        007CB0
_TRISE1                          (abs)        007CB1
_TXSTA                           (abs)        000FAC
_TempAn0                         bssCOMRAM    000043
_TempCelsius                     bssCOMRAM    000045
_Van0                            bssCOMRAM    000040
_Van1                            bssCOMRAM    00003D
_Van2                            bssCOMRAM    00003A
_VoltAn0                         bssCOMRAM    000034
_VoltAn1                         bssCOMRAM    000037
_VoltAn2                         bssCOMRAM    000031
__HRAM                           (abs)        000000
__Habs1                          abs1         000000
__Hbank0                         bank0        000000
__Hbank1                         bank1        000000
__Hbank2                         bank2        000000
__Hbank3                         bank3        000000
__Hbank4                         bank4        000000
__Hbank5                         bank5        000000
__Hbank6                         bank6        000000
__Hbank7                         bank7        000000
__Hbigbss                        bigbss       000000
__Hbigdata                       bigdata      000000
__Hbigram                        bigram       000000
__Hbss                           bss          000000
__HbssCOMRAM                     bssCOMRAM    000000
__Hcinit                         cinit        000000
__Hclrtext                       clrtext      000000
__Hcomram                        comram       000000
__Hconfig                        config       30000E
__Hconst                         const        000000
__HcstackCOMRAM                  cstackCOMRAM 000000
__Hdata                          data         000000
__HdataCOMRAM                    dataCOMRAM   000000
__Heeprom_data                   eeprom_data  000000
__Hfarbss                        farbss       000000
__Hfardata                       fardata      000000
__Hibigdata                      ibigdata     000000
__Hidata                         idata        000000
__HidataCOMRAM                   idataCOMRAM  000000
__Hidloc                         idloc        200008
__Hifardata                      ifardata     000000
__Hinit                          init         000012
__Hintcode                       intcode      00000E
__Hintcode_body                  intcode_body 000000
__Hintcodelo                     intcodelo    00000E
__Hintentry                      intentry     000000
__Hintret                        intret       000000
__Hintsave_regs                  intsave_regs 000000
__Hirdata                        irdata       000000
__Hmediumconst                   mediumconst  000000
__HnvFARRAM                      nvFARRAM     000000
__Hnvbit                         nvbit        000000
__Hnvrram                        nvrram       000000
__Hparam                         rparam       000000
__Hpowerup                       powerup      00000E
__Hram                           ram          000000
__Hramtop                        ramtop       000800
__Hrbit                          rbit         000000
__Hrbss                          rbss         000000
__Hrdata                         rdata        000000
__Hreset_vec                     reset_vec    000004
__Hrparam                        rparam       000000
__Hsfr                           sfr          000000
__Hsmallconst                    smallconst   000860
__Hspace_0                       (abs)        0013AB
__Hspace_1                       (abs)        00004B
__Hspace_2                       (abs)        000000
__Hspace_4                       (abs)        60000E
__Hstack                         stack        000000
__Hstruct                        struct       000000
__Htemp                          temp         00004B
__Htext                          text         000000
__Htext0                         text0        000000
__Htext1                         text1        000000
__Htext10                        text10       000000
__Htext11                        text11       000000
__Htext12                        text12       000000
__Htext13                        text13       000000
__Htext14                        text14       000000
__Htext15                        text15       000000
__Htext16                        text16       000000
__Htext17                        text17       000000
__Htext18                        text18       000000
__Htext19                        text19       000000
__Htext2                         text2        000000
__Htext20                        text20       000000
__Htext21                        text21       000000
__Htext3                         text3        000000
__Htext4                         text4        000000
__Htext5                         text5        000000
__Htext6                         text6        000000
__Htext7                         text7        000000
__Htext8                         text8        000000
__Htext9                         text9        000000
__LRAM                           (abs)        000001
__Labs1                          abs1         000000
__Lbank0                         bank0        000000
__Lbank1                         bank1        000000
__Lbank2                         bank2        000000
__Lbank3                         bank3        000000
__Lbank4                         bank4        000000
__Lbank5                         bank5        000000
__Lbank6                         bank6        000000
__Lbank7                         bank7        000000
__Lbigbss                        bigbss       000000
__Lbigdata                       bigdata      000000
__Lbigram                        bigram       000000
__Lbss                           bss          000000
__LbssCOMRAM                     bssCOMRAM    000000
__Lcinit                         cinit        000000
__Lclrtext                       clrtext      000000
__Lcomram                        comram       000000
__Lconfig                        config       000000
__Lconst                         const        000000
__LcstackCOMRAM                  cstackCOMRAM 000000
__Ldata                          data         000000
__LdataCOMRAM                    dataCOMRAM   000000
__Leeprom_data                   eeprom_data  000000
__Lfarbss                        farbss       000000
__Lfardata                       fardata      000000
__Libigdata                      ibigdata     000000
__Lidata                         idata        000000
__LidataCOMRAM                   idataCOMRAM  000000
__Lidloc                         idloc        000000
__Lifardata                      ifardata     000000
__Linit                          init         00000E
__Lintcode                       intcode      000008
__Lintcode_body                  intcode_body 000000
__Lintcodelo                     intcodelo    00000E
__Lintentry                      intentry     000000
__Lintret                        intret       000000
__Lintsave_regs                  intsave_regs 000000
__Lirdata                        irdata       000000
__Lmediumconst                   mediumconst  000000
__LnvFARRAM                      nvFARRAM     000000
__Lnvbit                         nvbit        000000
__Lnvrram                        nvrram       000000
__Lparam                         rparam       000000
__Lpowerup                       powerup      00000E
__Lram                           ram          000000
__Lramtop                        ramtop       000800
__Lrbit                          rbit         000000
__Lrbss                          rbss         000000
__Lrdata                         rdata        000000
__Lreset_vec                     reset_vec    000000
__Lrparam                        rparam       000000
__Lsfr                           sfr          000000
__Lsmallconst                    smallconst   000800
__Lspace_0                       (abs)        000000
__Lspace_1                       (abs)        000000
__Lspace_2                       (abs)        000000
__Lspace_4                       (abs)        000000
__Lstack                         stack        000000
__Lstruct                        struct       000000
__Ltemp                          temp         00004A
__Ltext                          text         000000
__Ltext0                         text0        000000
__Ltext1                         text1        000000
__Ltext10                        text10       000000
__Ltext11                        text11       000000
__Ltext12                        text12       000000
__Ltext13                        text13       000000
__Ltext14                        text14       000000
__Ltext15                        text15       000000
__Ltext16                        text16       000000
__Ltext17                        text17       000000
__Ltext18                        text18       000000
__Ltext19                        text19       000000
__Ltext2                         text2        000000
__Ltext20                        text20       000000
__Ltext21                        text21       000000
__Ltext3                         text3        000000
__Ltext4                         text4        000000
__Ltext5                         text5        000000
__Ltext6                         text6        000000
__Ltext7                         text7        000000
__Ltext8                         text8        000000
__Ltext9                         text9        000000
__S0                             (abs)        0013AB
__S1                             (abs)        00004B
__S2                             (abs)        000000
__S4                             (abs)        000000
__S5                             (abs)        000000
___awmod                         text11       0010CC
___awmod@counter                 cstackCOMRAM 000005
___awmod@dividend                cstackCOMRAM 000001
___awmod@divisor                 cstackCOMRAM 000003
___awmod@sign                    cstackCOMRAM 000006
___awtoft                        text3        001222
___awtoft@c                      cstackCOMRAM 00002B
___awtoft@sign                   cstackCOMRAM 00002E
___ftdiv                         text2        000C68
___ftdiv@cntr                    cstackCOMRAM 000021
___ftdiv@exp                     cstackCOMRAM 000025
___ftdiv@f1                      cstackCOMRAM 000018
___ftdiv@f2                      cstackCOMRAM 00001B
___ftdiv@f3                      cstackCOMRAM 000022
___ftdiv@sign                    cstackCOMRAM 000026
___ftmul                         text9        000B74
___ftmul@cntr                    cstackCOMRAM 000016
___ftmul@exp                     cstackCOMRAM 000012
___ftmul@f1                      cstackCOMRAM 000009
___ftmul@f2                      cstackCOMRAM 00000C
___ftmul@f3_as_product           cstackCOMRAM 000013
___ftmul@sign                    cstackCOMRAM 000017
___ftpack                        text10       000F06
___ftpack@arg                    cstackCOMRAM 000001
___ftpack@exp                    cstackCOMRAM 000004
___ftpack@sign                   cstackCOMRAM 000005
___fttol                         text8        000E34
___fttol@exp1                    cstackCOMRAM 000026
___fttol@f1                      cstackCOMRAM 000018
___fttol@lval                    cstackCOMRAM 000022
___fttol@sign1                   cstackCOMRAM 000021
___inthi_sp                      stack        000000
___intlo_sp                      stack        000000
___lbdiv                         text14       0011E8
___lbdiv@counter                 cstackCOMRAM 000007
___lbdiv@dividend                cstackCOMRAM 000006
___lbdiv@divisor                 cstackCOMRAM 000005
___lbdiv@quotient                cstackCOMRAM 000008
___lbmod                         text13       001286
___lbmod@counter                 cstackCOMRAM 000003
___lbmod@dividend                cstackCOMRAM 000002
___lbmod@divisor                 cstackCOMRAM 000001
___lbmod@rem                     cstackCOMRAM 000004
___param_bank                    (abs)        000000
___rparam_used                   (abs)        000001
___sp                            stack        000000
__accesstop                      (abs)        000060
__activetblptr                   (abs)        000002
__end_of_BorraLCD                text6        00139C
__end_of_ConfiguraLCD            text21       00135C
__end_of_Conversion              text20       001326
__end_of_DireccionaLCD           text16       001388
__end_of_EnviaDato               text17       0011E8
__end_of_EscribeLCD_2Decimales   text7        0010CC
__end_of_EscribeLCD_c            text15       001372
__end_of_EscribeLCD_n8           text12       000E34
__end_of_HabilitaLCD             text19       0013AA
__end_of_ISR                     intcode_body 001344
__end_of_InicializaLCD           text5        001050
__end_of_MensajeLCD_Var          text4        001300
__end_of_RetardoLCD              text18       0011A2
__end_of___awmod                 text11       00113C
__end_of___awtoft                text3        00125A
__end_of___ftdiv                 text2        000D4E
__end_of___ftmul                 text9        000C68
__end_of___ftpack                text10       000FB4
__end_of___fttol                 text8        000F06
__end_of___lbdiv                 text14       001222
__end_of___lbmod                 text13       0012B0
__end_of__initialization         cinit        001278
__end_of_abs                     text1        0012D8
__end_of_main                    text0        000B74
__initialization                 cinit        00125A
__mediumconst                    mediumconst  000000
__pbssCOMRAM                     bssCOMRAM    000031
__pcinit                         cinit        00125A
__pcstackCOMRAM                  cstackCOMRAM 000001
__pdataCOMRAM                    dataCOMRAM   000049
__pidataCOMRAM                   idataCOMRAM  0013AA
__pintcode                       intcode      000008
__pintcode_body                  intcode_body 001326
__psmallconst                    smallconst   000800
__ptext0                         text0        000860
__ptext1                         text1        0012B0
__ptext10                        text10       000F06
__ptext11                        text11       0010CC
__ptext12                        text12       000D4E
__ptext13                        text13       001286
__ptext14                        text14       0011E8
__ptext15                        text15       00135C
__ptext16                        text16       001372
__ptext17                        text17       0011A2
__ptext18                        text18       00113C
__ptext19                        text19       00139C
__ptext2                         text2        000C68
__ptext20                        text20       001300
__ptext21                        text21       001344
__ptext3                         text3        001222
__ptext4                         text4        0012D8
__ptext5                         text5        000FB4
__ptext6                         text6        001388
__ptext7                         text7        001050
__ptext8                         text8        000E34
__ptext9                         text9        000B74
__ramtop                         ramtop       000800
__size_of_BorraLCD               (abs)        000000
__size_of_ConfiguraLCD           (abs)        000000
__size_of_Conversion             (abs)        000000
__size_of_DireccionaLCD          (abs)        000000
__size_of_EnviaDato              (abs)        000000
__size_of_EscribeLCD_2Decimales  (abs)        000000
__size_of_EscribeLCD_c           (abs)        000000
__size_of_EscribeLCD_n8          (abs)        000000
__size_of_HabilitaLCD            (abs)        000000
__size_of_ISR                    (abs)        000000
__size_of_InicializaLCD          (abs)        000000
__size_of_MensajeLCD_Var         (abs)        000000
__size_of_RetardoLCD             (abs)        000000
__size_of___awmod                (abs)        000000
__size_of___awtoft               (abs)        000000
__size_of___ftdiv                (abs)        000000
__size_of___ftmul                (abs)        000000
__size_of___ftpack               (abs)        000000
__size_of___fttol                (abs)        000000
__size_of___lbdiv                (abs)        000000
__size_of___lbmod                (abs)        000000
__size_of_abs                    (abs)        000000
__size_of_main                   (abs)        000000
__smallconst                     smallconst   000800
_abs                             text1        0012B0
_interfaz                        dataCOMRAM   000049
_main                            text0        000860
_val                             bssCOMRAM    000047
abs@a                            cstackCOMRAM 000027
btemp                            temp         00004A
end_of_initialization            cinit        001278
int$flags                        temp         00004A
int_func                         intcode_body 001326
intlevel0                        text         000000
intlevel1                        text         000000
intlevel2                        text         000000
intlevel3                        text         000000
isa$std                          (abs)        000001
isa$xinst                        (abs)        000000
stackhi                          (abs)        0007FF
stacklo                          (abs)        000060
start                            init         00000E
start_initialization             cinit        00125A
ttemp5                           temp         00004B
ttemp6                           temp         00004E
ttemp7                           temp         000052
wtemp8                           temp         00004B


MODULE INFORMATION

Module		Function		Class		Link	Load	Size
Prueba.c
		_ISR           		CODE           	0008	0000	36
		_main          		CODE           	0860	0000	788
		_Conversion    		CODE           	1300	0000	38

Prueba.c estimated size: 862

LibLCDXC8.h
		_EscribeLCD_2Decimales		CODE           	1050	0000	124
		_DireccionaLCD 		CODE           	1372	0000	22
		_InicializaLCD 		CODE           	0FB4	0000	156
		_EnviaDato     		CODE           	11A2	0000	70
		_MensajeLCD_Var		CODE           	12D8	0000	40
		_EscribeLCD_c  		CODE           	135C	0000	22
		_HabilitaLCD   		CODE           	139C	0000	14
		_EscribeLCD_n8 		CODE           	0D4E	0000	230
		_ConfiguraLCD  		CODE           	1344	0000	24
		_BorraLCD      		CODE           	1388	0000	20
		_RetardoLCD    		CODE           	113C	0000	102

LibLCDXC8.h estimated size: 824

C:\Program Files\Microchip\xc8\v2.32\pic\sources\c90\common\lbdiv.c
		___lbdiv       		CODE           	11E8	0000	58

C:\Program Files\Microchip\xc8\v2.32\pic\sources\c90\common\lbdiv.c estimated size: 58

C:\Program Files\Microchip\xc8\v2.32\pic\sources\c90\common\awtoft.c
		___awtoft      		CODE           	1222	0000	56

C:\Program Files\Microchip\xc8\v2.32\pic\sources\c90\common\awtoft.c estimated size: 56

C:\Program Files\Microchip\xc8\v2.32\pic\sources\c90\common\float.c
		___ftpack      		CODE           	0F06	0000	174

C:\Program Files\Microchip\xc8\v2.32\pic\sources\c90\common\float.c estimated size: 174

C:\Program Files\Microchip\xc8\v2.32\pic\sources\c90\common\ftmul.c
		___ftmul       		CODE           	0B74	0000	244

C:\Program Files\Microchip\xc8\v2.32\pic\sources\c90\common\ftmul.c estimated size: 244

C:\Program Files\Microchip\xc8\v2.32\pic\sources\c90\common\awmod.c
		___awmod       		CODE           	10CC	0000	112

C:\Program Files\Microchip\xc8\v2.32\pic\sources\c90\common\awmod.c estimated size: 112

C:\Program Files\Microchip\xc8\v2.32\pic\sources\c90\common\ftdiv.c
		___ftdiv       		CODE           	0C68	0000	230

C:\Program Files\Microchip\xc8\v2.32\pic\sources\c90\common\ftdiv.c estimated size: 230

C:\Program Files\Microchip\xc8\v2.32\pic\sources\c90\common\abs.c
		_abs           		CODE           	12B0	0000	40

C:\Program Files\Microchip\xc8\v2.32\pic\sources\c90\common\abs.c estimated size: 40

shared
		__initialization		CODE           	125A	0000	30

shared estimated size: 30

C:\Program Files\Microchip\xc8\v2.32\pic\sources\c90\common\fttol.c
		___fttol       		CODE           	0E34	0000	210

C:\Program Files\Microchip\xc8\v2.32\pic\sources\c90\common\fttol.c estimated size: 210

C:\Program Files\Microchip\xc8\v2.32\pic\sources\c90\common\lbmod.c
		___lbmod       		CODE           	1286	0000	42

C:\Program Files\Microchip\xc8\v2.32\pic\sources\c90\common\lbmod.c estimated size: 42

