Microchip MPLAB XC8 Compiler V2.32

Linker command line:

-W-3 --edf=C:\Program Files\Microchip\xc8\v2.32\pic\dat\en_msgs.txt -cn \
  -h+dist/default/production\ProyectoControl.X.production.sym \
  --cmf=dist/default/production\ProyectoControl.X.production.cmf -z \
  -Q18F4550 -oC:\Users\andre\AppData\Local\Temp\xcAsrk.4 \
  -Mdist/default/production/ProyectoControl.X.production.map -E1 \
  -ver=XC8 Compiler -ASTACK=088h-07FFh -pstack=STACK -ACODE=00h-07FFFh \
  -ACONST=00h-07FFFh -ASMALLCONST=0800h-08FFhx120 \
  -AMEDIUMCONST=0800h-07FFFh -ACOMRAM=01h-05Fh -AABS1=00h-07FFh \
  -ABIGRAM=01h-07FFh -ARAM=060h-0FFh,0100h-01FFhx7 -ABANK0=060h-0FFh \
  -ABANK1=0100h-01FFh -ABANK2=0200h-02FFh -ABANK3=0300h-03FFh \
  -ABANK4=0400h-04FFh -ABANK5=0500h-05FFh -ABANK6=0600h-06FFh \
  -ABANK7=0700h-07FFh -ASFR=0F60h-0FFFh -ACONFIG=0300000h-030000Dh \
  -AIDLOC=0200000h-0200007h -AEEDATA=0F00000h-0F000FFh -peeprom_data=EEDATA \
  -preset_vec=00h,intcode=08h,intcodelo,powerup,init -pramtop=0800h \
  -psmallconst=SMALLCONST -pmediumconst=MEDIUMCONST -pconst=CONST \
  -AFARRAM=00h-00h \
  -prdata=COMRAM,nvrram=COMRAM,nvbit=COMRAM,rbss=COMRAM,rbit=COMRAM \
  -pfarbss=FARRAM,fardata=FARRAM,nvFARRAM=FARRAM \
  -pintsave_regs=BIGRAM,bigbss=BIGRAM,bigdata=BIGRAM -pbss=RAM \
  -pidata=CODE,irdata=CODE,ibigdata=CODE,ifardata=CODE -prparam=COMRAM \
  C:\Users\andre\AppData\Local\Temp\xcAsrk.obj \
  dist/default/production\ProyectoControl.X.production.obj 

Object code version is 3.11

Machine type is 18F4550



                Name                               Link     Load   Length Selector   Space Scale
C:\Users\andre\AppData\Local\Temp\xcAsrk.obj
                idloc                            200000   200000        8        0       5
                config                           300000   300000        E        0       4
                init                                  E        E        4        4       0
                reset_vec                             0        0        4        0       0
dist/default/production\ProyectoControl.X.production.obj
                intcode                               8        8        6        4       0
                idloc                            200000   200000        8        0       5
                config                           300000   300000        E        0       4
                temp                                 34       34        1        1       1
                smallconst                          800      800       36      400       0
                text32                             1454     1454       AE      41B       0
                text31                             1046     1046       F4      41B       0
                text30                             1220     1220       D2      41B       0
                text29                             1936     1936       24      41B       0
                text28                             1502     1502       AC      41B       0
                text27                             1A18     1A18        8      41B       0
                text26                             19F2     19F2        E      41B       0
                text25                             172C     172C       66      41B       0
                text24                             17DE     17DE       46      41B       0
                text23                             19D0     19D0       14      41B       0
                text22                             19A6     19A6       16      41B       0
                text21                             18E8     18E8       28      41B       0
                text20                             1A0C     1A0C        C      41B       0
                intcode_body                       12F2     12F2       B4      41B       0
                text18                             195A     195A       1C      41B       0
                text17                             18BE     18BE       2A      41B       0
                text16                             19E4     19E4        E      41B       0
                text15                             16BE     16BE       6E      41B       0
                text14                             1792     1792       4C      41B       0
                text13                             198E     198E       18      41B       0
                text12                             19BC     19BC       14      41B       0
                text11                             1A00     1A00        C      41B       0
                text10                             13A6     13A6       AE      41B       0
                text9                              113A     113A       E6      41B       0
                text8                              164A     164A       74      41B       0
                text7                               836      836      490      41B       0
                text6                              15AE     15AE       9C      41B       0
                text5                              1976     1976       18      41B       0
                text4                              1894     1894       2A      41B       0
                text3                               E9E      E9E      1A8      41B       0
                text2                              1824     1824       40      41B       0
                text1                              1910     1910       26      41B       0
                text0                               CC6      CC6      1D8      41B       0
                cstackCOMRAM                          1        1       31        1       1
                cstackBANK0                          60       60       22       60       1
                bssBANK0                             82       82        6       60       1
                dataCOMRAM                           33       33        1        1       1
                bssCOMRAM                            32       32        1        1       1
                cinit                              1864     1864       30      41B       0
                idataCOMRAM                        1A20     1A20        1      41B       0

TOTAL           Name                               Link     Load   Length     Space
        CLASS   STACK          

        CLASS   CODE           
                intcode                               8        8        6         0
                init                                  E        E        4         0
                reset_vec                             0        0        4         0
                text32                             1454     1454       AE         0
                text31                             1046     1046       F4         0
                text30                             1220     1220       D2         0
                text29                             1936     1936       24         0
                text28                             1502     1502       AC         0
                text27                             1A18     1A18        8         0
                text26                             19F2     19F2        E         0
                text25                             172C     172C       66         0
                text24                             17DE     17DE       46         0
                text23                             19D0     19D0       14         0
                text22                             19A6     19A6       16         0
                text21                             18E8     18E8       28         0
                text20                             1A0C     1A0C        C         0
                intcode_body                       12F2     12F2       B4         0
                text18                             195A     195A       1C         0
                text17                             18BE     18BE       2A         0
                text16                             19E4     19E4        E         0
                text15                             16BE     16BE       6E         0
                text14                             1792     1792       4C         0
                text13                             198E     198E       18         0
                text12                             19BC     19BC       14         0
                text11                             1A00     1A00        C         0
                text10                             13A6     13A6       AE         0
                text9                              113A     113A       E6         0
                text8                              164A     164A       74         0
                text7                               836      836      490         0
                text6                              15AE     15AE       9C         0
                text5                              1976     1976       18         0
                text4                              1894     1894       2A         0
                text3                               E9E      E9E      1A8         0
                text2                              1824     1824       40         0
                text1                              1910     1910       26         0
                text0                               CC6      CC6      1D8         0
                cinit                              1864     1864       30         0
                idataCOMRAM                        1A20     1A20        1         0

        CLASS   CONST          

        CLASS   SMALLCONST     
                smallconst                          800      800       36         0

        CLASS   MEDIUMCONST    

        CLASS   COMRAM         
                temp                                 34       34        1         1
                cstackCOMRAM                          1        1       31         1
                dataCOMRAM                           33       33        1         1
                bssCOMRAM                            32       32        1         1

        CLASS   ABS1           

        CLASS   BIGRAM         

        CLASS   RAM            

        CLASS   BANK0          
                cstackBANK0                          60       60       22         1
                bssBANK0                             82       82        6         1

        CLASS   BANK1          

        CLASS   BANK2          

        CLASS   BANK3          

        CLASS   BANK4          

        CLASS   BANK5          

        CLASS   BANK6          

        CLASS   BANK7          

        CLASS   SFR            

        CLASS   CONFIG         
                config                           300000   300000        E         4

        CLASS   IDLOC          
                idloc                            200000   200000        8         5

        CLASS   EEDATA         

        CLASS   FARRAM         



SEGMENTS        Name                           Load    Length   Top    Selector   Space  Class

                reset_vec                      000000  000004  000004         0       0  CODE    
                cstackCOMRAM                   000001  000034  000035         1       1  COMRAM  
                intcode                        000008  00000A  000012         4       0  CODE    
                cstackBANK0                    000060  000028  000088        60       1  BANK0   
                smallconst                     000800  000036  000836       400       0  SMALLCON
                text7                          000836  0011EB  001A21       41B       0  CODE    


UNUSED ADDRESS RANGES

        Name                Unused          Largest block    Delta
        BANK0            000088-0000FF               78
        BANK1            000100-0001FF              100
        BANK2            000200-0002FF              100
        BANK3            000300-0003FF              100
        BANK4            000400-0004FF              100
        BANK5            000500-0005FF              100
        BANK6            000600-0006FF              100
        BANK7            000700-0007FF              100
        BIGRAM           000035-00005F               2B
                         000088-0007FF              778
        CODE             000004-000007                4
                         000012-0007FF              7EE
                         001A21-007FFF             65DF
        COMRAM           000035-00005F               2B
        CONST            000004-000007                4
                         000012-0007FF              7EE
                         001A21-007FFF             65DF
        EEDATA           F00000-F000FF              100
        MEDIUMCONST      001A21-007FFF             65DF
        RAM              000088-0007FF              100
        SFR              000F60-000FFF               A0
        SMALLCONST       001A21-007FFF              100
        STACK            000088-0007FF              778

                                  Symbol Table

?_Conversion               cstackBANK0  000060
?___ftadd                  cstackBANK0  000068
?___ftdiv                  cstackBANK0  000068
?___ftmul                  cstackCOMRAM 00000D
?___ftpack                 cstackBANK0  000060
?___ftsub                  cstackBANK0  000074
?___fttol                  cstackCOMRAM 00001C
?___lbtoft                 cstackCOMRAM 000009
?___lwtoft                 cstackBANK0  000068
?i2___ftpack               cstackCOMRAM 000001
ConfiguraLCD@a             cstackBANK0  000060
Conversion@canal           cstackBANK0  000063
DireccionaLCD@a            cstackBANK0  000064
Duty@V                     cstackBANK0  000077
Duty@X                     cstackBANK0  00007A
EnviaDato@a                cstackBANK0  000063
EscribeLCD_c@a             cstackBANK0  000064
LecturaEntrada@entrada     cstackCOMRAM 00002B
MensajeLCD_Var@a           cstackBANK0  000065
RetardoLCD@a               cstackBANK0  000061
Transmitir@BufferT         cstackBANK0  000060
_ADCON0                    (abs)        000FC2
_ADCON1                    (abs)        000FC1
_ADCON2                    (abs)        000FC0
_ADRES                     (abs)        000FC3
_BAUDCON                   (abs)        000FB8
_BorraLCD                  text12       0019BC
_CCP1CON                   (abs)        000FBD
_CCPR1L                    (abs)        000FBE
_Caso                      bssCOMRAM    000032
_ConfiguraLCD              text18       00195A
_Conversion                text17       0018BE
_DireccionaLCD             text13       00198E
_Duty                      text7        000836
_EnviaDato                 text14       001792
_EscribeLCD_c              text5        001976
_GIE                       (abs)        007F97
_GO                        (abs)        007E11
_HabilitaLCD               text16       0019E4
_IRCF0                     (abs)        007E9C
_IRCF1                     (abs)        007E9D
_ISR                       intcode      000008
_InicializaLCD             text6        0015AE
_LATA3                     (abs)        007C4B
_LATB                      (abs)        000F8A
_LATD                      (abs)        000F8C
_LATD0                     (abs)        007C60
_LATD1                     (abs)        007C61
_LATD2                     (abs)        007C62
_LATD3                     (abs)        007C63
_LecturaEntrada            text28       001502
_MensajeLCD_Var            text4        001894
_PEIE                      (abs)        007F96
_PR2                       (abs)        000FCB
_RB6                       (abs)        007C0E
_RB7                       (abs)        007C0F
_RBIF                      (abs)        007F90
_RCIE                      (abs)        007CED
_RCIF                      (abs)        007CF5
_RCREG                     (abs)        000FAE
_RCSTA                     (abs)        000FAB
_Recibir                   text27       001A18
_RetardoLCD                text15       0016BE
_SPBRG                     (abs)        000FAF
_T0CON                     (abs)        000FD5
_T2CON                     (abs)        000FCA
_TMR0                      (abs)        000FD6
_TMR0IE                    (abs)        007F95
_TMR0IF                    (abs)        007F92
_TMR2                      (abs)        000FCC
_TMR2ON                    (abs)        007E52
_TRISA3                    (abs)        007C93
_TRISB                     (abs)        000F93
_TRISC2                    (abs)        007CA2
_TRISD                     (abs)        000F95
_TRISE0                    (abs)        007CB0
_TRISE1                    (abs)        007CB1
_TRMT                      (abs)        007D61
_TXREG                     (abs)        000FAD
_TXSTA                     (abs)        000FAC
_Transmitir                text11       001A00
_VanX                      bssBANK0     000085
_VanY                      bssBANK0     000082
__HRAM                     (abs)        000000
__Habs1                    abs1         000000
__Hbank0                   bank0        000000
__Hbank1                   bank1        000000
__Hbank2                   bank2        000000
__Hbank3                   bank3        000000
__Hbank4                   bank4        000000
__Hbank5                   bank5        000000
__Hbank6                   bank6        000000
__Hbank7                   bank7        000000
__Hbigbss                  bigbss       000000
__Hbigdata                 bigdata      000000
__Hbigram                  bigram       000000
__Hbss                     bss          000000
__HbssBANK0                bssBANK0     000000
__HbssCOMRAM               bssCOMRAM    000000
__Hcinit                   cinit        000000
__Hclrtext                 clrtext      000000
__Hcomram                  comram       000000
__Hconfig                  config       30000E
__Hconst                   const        000000
__HcstackBANK0             cstackBANK0  000000
__HcstackCOMRAM            cstackCOMRAM 000000
__Hdata                    data         000000
__HdataCOMRAM              dataCOMRAM   000000
__Heeprom_data             eeprom_data  000000
__Hfarbss                  farbss       000000
__Hfardata                 fardata      000000
__Hibigdata                ibigdata     000000
__Hidata                   idata        000000
__HidataCOMRAM             idataCOMRAM  000000
__Hidloc                   idloc        200008
__Hifardata                ifardata     000000
__Hinit                    init         000012
__Hintcode                 intcode      00000E
__Hintcode_body            intcode_body 000000
__Hintcodelo               intcodelo    00000E
__Hintentry                intentry     000000
__Hintret                  intret       000000
__Hintsave_regs            intsave_regs 000000
__Hirdata                  irdata       000000
__Hmediumconst             mediumconst  000000
__HnvFARRAM                nvFARRAM     000000
__Hnvbit                   nvbit        000000
__Hnvrram                  nvrram       000000
__Hparam                   rparam       000000
__Hpowerup                 powerup      00000E
__Hram                     ram          000000
__Hramtop                  ramtop       000800
__Hrbit                    rbit         000000
__Hrbss                    rbss         000000
__Hrdata                   rdata        000000
__Hreset_vec               reset_vec    000004
__Hrparam                  rparam       000000
__Hsfr                     sfr          000000
__Hsmallconst              smallconst   000836
__Hspace_0                 (abs)        001A21
__Hspace_1                 (abs)        000088
__Hspace_2                 (abs)        000000
__Hspace_4                 (abs)        60000E
__Hstack                   stack        000000
__Hstruct                  struct       000000
__Htemp                    temp         000035
__Htext                    text         000000
__Htext0                   text0        000000
__Htext1                   text1        000000
__Htext10                  text10       000000
__Htext11                  text11       000000
__Htext12                  text12       000000
__Htext13                  text13       000000
__Htext14                  text14       000000
__Htext15                  text15       000000
__Htext16                  text16       000000
__Htext17                  text17       000000
__Htext18                  text18       000000
__Htext2                   text2        000000
__Htext20                  text20       000000
__Htext21                  text21       000000
__Htext22                  text22       000000
__Htext23                  text23       000000
__Htext24                  text24       000000
__Htext25                  text25       000000
__Htext26                  text26       000000
__Htext27                  text27       000000
__Htext28                  text28       000000
__Htext29                  text29       000000
__Htext3                   text3        000000
__Htext30                  text30       000000
__Htext31                  text31       000000
__Htext32                  text32       000000
__Htext4                   text4        000000
__Htext5                   text5        000000
__Htext6                   text6        000000
__Htext7                   text7        000000
__Htext8                   text8        000000
__Htext9                   text9        000000
__LRAM                     (abs)        000001
__Labs1                    abs1         000000
__Lbank0                   bank0        000000
__Lbank1                   bank1        000000
__Lbank2                   bank2        000000
__Lbank3                   bank3        000000
__Lbank4                   bank4        000000
__Lbank5                   bank5        000000
__Lbank6                   bank6        000000
__Lbank7                   bank7        000000
__Lbigbss                  bigbss       000000
__Lbigdata                 bigdata      000000
__Lbigram                  bigram       000000
__Lbss                     bss          000000
__LbssBANK0                bssBANK0     000000
__LbssCOMRAM               bssCOMRAM    000000
__Lcinit                   cinit        000000
__Lclrtext                 clrtext      000000
__Lcomram                  comram       000000
__Lconfig                  config       000000
__Lconst                   const        000000
__LcstackBANK0             cstackBANK0  000000
__LcstackCOMRAM            cstackCOMRAM 000000
__Ldata                    data         000000
__LdataCOMRAM              dataCOMRAM   000000
__Leeprom_data             eeprom_data  000000
__Lfarbss                  farbss       000000
__Lfardata                 fardata      000000
__Libigdata                ibigdata     000000
__Lidata                   idata        000000
__LidataCOMRAM             idataCOMRAM  000000
__Lidloc                   idloc        000000
__Lifardata                ifardata     000000
__Linit                    init         00000E
__Lintcode                 intcode      000008
__Lintcode_body            intcode_body 000000
__Lintcodelo               intcodelo    00000E
__Lintentry                intentry     000000
__Lintret                  intret       000000
__Lintsave_regs            intsave_regs 000000
__Lirdata                  irdata       000000
__Lmediumconst             mediumconst  000000
__LnvFARRAM                nvFARRAM     000000
__Lnvbit                   nvbit        000000
__Lnvrram                  nvrram       000000
__Lparam                   rparam       000000
__Lpowerup                 powerup      00000E
__Lram                     ram          000000
__Lramtop                  ramtop       000800
__Lrbit                    rbit         000000
__Lrbss                    rbss         000000
__Lrdata                   rdata        000000
__Lreset_vec               reset_vec    000000
__Lrparam                  rparam       000000
__Lsfr                     sfr          000000
__Lsmallconst              smallconst   000800
__Lspace_0                 (abs)        000000
__Lspace_1                 (abs)        000000
__Lspace_2                 (abs)        000000
__Lspace_4                 (abs)        000000
__Lstack                   stack        000000
__Lstruct                  struct       000000
__Ltemp                    temp         000034
__Ltext                    text         000000
__Ltext0                   text0        000000
__Ltext1                   text1        000000
__Ltext10                  text10       000000
__Ltext11                  text11       000000
__Ltext12                  text12       000000
__Ltext13                  text13       000000
__Ltext14                  text14       000000
__Ltext15                  text15       000000
__Ltext16                  text16       000000
__Ltext17                  text17       000000
__Ltext18                  text18       000000
__Ltext2                   text2        000000
__Ltext20                  text20       000000
__Ltext21                  text21       000000
__Ltext22                  text22       000000
__Ltext23                  text23       000000
__Ltext24                  text24       000000
__Ltext25                  text25       000000
__Ltext26                  text26       000000
__Ltext27                  text27       000000
__Ltext28                  text28       000000
__Ltext29                  text29       000000
__Ltext3                   text3        000000
__Ltext30                  text30       000000
__Ltext31                  text31       000000
__Ltext32                  text32       000000
__Ltext4                   text4        000000
__Ltext5                   text5        000000
__Ltext6                   text6        000000
__Ltext7                   text7        000000
__Ltext8                   text8        000000
__Ltext9                   text9        000000
__S0                       (abs)        001A21
__S1                       (abs)        000088
__S2                       (abs)        000000
__S4                       (abs)        000000
__S5                       (abs)        000000
___ftadd                   text3        000E9E
___ftadd@exp1              cstackBANK0  000073
___ftadd@exp2              cstackBANK0  000072
___ftadd@f1                cstackBANK0  000068
___ftadd@f2                cstackBANK0  00006B
___ftadd@sign              cstackBANK0  000071
___ftdiv                   text9        00113A
___ftdiv@cntr              cstackBANK0  000071
___ftdiv@exp               cstackBANK0  000075
___ftdiv@f1                cstackBANK0  000068
___ftdiv@f2                cstackBANK0  00006B
___ftdiv@f3                cstackBANK0  000072
___ftdiv@sign              cstackBANK0  000076
___ftge                    text8        00164A
___ftge@ff1                cstackBANK0  000060
___ftge@ff2                cstackBANK0  000063
___ftmul                   text31       001046
___ftmul@cntr              cstackCOMRAM 00001A
___ftmul@exp               cstackCOMRAM 000016
___ftmul@f1                cstackCOMRAM 00000D
___ftmul@f2                cstackCOMRAM 000010
___ftmul@f3_as_product     cstackCOMRAM 000017
___ftmul@sign              cstackCOMRAM 00001B
___ftpack                  text10       0013A6
___ftpack@arg              cstackBANK0  000060
___ftpack@exp              cstackBANK0  000063
___ftpack@sign             cstackBANK0  000064
___ftsub                   text2        001824
___ftsub@f1                cstackBANK0  000074
___ftsub@f2                cstackBANK0  000077
___fttol                   text30       001220
___fttol@exp1              cstackCOMRAM 00002A
___fttol@f1                cstackCOMRAM 00001C
___fttol@lval              cstackCOMRAM 000026
___fttol@sign1             cstackCOMRAM 000025
___inthi_sp                stack        000000
___intlo_sp                stack        000000
___lbtoft                  text29       001936
___lbtoft@c                cstackCOMRAM 00000C
___lwtoft                  text1        001910
___lwtoft@c                cstackBANK0  000068
___param_bank              (abs)        000000
___rparam_used             (abs)        000001
___sp                      stack        000000
__accesstop                (abs)        000060
__activetblptr             (abs)        000002
__end_of_BorraLCD          text12       0019D0
__end_of_ConfiguraLCD      text18       001976
__end_of_Conversion        text17       0018E8
__end_of_DireccionaLCD     text13       0019A6
__end_of_Duty              text7        000CC6
__end_of_EnviaDato         text14       0017DE
__end_of_EscribeLCD_c      text5        00198E
__end_of_HabilitaLCD       text16       0019F2
__end_of_ISR               intcode_body 0013A6
__end_of_InicializaLCD     text6        00164A
__end_of_LecturaEntrada    text28       0015AE
__end_of_MensajeLCD_Var    text4        0018BE
__end_of_Recibir           text27       001A20
__end_of_RetardoLCD        text15       00172C
__end_of_Transmitir        text11       001A0C
__end_of___ftadd           text3        001046
__end_of___ftdiv           text9        001220
__end_of___ftge            text8        0016BE
__end_of___ftmul           text31       00113A
__end_of___ftpack          text10       001454
__end_of___ftsub           text2        001864
__end_of___fttol           text30       0012F2
__end_of___lbtoft          text29       00195A
__end_of___lwtoft          text1        001936
__end_of__initialization   cinit        001886
__end_of_main              text0        000E9E
__end_ofi2_BorraLCD        text23       0019E4
__end_ofi2_EnviaDato       text24       001824
__end_ofi2_EscribeLCD_c    text22       0019BC
__end_ofi2_HabilitaLCD     text26       001A00
__end_ofi2_MensajeLCD_Var  text21       001910
__end_ofi2_RetardoLCD      text25       001792
__end_ofi2_Transmitir      text20       001A18
__end_ofi2___ftpack        text32       001502
__initialization           cinit        001864
__mediumconst              mediumconst  000000
__pbssBANK0                bssBANK0     000082
__pbssCOMRAM               bssCOMRAM    000032
__pcinit                   cinit        001864
__pcstackBANK0             cstackBANK0  000060
__pcstackCOMRAM            cstackCOMRAM 000001
__pdataCOMRAM              dataCOMRAM   000033
__pidataCOMRAM             idataCOMRAM  001A20
__pintcode                 intcode      000008
__pintcode_body            intcode_body 0012F2
__psmallconst              smallconst   000800
__ptext0                   text0        000CC6
__ptext1                   text1        001910
__ptext10                  text10       0013A6
__ptext11                  text11       001A00
__ptext12                  text12       0019BC
__ptext13                  text13       00198E
__ptext14                  text14       001792
__ptext15                  text15       0016BE
__ptext16                  text16       0019E4
__ptext17                  text17       0018BE
__ptext18                  text18       00195A
__ptext2                   text2        001824
__ptext20                  text20       001A0C
__ptext21                  text21       0018E8
__ptext22                  text22       0019A6
__ptext23                  text23       0019D0
__ptext24                  text24       0017DE
__ptext25                  text25       00172C
__ptext26                  text26       0019F2
__ptext27                  text27       001A18
__ptext28                  text28       001502
__ptext29                  text29       001936
__ptext3                   text3        000E9E
__ptext30                  text30       001220
__ptext31                  text31       001046
__ptext32                  text32       001454
__ptext4                   text4        001894
__ptext5                   text5        001976
__ptext6                   text6        0015AE
__ptext7                   text7        000836
__ptext8                   text8        00164A
__ptext9                   text9        00113A
__ramtop                   ramtop       000800
__size_of_BorraLCD         (abs)        000000
__size_of_ConfiguraLCD     (abs)        000000
__size_of_Conversion       (abs)        000000
__size_of_DireccionaLCD    (abs)        000000
__size_of_Duty             (abs)        000000
__size_of_EnviaDato        (abs)        000000
__size_of_EscribeLCD_c     (abs)        000000
__size_of_HabilitaLCD      (abs)        000000
__size_of_ISR              (abs)        000000
__size_of_InicializaLCD    (abs)        000000
__size_of_LecturaEntrada   (abs)        000000
__size_of_MensajeLCD_Var   (abs)        000000
__size_of_Recibir          (abs)        000000
__size_of_RetardoLCD       (abs)        000000
__size_of_Transmitir       (abs)        000000
__size_of___ftadd          (abs)        000000
__size_of___ftdiv          (abs)        000000
__size_of___ftge           (abs)        000000
__size_of___ftmul          (abs)        000000
__size_of___ftpack         (abs)        000000
__size_of___ftsub          (abs)        000000
__size_of___fttol          (abs)        000000
__size_of___lbtoft         (abs)        000000
__size_of___lwtoft         (abs)        000000
__size_of_main             (abs)        000000
__size_ofi2_BorraLCD       (abs)        000000
__size_ofi2_EnviaDato      (abs)        000000
__size_ofi2_EscribeLCD_c   (abs)        000000
__size_ofi2_HabilitaLCD    (abs)        000000
__size_ofi2_MensajeLCD_Var (abs)        000000
__size_ofi2_RetardoLCD     (abs)        000000
__size_ofi2_Transmitir     (abs)        000000
__size_ofi2___ftpack       (abs)        000000
__smallconst               smallconst   000800
_interfaz                  dataCOMRAM   000033
_main                      text0        000CC6
_main$845                  cstackBANK0  00007F
btemp                      temp         000034
end_of_initialization      cinit        001886
i2EnviaDato@a              cstackCOMRAM 000004
i2EscribeLCD_c@a           cstackCOMRAM 000005
i2MensajeLCD_Var@a         cstackCOMRAM 000006
i2RetardoLCD@a             cstackCOMRAM 000002
i2Transmitir@BufferT       cstackCOMRAM 000001
i2_BorraLCD                text23       0019D0
i2_EnviaDato               text24       0017DE
i2_EscribeLCD_c            text22       0019A6
i2_HabilitaLCD             text26       0019F2
i2_MensajeLCD_Var          text21       0018E8
i2_RetardoLCD              text25       00172C
i2_Transmitir              text20       001A0C
i2___ftpack                text32       001454
i2___ftpack@arg            cstackCOMRAM 000001
i2___ftpack@exp            cstackCOMRAM 000004
i2___ftpack@sign           cstackCOMRAM 000005
int$flags                  temp         000034
int_func                   intcode_body 0012F2
intlevel0                  text         000000
intlevel1                  text         000000
intlevel2                  text         000000
intlevel3                  text         000000
isa$std                    (abs)        000001
isa$xinst                  (abs)        000000
stackhi                    (abs)        0007FF
stacklo                    (abs)        000088
start                      init         00000E
start_initialization       cinit        001864
ttemp5                     temp         000035
ttemp6                     temp         000038
ttemp7                     temp         00003C
wtemp8                     temp         000035


MODULE INFORMATION

Module		Function		Class		Link	Load	Size
LibLCDXC8.h
		_DireccionaLCD 		CODE           	198E	0000	24
		_InicializaLCD 		CODE           	15AE	0000	156
		_EnviaDato     		CODE           	1792	0000	76
		_MensajeLCD_Var		CODE           	1894	0000	42
		_EscribeLCD_c  		CODE           	1976	0000	24
		_HabilitaLCD   		CODE           	19E4	0000	14
		_ConfiguraLCD  		CODE           	195A	0000	28
		_BorraLCD      		CODE           	19BC	0000	20
		_RetardoLCD    		CODE           	16BE	0000	110

LibLCDXC8.h estimated size: 494

C:\Program Files\Microchip\xc8\v2.32\pic\sources\c90\common\ftsub.c
		___ftsub       		CODE           	1824	0000	64

C:\Program Files\Microchip\xc8\v2.32\pic\sources\c90\common\ftsub.c estimated size: 64

C:\Program Files\Microchip\xc8\v2.32\pic\sources\c90\common\ftge.c
		___ftge        		CODE           	164A	0000	116

C:\Program Files\Microchip\xc8\v2.32\pic\sources\c90\common\ftge.c estimated size: 116

C:\Program Files\Microchip\xc8\v2.32\pic\sources\c90\common\lbtoft.c
		___lbtoft      		CODE           	1936	0000	36

C:\Program Files\Microchip\xc8\v2.32\pic\sources\c90\common\lbtoft.c estimated size: 36

C:\Program Files\Microchip\xc8\v2.32\pic\sources\c90\common\float.c
		___ftpack      		CODE           	13A6	0000	174

C:\Program Files\Microchip\xc8\v2.32\pic\sources\c90\common\float.c estimated size: 174

C:\Program Files\Microchip\xc8\v2.32\pic\sources\c90\common\ftmul.c
		___ftmul       		CODE           	1046	0000	244

C:\Program Files\Microchip\xc8\v2.32\pic\sources\c90\common\ftmul.c estimated size: 244

C:\Program Files\Microchip\xc8\v2.32\pic\sources\c90\common\ftdiv.c
		___ftdiv       		CODE           	113A	0000	230

C:\Program Files\Microchip\xc8\v2.32\pic\sources\c90\common\ftdiv.c estimated size: 230

C:\Program Files\Microchip\xc8\v2.32\pic\sources\c90\common\lwtoft.c
		___lwtoft      		CODE           	1910	0000	38

C:\Program Files\Microchip\xc8\v2.32\pic\sources\c90\common\lwtoft.c estimated size: 38

shared
		i2_MensajeLCD_Var		CODE           	18E8	0000	40
		i2_EscribeLCD_c		CODE           	19A6	0000	22
		i2_EnviaDato   		CODE           	17DE	0000	70
		i2___ftpack    		CODE           	1454	0000	174
		__initialization		CODE           	1864	0000	34
		i2_HabilitaLCD 		CODE           	19F2	0000	14
		i2_BorraLCD    		CODE           	19D0	0000	20
		i2_RetardoLCD  		CODE           	172C	0000	102
		i2_Transmitir  		CODE           	1A0C	0000	12

shared estimated size: 488

ProyectoControl.c
		_ISR           		CODE           	0008	0000	186
		_main          		CODE           	0CC6	0000	472
		_Transmitir    		CODE           	1A00	0000	12
		_LecturaEntrada		CODE           	1502	0000	172
		_Duty          		CODE           	0836	0000	1168
		_Conversion    		CODE           	18BE	0000	42
		_Recibir       		CODE           	1A18	0000	8

ProyectoControl.c estimated size: 2060

C:\Program Files\Microchip\xc8\v2.32\pic\sources\c90\common\fttol.c
		___fttol       		CODE           	1220	0000	210

C:\Program Files\Microchip\xc8\v2.32\pic\sources\c90\common\fttol.c estimated size: 210

C:\Program Files\Microchip\xc8\v2.32\pic\sources\c90\common\ftadd.c
		___ftadd       		CODE           	0E9E	0000	424

C:\Program Files\Microchip\xc8\v2.32\pic\sources\c90\common\ftadd.c estimated size: 424

