Microchip MPLAB XC8 Compiler V2.32

Linker command line:

-W-3 --edf=C:\Program Files\Microchip\xc8\v2.32\pic\dat\en_msgs.txt -cn \
  -h+dist/default/production\ProyectoEsclavo.X.production.sym \
  --cmf=dist/default/production\ProyectoEsclavo.X.production.cmf -z \
  -Q18F4550 -oC:\Users\andre\AppData\Local\Temp\xcAscno.4 \
  -Mdist/default/production/ProyectoEsclavo.X.production.map -E1 \
  -ver=XC8 Compiler -ASTACK=060h-07FFh -pstack=STACK -ACODE=00h-07FFFh \
  -ACONST=00h-07FFFh -ASMALLCONST=0800h-08FFhx120 \
  -AMEDIUMCONST=0800h-07FFFh -ACOMRAM=01h-05Fh -AABS1=00h-07FFh \
  -ABIGRAM=01h-07FFh -ARAM=060h-0FFh,0100h-01FFhx7 -ABANK0=060h-0FFh \
  -ABANK1=0100h-01FFh -ABANK2=0200h-02FFh -ABANK3=0300h-03FFh \
  -ABANK4=0400h-04FFh -ABANK5=0500h-05FFh -ABANK6=0600h-06FFh \
  -ABANK7=0700h-07FFh -ASFR=0F60h-0FFFh -ACONFIG=0300000h-030000Dh \
  -AIDLOC=0200000h-0200007h -AEEDATA=0F00000h-0F000FFh -peeprom_data=EEDATA \
  -preset_vec=00h,intcode=08h,intcodelo,powerup,init -pramtop=0800h \
  -psmallconst=SMALLCONST -pmediumconst=MEDIUMCONST -pconst=CONST \
  -AFARRAM=00h-00h \
  -prdata=COMRAM,nvrram=COMRAM,nvbit=COMRAM,rbss=COMRAM,rbit=COMRAM \
  -pfarbss=FARRAM,fardata=FARRAM,nvFARRAM=FARRAM \
  -pintsave_regs=BIGRAM,bigbss=BIGRAM,bigdata=BIGRAM -pbss=RAM \
  -pidata=CODE,irdata=CODE,ibigdata=CODE,ifardata=CODE -prparam=COMRAM \
  C:\Users\andre\AppData\Local\Temp\xcAscno.obj \
  dist/default/production\ProyectoEsclavo.X.production.obj 

Object code version is 3.11

Machine type is 18F4550



                Name                               Link     Load   Length Selector   Space Scale
C:\Users\andre\AppData\Local\Temp\xcAscno.obj
                idloc                            200000   200000        8        0       5
                config                           300000   300000        E        0       4
                init                                  E        E        4        4       0
                reset_vec                             0        0        4        0       0
dist/default/production\ProyectoEsclavo.X.production.obj
                intcode                               8        8        6        4       0
                idloc                            200000   200000        8        0       5
                config                           300000   300000        E        0       4
                temp                                 1B       1B        1        1       1
                intcode_body                        2B4      2B4       1E        4       0
                text6                               26A      26A       26        4       0
                text5                               2D2      2D2        C        4       0
                text4                               1A8      1A8       74        4       0
                text3                                FA       FA       AE        4       0
                text2                               290      290       24        4       0
                text1                               244      244       26        4       0
                text0                                12       12       E8        4       0
                cstackCOMRAM                          1        1        F        1       1
                dataCOMRAM                           1A       1A        1        1       1
                bssCOMRAM                            10       10        7        1       1
                cinit                               21C      21C       28        4       0
                nvCOMRAM                             17       17        3        1       1
                idataCOMRAM                         2DE      2DE        1        4       0

TOTAL           Name                               Link     Load   Length     Space
        CLASS   STACK          

        CLASS   CODE           
                intcode                               8        8        6         0
                init                                  E        E        4         0
                reset_vec                             0        0        4         0
                intcode_body                        2B4      2B4       1E         0
                text6                               26A      26A       26         0
                text5                               2D2      2D2        C         0
                text4                               1A8      1A8       74         0
                text3                                FA       FA       AE         0
                text2                               290      290       24         0
                text1                               244      244       26         0
                text0                                12       12       E8         0
                cinit                               21C      21C       28         0
                idataCOMRAM                         2DE      2DE        1         0

        CLASS   CONST          

        CLASS   SMALLCONST     

        CLASS   MEDIUMCONST    

        CLASS   COMRAM         
                temp                                 1B       1B        1         1
                cstackCOMRAM                          1        1        F         1
                dataCOMRAM                           1A       1A        1         1
                bssCOMRAM                            10       10        7         1
                nvCOMRAM                             17       17        3         1

        CLASS   ABS1           

        CLASS   BIGRAM         

        CLASS   RAM            

        CLASS   BANK0          

        CLASS   BANK1          

        CLASS   BANK2          

        CLASS   BANK3          

        CLASS   BANK4          

        CLASS   BANK5          

        CLASS   BANK6          

        CLASS   BANK7          

        CLASS   SFR            

        CLASS   CONFIG         
                config                           300000   300000        E         4

        CLASS   IDLOC          
                idloc                            200000   200000        8         5

        CLASS   EEDATA         

        CLASS   FARRAM         



SEGMENTS        Name                           Load    Length   Top    Selector   Space  Class

                reset_vec                      000000  000004  000004         0       0  CODE    
                cstackCOMRAM                   000001  00001B  00001C         1       1  COMRAM  
                intcode                        000008  0002D7  0002DF         4       0  CODE    


UNUSED ADDRESS RANGES

        Name                Unused          Largest block    Delta
        BANK0            000060-0000FF               A0
        BANK1            000100-0001FF              100
        BANK2            000200-0002FF              100
        BANK3            000300-0003FF              100
        BANK4            000400-0004FF              100
        BANK5            000500-0005FF              100
        BANK6            000600-0006FF              100
        BANK7            000700-0007FF              100
        BIGRAM           00001C-0007FF              7E4
        CODE             000004-000007                4
                         0002DF-007FFF             7D21
        COMRAM           00001C-00005F               44
        CONST            000004-000007                4
                         0002DF-007FFF             7D21
        EEDATA           F00000-F000FF              100
        MEDIUMCONST      000800-007FFF             7800
        RAM              000060-0007FF              100
        SFR              000F60-000FFF               A0
        SMALLCONST       000800-007FFF              100
        STACK            000060-0007FF              7A0

                                  Symbol Table

?_Conversion             cstackCOMRAM 000001
?___ftpack               cstackCOMRAM 000001
?___lwtoft               cstackCOMRAM 00000B
?___wmul                 cstackCOMRAM 000005
Conversion@canal         cstackCOMRAM 000004
Transmitir@BufferT       cstackCOMRAM 000001
_ADCON0                  (abs)        000FC2
_ADCON1                  (abs)        000FC1
_ADCON2                  (abs)        000FC0
_ADRES                   (abs)        000FC3
_BAUDCON                 (abs)        000FB8
_Conversion              text6        00026A
_DatoRecibido            bssCOMRAM    000016
_GIE                     (abs)        007F97
_GO                      (abs)        007E11
_IRCF0                   (abs)        007E9C
_IRCF1                   (abs)        007E9D
_ISR                     intcode      000008
_LATB                    (abs)        000F8A
_LATD                    (abs)        000F8C
_LATD1                   (abs)        007C61
_PEIE                    (abs)        007F96
_RBIF                    (abs)        007F90
_RCSTA                   (abs)        000FAB
_SPBRG                   (abs)        000FAF
_T0CON                   (abs)        000FD5
_TMR0                    (abs)        000FD6
_TMR0IE                  (abs)        007F95
_TMR0IF                  (abs)        007F92
_TRISB                   (abs)        000F93
_TRISD                   (abs)        000F95
_TRISE0                  (abs)        007CB0
_TRISE1                  (abs)        007CB1
_TRMT                    (abs)        007D61
_TXREG                   (abs)        000FAD
_TXSTA                   (abs)        000FAC
_Transmitir              text5        0002D2
_Van0                    bssCOMRAM    000013
_Van1                    bssCOMRAM    000010
_Van2                    nvCOMRAM     000017
__HRAM                   (abs)        000000
__Habs1                  abs1         000000
__Hbank0                 bank0        000000
__Hbank1                 bank1        000000
__Hbank2                 bank2        000000
__Hbank3                 bank3        000000
__Hbank4                 bank4        000000
__Hbank5                 bank5        000000
__Hbank6                 bank6        000000
__Hbank7                 bank7        000000
__Hbigbss                bigbss       000000
__Hbigdata               bigdata      000000
__Hbigram                bigram       000000
__Hbss                   bss          000000
__HbssCOMRAM             bssCOMRAM    000000
__Hcinit                 cinit        000000
__Hclrtext               clrtext      000000
__Hcomram                comram       000000
__Hconfig                config       30000E
__Hconst                 const        000000
__HcstackCOMRAM          cstackCOMRAM 000000
__Hdata                  data         000000
__HdataCOMRAM            dataCOMRAM   000000
__Heeprom_data           eeprom_data  000000
__Hfarbss                farbss       000000
__Hfardata               fardata      000000
__Hibigdata              ibigdata     000000
__Hidata                 idata        000000
__HidataCOMRAM           idataCOMRAM  000000
__Hidloc                 idloc        200008
__Hifardata              ifardata     000000
__Hinit                  init         000012
__Hintcode               intcode      00000E
__Hintcode_body          intcode_body 000000
__Hintcodelo             intcodelo    00000E
__Hintentry              intentry     000000
__Hintret                intret       000000
__Hintsave_regs          intsave_regs 000000
__Hirdata                irdata       000000
__Hmediumconst           mediumconst  000000
__HnvCOMRAM              nvCOMRAM     000000
__HnvFARRAM              nvFARRAM     000000
__Hnvbit                 nvbit        000000
__Hnvrram                nvrram       000000
__Hparam                 rparam       000000
__Hpowerup               powerup      00000E
__Hram                   ram          000000
__Hramtop                ramtop       000800
__Hrbit                  rbit         000000
__Hrbss                  rbss         000000
__Hrdata                 rdata        000000
__Hreset_vec             reset_vec    000004
__Hrparam                rparam       000000
__Hsfr                   sfr          000000
__Hsmallconst            smallconst   000000
__Hspace_0               (abs)        000800
__Hspace_1               (abs)        00001C
__Hspace_2               (abs)        000000
__Hspace_4               (abs)        60000E
__Hstack                 stack        000000
__Hstruct                struct       000000
__Htemp                  temp         00001C
__Htext                  text         000000
__Htext0                 text0        000000
__Htext1                 text1        000000
__Htext2                 text2        000000
__Htext3                 text3        000000
__Htext4                 text4        000000
__Htext5                 text5        000000
__Htext6                 text6        000000
__LRAM                   (abs)        000001
__Labs1                  abs1         000000
__Lbank0                 bank0        000000
__Lbank1                 bank1        000000
__Lbank2                 bank2        000000
__Lbank3                 bank3        000000
__Lbank4                 bank4        000000
__Lbank5                 bank5        000000
__Lbank6                 bank6        000000
__Lbank7                 bank7        000000
__Lbigbss                bigbss       000000
__Lbigdata               bigdata      000000
__Lbigram                bigram       000000
__Lbss                   bss          000000
__LbssCOMRAM             bssCOMRAM    000000
__Lcinit                 cinit        000000
__Lclrtext               clrtext      000000
__Lcomram                comram       000000
__Lconfig                config       000000
__Lconst                 const        000000
__LcstackCOMRAM          cstackCOMRAM 000000
__Ldata                  data         000000
__LdataCOMRAM            dataCOMRAM   000000
__Leeprom_data           eeprom_data  000000
__Lfarbss                farbss       000000
__Lfardata               fardata      000000
__Libigdata              ibigdata     000000
__Lidata                 idata        000000
__LidataCOMRAM           idataCOMRAM  000000
__Lidloc                 idloc        000000
__Lifardata              ifardata     000000
__Linit                  init         00000E
__Lintcode               intcode      000008
__Lintcode_body          intcode_body 000000
__Lintcodelo             intcodelo    00000E
__Lintentry              intentry     000000
__Lintret                intret       000000
__Lintsave_regs          intsave_regs 000000
__Lirdata                irdata       000000
__Lmediumconst           mediumconst  000000
__LnvCOMRAM              nvCOMRAM     000000
__LnvFARRAM              nvFARRAM     000000
__Lnvbit                 nvbit        000000
__Lnvrram                nvrram       000000
__Lparam                 rparam       000000
__Lpowerup               powerup      00000E
__Lram                   ram          000000
__Lramtop                ramtop       000800
__Lrbit                  rbit         000000
__Lrbss                  rbss         000000
__Lrdata                 rdata        000000
__Lreset_vec             reset_vec    000000
__Lrparam                rparam       000000
__Lsfr                   sfr          000000
__Lsmallconst            smallconst   000000
__Lspace_0               (abs)        000000
__Lspace_1               (abs)        000000
__Lspace_2               (abs)        000000
__Lspace_4               (abs)        000000
__Lstack                 stack        000000
__Lstruct                struct       000000
__Ltemp                  temp         00001B
__Ltext                  text         000000
__Ltext0                 text0        000000
__Ltext1                 text1        000000
__Ltext2                 text2        000000
__Ltext3                 text3        000000
__Ltext4                 text4        000000
__Ltext5                 text5        000000
__Ltext6                 text6        000000
__S0                     (abs)        0002DF
__S1                     (abs)        00001C
__S2                     (abs)        000000
__S4                     (abs)        000000
__S5                     (abs)        000000
___ftge                  text4        0001A8
___ftge@ff1              cstackCOMRAM 000001
___ftge@ff2              cstackCOMRAM 000004
___ftpack                text3        0000FA
___ftpack@arg            cstackCOMRAM 000001
___ftpack@exp            cstackCOMRAM 000004
___ftpack@sign           cstackCOMRAM 000005
___inthi_sp              stack        000000
___intlo_sp              stack        000000
___lwtoft                text2        000290
___lwtoft@c              cstackCOMRAM 00000B
___param_bank            (abs)        000000
___rparam_used           (abs)        000001
___sp                    stack        000000
___wmul                  text1        000244
___wmul@multiplicand     cstackCOMRAM 000007
___wmul@multiplier       cstackCOMRAM 000005
___wmul@product          cstackCOMRAM 000009
__accesstop              (abs)        000060
__activetblptr           (abs)        000000
__end_of_Conversion      text6        000290
__end_of_ISR             intcode_body 0002D2
__end_of_Transmitir      text5        0002DE
__end_of___ftge          text4        00021C
__end_of___ftpack        text3        0001A8
__end_of___lwtoft        text2        0002B4
__end_of___wmul          text1        00026A
__end_of__initialization cinit        00023A
__end_of_main            text0        0000FA
__initialization         cinit        00021C
__mediumconst            mediumconst  000000
__pbssCOMRAM             bssCOMRAM    000010
__pcinit                 cinit        00021C
__pcstackCOMRAM          cstackCOMRAM 000001
__pdataCOMRAM            dataCOMRAM   00001A
__pidataCOMRAM           idataCOMRAM  0002DE
__pintcode               intcode      000008
__pintcode_body          intcode_body 0002B4
__pnvCOMRAM              nvCOMRAM     000017
__ptext0                 text0        000012
__ptext1                 text1        000244
__ptext2                 text2        000290
__ptext3                 text3        0000FA
__ptext4                 text4        0001A8
__ptext5                 text5        0002D2
__ptext6                 text6        00026A
__ramtop                 ramtop       000800
__size_of_Conversion     (abs)        000000
__size_of_ISR            (abs)        000000
__size_of_Transmitir     (abs)        000000
__size_of___ftge         (abs)        000000
__size_of___ftpack       (abs)        000000
__size_of___lwtoft       (abs)        000000
__size_of___wmul         (abs)        000000
__size_of_main           (abs)        000000
__smallconst             smallconst   000000
_interfaz                dataCOMRAM   00001A
_main                    text0        000012
btemp                    temp         00001B
end_of_initialization    cinit        00023A
int$flags                temp         00001B
int_func                 intcode_body 0002B4
intlevel0                text         000000
intlevel1                text         000000
intlevel2                text         000000
intlevel3                text         000000
isa$std                  (abs)        000001
isa$xinst                (abs)        000000
stackhi                  (abs)        0007FF
stacklo                  (abs)        000060
start                    init         00000E
start_initialization     cinit        00021C
ttemp5                   temp         00001C
ttemp6                   temp         00001F
ttemp7                   temp         000023
wtemp8                   temp         00001C


MODULE INFORMATION

Module		Function		Class		Link	Load	Size
ProyectoEsclavo.c
		_ISR           		CODE           	0008	0000	36
		_main          		CODE           	0012	0000	232
		_Transmitir    		CODE           	02D2	0000	12
		_Conversion    		CODE           	026A	0000	38

ProyectoEsclavo.c estimated size: 318

C:\Program Files\Microchip\xc8\v2.32\pic\sources\c90\common\ftge.c
		___ftge        		CODE           	01A8	0000	116

C:\Program Files\Microchip\xc8\v2.32\pic\sources\c90\common\ftge.c estimated size: 116

C:\Program Files\Microchip\xc8\v2.32\pic\sources\c90\common\float.c
		___ftpack      		CODE           	00FA	0000	174

C:\Program Files\Microchip\xc8\v2.32\pic\sources\c90\common\float.c estimated size: 174

C:\Program Files\Microchip\xc8\v2.32\pic\sources\c90\common\lwtoft.c
		___lwtoft      		CODE           	0290	0000	36

C:\Program Files\Microchip\xc8\v2.32\pic\sources\c90\common\lwtoft.c estimated size: 36

shared
		__initialization		CODE           	021C	0000	30

shared estimated size: 30

C:\Program Files\Microchip\xc8\v2.32\pic\sources\c90\common\Umul16.c
		___wmul        		CODE           	0244	0000	38

C:\Program Files\Microchip\xc8\v2.32\pic\sources\c90\common\Umul16.c estimated size: 38

