Microchip MPLAB XC8 Compiler V2.32

Linker command line:

-W-3 --edf=C:\Program Files\Microchip\xc8\v2.32\pic\dat\en_msgs.txt -cn \
  -h+dist/default/production\Lab6.X.production.sym \
  --cmf=dist/default/production\Lab6.X.production.cmf -z -Q18F4550 \
  -oC:\Users\andre\AppData\Local\Temp\xcAseec.4 \
  -Mdist/default/production/Lab6.X.production.map -E1 -ver=XC8 Compiler \
  -ASTACK=0A4h-07FFh -pstack=STACK -ACODE=00h-07FFFh -ACONST=00h-07FFFh \
  -ASMALLCONST=0800h-08FFhx120 -AMEDIUMCONST=0800h-07FFFh -ACOMRAM=01h-05Fh \
  -AABS1=00h-07FFh -ABIGRAM=01h-07FFh -ARAM=060h-0FFh,0100h-01FFhx7 \
  -ABANK0=060h-0FFh -ABANK1=0100h-01FFh -ABANK2=0200h-02FFh \
  -ABANK3=0300h-03FFh -ABANK4=0400h-04FFh -ABANK5=0500h-05FFh \
  -ABANK6=0600h-06FFh -ABANK7=0700h-07FFh -ASFR=0F60h-0FFFh \
  -ACONFIG=0300000h-030000Dh -AIDLOC=0200000h-0200007h \
  -AEEDATA=0F00000h-0F000FFh -peeprom_data=EEDATA \
  -preset_vec=00h,intcode=08h,intcodelo,powerup,init -pramtop=0800h \
  -psmallconst=SMALLCONST -pmediumconst=MEDIUMCONST -pconst=CONST \
  -AFARRAM=00h-00h \
  -prdata=COMRAM,nvrram=COMRAM,nvbit=COMRAM,rbss=COMRAM,rbit=COMRAM \
  -pfarbss=FARRAM,fardata=FARRAM,nvFARRAM=FARRAM \
  -pintsave_regs=BIGRAM,bigbss=BIGRAM,bigdata=BIGRAM -pbss=RAM \
  -pidata=CODE,irdata=CODE,ibigdata=CODE,ifardata=CODE -prparam=COMRAM \
  C:\Users\andre\AppData\Local\Temp\xcAseec.obj \
  dist/default/production\Lab6.X.production.obj 

Object code version is 3.11

Machine type is 18F4550



                Name                               Link     Load   Length Selector   Space Scale
C:\Users\andre\AppData\Local\Temp\xcAseec.obj
                idloc                            200000   200000        8        0       5
                config                           300000   300000        E        0       4
                init                                  E        E        4        4       0
                reset_vec                             0        0        4        0       0
dist/default/production\Lab6.X.production.obj
                intcode                               8        8        6        4       0
                idloc                            200000   200000        8        0       5
                config                           300000   300000        E        0       4
                temp                                 35       35        1        1       1
                smallconst                          800      800       22      400       0
                text27                             18CE     18CE       74      411       0
                text26                             1784     1784       AE      411       0
                text25                             1294     1294       F4      411       0
                text24                              822      822      57C      411       0
                text23                             1B8C     1B8C        C      411       0
                text22                             1B46     1B46       18      411       0
                text21                             1542     1542       D2      411       0
                text20                             1ADA     1ADA       24      411       0
                intcode_body                       1614     1614       C2      411       0
                text18                             1B2E     1B2E       18      411       0
                text17                             1B72     1B72        E      411       0
                text16                             1942     1942       5A      411       0
                text15                             199C     199C       4C      411       0
                text14                             1B16     1B16       18      411       0
                text13                             1B5E     1B5E       14      411       0
                text12                             1832     1832       9C      411       0
                text11                             1AFE     1AFE       18      411       0
                text10                             1A8A     1A8A       2A      411       0
                text9                              1B80     1B80        C      411       0
                text8                              1A60     1A60       2A      411       0
                text7                              16D6     16D6       AE      411       0
                text6                              1388     1388       E6      411       0
                text5                              11A0     11A0       F4      411       0
                text4                               FF8      FF8      1A8      411       0
                text3                              19E8     19E8       40      411       0
                text2                              146E     146E       D4      411       0
                text1                              1AB4     1AB4       26      411       0
                text0                               D9E      D9E      25A      411       0
                cstackCOMRAM                          1        1       2B        1       1
                cstackBANK0                          60       60       2F       60       1
                bssBANK0                             9A       9A        A       60       1
                dataCOMRAM                           34       34        1        1       1
                bssCOMRAM                            2C       2C        8        1       1
                cinit                              1A28     1A28       38      411       0
                nvBANK0                              8F       8F        B       60       1
                idataCOMRAM                        1B98     1B98        1      411       0

TOTAL           Name                               Link     Load   Length     Space
        CLASS   STACK          

        CLASS   CODE           
                intcode                               8        8        6         0
                init                                  E        E        4         0
                reset_vec                             0        0        4         0
                text27                             18CE     18CE       74         0
                text26                             1784     1784       AE         0
                text25                             1294     1294       F4         0
                text24                              822      822      57C         0
                text23                             1B8C     1B8C        C         0
                text22                             1B46     1B46       18         0
                text21                             1542     1542       D2         0
                text20                             1ADA     1ADA       24         0
                intcode_body                       1614     1614       C2         0
                text18                             1B2E     1B2E       18         0
                text17                             1B72     1B72        E         0
                text16                             1942     1942       5A         0
                text15                             199C     199C       4C         0
                text14                             1B16     1B16       18         0
                text13                             1B5E     1B5E       14         0
                text12                             1832     1832       9C         0
                text11                             1AFE     1AFE       18         0
                text10                             1A8A     1A8A       2A         0
                text9                              1B80     1B80        C         0
                text8                              1A60     1A60       2A         0
                text7                              16D6     16D6       AE         0
                text6                              1388     1388       E6         0
                text5                              11A0     11A0       F4         0
                text4                               FF8      FF8      1A8         0
                text3                              19E8     19E8       40         0
                text2                              146E     146E       D4         0
                text1                              1AB4     1AB4       26         0
                text0                               D9E      D9E      25A         0
                cinit                              1A28     1A28       38         0
                idataCOMRAM                        1B98     1B98        1         0

        CLASS   CONST          

        CLASS   SMALLCONST     
                smallconst                          800      800       22         0

        CLASS   MEDIUMCONST    

        CLASS   COMRAM         
                temp                                 35       35        1         1
                cstackCOMRAM                          1        1       2B         1
                dataCOMRAM                           34       34        1         1
                bssCOMRAM                            2C       2C        8         1

        CLASS   ABS1           

        CLASS   BIGRAM         

        CLASS   RAM            

        CLASS   BANK0          
                cstackBANK0                          60       60       2F         1
                bssBANK0                             9A       9A        A         1
                nvBANK0                              8F       8F        B         1

        CLASS   BANK1          

        CLASS   BANK2          

        CLASS   BANK3          

        CLASS   BANK4          

        CLASS   BANK5          

        CLASS   BANK6          

        CLASS   BANK7          

        CLASS   SFR            

        CLASS   CONFIG         
                config                           300000   300000        E         4

        CLASS   IDLOC          
                idloc                            200000   200000        8         5

        CLASS   EEDATA         

        CLASS   FARRAM         



SEGMENTS        Name                           Load    Length   Top    Selector   Space  Class

                reset_vec                      000000  000004  000004         0       0  CODE    
                cstackCOMRAM                   000001  000035  000036         1       1  COMRAM  
                intcode                        000008  00000A  000012         4       0  CODE    
                cstackBANK0                    000060  000044  0000A4        60       1  BANK0   
                smallconst                     000800  000022  000822       400       0  SMALLCON
                text24                         000822  001377  001B99       411       0  CODE    


UNUSED ADDRESS RANGES

        Name                Unused          Largest block    Delta
        BANK0            0000A4-0000FF               5C
        BANK1            000100-0001FF              100
        BANK2            000200-0002FF              100
        BANK3            000300-0003FF              100
        BANK4            000400-0004FF              100
        BANK5            000500-0005FF              100
        BANK6            000600-0006FF              100
        BANK7            000700-0007FF              100
        BIGRAM           000036-00005F               2A
                         0000A4-0007FF              75C
        CODE             000004-000007                4
                         000012-0007FF              7EE
                         001B99-007FFF             6467
        COMRAM           000036-00005F               2A
        CONST            000004-000007                4
                         000012-0007FF              7EE
                         001B99-007FFF             6467
        EEDATA           F00000-F000FF              100
        MEDIUMCONST      001B99-007FFF             6467
        RAM              0000A4-0007FF              100
        SFR              000F60-000FFF               A0
        SMALLCONST       001B99-007FFF              100
        STACK            0000A4-0007FF              75C

                                  Symbol Table

?___ftadd                   cstackBANK0  000068
?___ftdiv                   cstackBANK0  00007A
?___ftmul                   cstackBANK0  00006B
?___ftpack                  cstackBANK0  000060
?___ftsub                   cstackBANK0  000074
?___fttol                   cstackBANK0  00007A
?___lbtoft                  cstackBANK0  000068
?i2___ftmul                 cstackCOMRAM 00000D
?i2___ftpack                cstackCOMRAM 000001
?i2___fttol                 cstackCOMRAM 00001C
?i2___lbtoft                cstackCOMRAM 000009
ConfiguraLCD@a              cstackCOMRAM 00002B
DireccionaLCD@a             cstackBANK0  000063
EnviaDato@a                 cstackBANK0  000062
EscribeLCD_c@a              cstackBANK0  000063
LecturaEntrada@entrada      cstackCOMRAM 00001C
MensajeLCD_Var@a            cstackBANK0  000064
RetardoLCD@a                cstackBANK0  000060
Transmitir@BufferT          cstackCOMRAM 00002B
TransmitirMensaje@a         cstackBANK0  000060
_ADCON1                     (abs)        000FC1
_Activado                   bssCOMRAM    000031
_BAUDCON                    (abs)        000FB8
_BorraLCD                   text13       001B5E
_CCP1CON                    (abs)        000FBD
_CCPR1L                     (abs)        000FBE
_CasoGiro                   bssBANK0     0000A1
_ConfiguraLCD               text18       001B2E
_DatoRecibido               bssCOMRAM    000033
_DeltaDuty                  bssBANK0     00009D
_DireccionaLCD              text14       001B16
_Duty                       nvBANK0      00008F
_DutyF                      nvBANK0      000092
_DutyF2                     bssBANK0     00009A
_DutyI                      nvBANK0      000095
_En                         bssCOMRAM    000032
_EnviaDato                  text15       00199C
_EscribeLCD_c               text11       001AFE
_GIE                        (abs)        007F97
_HabilitaLCD                text17       001B72
_ISR                        intcode      000008
_IdaYvuelta                 bssBANK0     0000A0
_InicializaLCD              text12       001832
_LATD                       (abs)        000F8C
_LATD1                      (abs)        007C61
_LATD2                      (abs)        007C62
_LATD3                      (abs)        007C63
_LATE                       (abs)        000F8D
_LATE0                      (abs)        007C68
_LATE1                      (abs)        007C69
_LecturaEntrada             text24       000822
_MensajeLCD_Var             text10       001A8A
_N                          bssBANK0     0000A3
_PEIE                       (abs)        007F96
_PR2                        (abs)        000FCB
_RB7                        (abs)        007C0F
_RBIE                       (abs)        007F93
_RBIF                       (abs)        007F90
_RCIE                       (abs)        007CED
_RCIF                       (abs)        007CF5
_RCREG                      (abs)        000FAE
_RCSTA                      (abs)        000FAB
_Recibir                    text22       001B46
_RetardoLCD                 text16       001942
_SPBRG                      (abs)        000FAF
_T1CON                      (abs)        000FCD
_T2CON                      (abs)        000FCA
_TMR1                       (abs)        000FCE
_TMR1IE                     (abs)        007CE8
_TMR1IF                     (abs)        007CF0
_TMR2                       (abs)        000FCC
_TMR2ON                     (abs)        007E52
_TRISC1                     (abs)        007CA1
_TRISC2                     (abs)        007CA2
_TRISD                      (abs)        000F95
_TRISE0                     (abs)        007CB0
_TRISE1                     (abs)        007CB1
_TRMT                       (abs)        007D61
_TXREG                      (abs)        000FAD
_TXSTA                      (abs)        000FAC
_TiempoA                    nvBANK0      000098
_Transmitir                 text9        001B80
_TransmitirMensaje          text8        001A60
_Van0                       bssCOMRAM    00002C
__HRAM                      (abs)        000000
__Habs1                     abs1         000000
__Hbank0                    bank0        000000
__Hbank1                    bank1        000000
__Hbank2                    bank2        000000
__Hbank3                    bank3        000000
__Hbank4                    bank4        000000
__Hbank5                    bank5        000000
__Hbank6                    bank6        000000
__Hbank7                    bank7        000000
__Hbigbss                   bigbss       000000
__Hbigdata                  bigdata      000000
__Hbigram                   bigram       000000
__Hbss                      bss          000000
__HbssBANK0                 bssBANK0     000000
__HbssCOMRAM                bssCOMRAM    000000
__Hcinit                    cinit        000000
__Hclrtext                  clrtext      000000
__Hcomram                   comram       000000
__Hconfig                   config       30000E
__Hconst                    const        000000
__HcstackBANK0              cstackBANK0  000000
__HcstackCOMRAM             cstackCOMRAM 000000
__Hdata                     data         000000
__HdataCOMRAM               dataCOMRAM   000000
__Heeprom_data              eeprom_data  000000
__Hfarbss                   farbss       000000
__Hfardata                  fardata      000000
__Hibigdata                 ibigdata     000000
__Hidata                    idata        000000
__HidataCOMRAM              idataCOMRAM  000000
__Hidloc                    idloc        200008
__Hifardata                 ifardata     000000
__Hinit                     init         000012
__Hintcode                  intcode      00000E
__Hintcode_body             intcode_body 000000
__Hintcodelo                intcodelo    00000E
__Hintentry                 intentry     000000
__Hintret                   intret       000000
__Hintsave_regs             intsave_regs 000000
__Hirdata                   irdata       000000
__Hmediumconst              mediumconst  000000
__HnvBANK0                  nvBANK0      000000
__HnvFARRAM                 nvFARRAM     000000
__Hnvbit                    nvbit        000000
__Hnvrram                   nvrram       000000
__Hparam                    rparam       000000
__Hpowerup                  powerup      00000E
__Hram                      ram          000000
__Hramtop                   ramtop       000800
__Hrbit                     rbit         000000
__Hrbss                     rbss         000000
__Hrdata                    rdata        000000
__Hreset_vec                reset_vec    000004
__Hrparam                   rparam       000000
__Hsfr                      sfr          000000
__Hsmallconst               smallconst   000822
__Hspace_0                  (abs)        001B99
__Hspace_1                  (abs)        0000A4
__Hspace_2                  (abs)        000000
__Hspace_4                  (abs)        60000E
__Hstack                    stack        000000
__Hstruct                   struct       000000
__Htemp                     temp         000036
__Htext                     text         000000
__Htext0                    text0        000000
__Htext1                    text1        000000
__Htext10                   text10       000000
__Htext11                   text11       000000
__Htext12                   text12       000000
__Htext13                   text13       000000
__Htext14                   text14       000000
__Htext15                   text15       000000
__Htext16                   text16       000000
__Htext17                   text17       000000
__Htext18                   text18       000000
__Htext2                    text2        000000
__Htext20                   text20       000000
__Htext21                   text21       000000
__Htext22                   text22       000000
__Htext23                   text23       000000
__Htext24                   text24       000000
__Htext25                   text25       000000
__Htext26                   text26       000000
__Htext27                   text27       000000
__Htext3                    text3        000000
__Htext4                    text4        000000
__Htext5                    text5        000000
__Htext6                    text6        000000
__Htext7                    text7        000000
__Htext8                    text8        000000
__Htext9                    text9        000000
__LRAM                      (abs)        000001
__Labs1                     abs1         000000
__Lbank0                    bank0        000000
__Lbank1                    bank1        000000
__Lbank2                    bank2        000000
__Lbank3                    bank3        000000
__Lbank4                    bank4        000000
__Lbank5                    bank5        000000
__Lbank6                    bank6        000000
__Lbank7                    bank7        000000
__Lbigbss                   bigbss       000000
__Lbigdata                  bigdata      000000
__Lbigram                   bigram       000000
__Lbss                      bss          000000
__LbssBANK0                 bssBANK0     000000
__LbssCOMRAM                bssCOMRAM    000000
__Lcinit                    cinit        000000
__Lclrtext                  clrtext      000000
__Lcomram                   comram       000000
__Lconfig                   config       000000
__Lconst                    const        000000
__LcstackBANK0              cstackBANK0  000000
__LcstackCOMRAM             cstackCOMRAM 000000
__Ldata                     data         000000
__LdataCOMRAM               dataCOMRAM   000000
__Leeprom_data              eeprom_data  000000
__Lfarbss                   farbss       000000
__Lfardata                  fardata      000000
__Libigdata                 ibigdata     000000
__Lidata                    idata        000000
__LidataCOMRAM              idataCOMRAM  000000
__Lidloc                    idloc        000000
__Lifardata                 ifardata     000000
__Linit                     init         00000E
__Lintcode                  intcode      000008
__Lintcode_body             intcode_body 000000
__Lintcodelo                intcodelo    00000E
__Lintentry                 intentry     000000
__Lintret                   intret       000000
__Lintsave_regs             intsave_regs 000000
__Lirdata                   irdata       000000
__Lmediumconst              mediumconst  000000
__LnvBANK0                  nvBANK0      000000
__LnvFARRAM                 nvFARRAM     000000
__Lnvbit                    nvbit        000000
__Lnvrram                   nvrram       000000
__Lparam                    rparam       000000
__Lpowerup                  powerup      00000E
__Lram                      ram          000000
__Lramtop                   ramtop       000800
__Lrbit                     rbit         000000
__Lrbss                     rbss         000000
__Lrdata                    rdata        000000
__Lreset_vec                reset_vec    000000
__Lrparam                   rparam       000000
__Lsfr                      sfr          000000
__Lsmallconst               smallconst   000800
__Lspace_0                  (abs)        000000
__Lspace_1                  (abs)        000000
__Lspace_2                  (abs)        000000
__Lspace_4                  (abs)        000000
__Lstack                    stack        000000
__Lstruct                   struct       000000
__Ltemp                     temp         000035
__Ltext                     text         000000
__Ltext0                    text0        000000
__Ltext1                    text1        000000
__Ltext10                   text10       000000
__Ltext11                   text11       000000
__Ltext12                   text12       000000
__Ltext13                   text13       000000
__Ltext14                   text14       000000
__Ltext15                   text15       000000
__Ltext16                   text16       000000
__Ltext17                   text17       000000
__Ltext18                   text18       000000
__Ltext2                    text2        000000
__Ltext20                   text20       000000
__Ltext21                   text21       000000
__Ltext22                   text22       000000
__Ltext23                   text23       000000
__Ltext24                   text24       000000
__Ltext25                   text25       000000
__Ltext26                   text26       000000
__Ltext27                   text27       000000
__Ltext3                    text3        000000
__Ltext4                    text4        000000
__Ltext5                    text5        000000
__Ltext6                    text6        000000
__Ltext7                    text7        000000
__Ltext8                    text8        000000
__Ltext9                    text9        000000
__S0                        (abs)        001B99
__S1                        (abs)        0000A4
__S2                        (abs)        000000
__S4                        (abs)        000000
__S5                        (abs)        000000
___ftadd                    text4        000FF8
___ftadd@exp1               cstackBANK0  000073
___ftadd@exp2               cstackBANK0  000072
___ftadd@f1                 cstackBANK0  000068
___ftadd@f2                 cstackBANK0  00006B
___ftadd@sign               cstackBANK0  000071
___ftdiv                    text6        001388
___ftdiv@cntr               cstackBANK0  000083
___ftdiv@exp                cstackBANK0  000087
___ftdiv@f1                 cstackBANK0  00007A
___ftdiv@f2                 cstackBANK0  00007D
___ftdiv@f3                 cstackBANK0  000084
___ftdiv@sign               cstackBANK0  000088
___ftge                     text27       0018CE
___ftge@ff1                 cstackCOMRAM 000001
___ftge@ff2                 cstackCOMRAM 000004
___ftmul                    text5        0011A0
___ftmul@cntr               cstackBANK0  000078
___ftmul@exp                cstackBANK0  000074
___ftmul@f1                 cstackBANK0  00006B
___ftmul@f2                 cstackBANK0  00006E
___ftmul@f3_as_product      cstackBANK0  000075
___ftmul@sign               cstackBANK0  000079
___ftpack                   text7        0016D6
___ftpack@arg               cstackBANK0  000060
___ftpack@exp               cstackBANK0  000063
___ftpack@sign              cstackBANK0  000064
___ftsub                    text3        0019E8
___ftsub@f1                 cstackBANK0  000074
___ftsub@f2                 cstackBANK0  000077
___fttol                    text2        00146E
___fttol@exp1               cstackBANK0  000088
___fttol@f1                 cstackBANK0  00007A
___fttol@lval               cstackBANK0  000084
___fttol@sign1              cstackBANK0  000083
___inthi_sp                 stack        000000
___intlo_sp                 stack        000000
___lbtoft                   text1        001AB4
___lbtoft@c                 cstackCOMRAM 00002B
___param_bank               (abs)        000000
___rparam_used              (abs)        000001
___sp                       stack        000000
__accesstop                 (abs)        000060
__activetblptr              (abs)        000002
__end_of_BorraLCD           text13       001B72
__end_of_ConfiguraLCD       text18       001B46
__end_of_DireccionaLCD      text14       001B2E
__end_of_EnviaDato          text15       0019E8
__end_of_EscribeLCD_c       text11       001B16
__end_of_HabilitaLCD        text17       001B80
__end_of_ISR                intcode_body 0016D6
__end_of_InicializaLCD      text12       0018CE
__end_of_LecturaEntrada     text24       000D9E
__end_of_MensajeLCD_Var     text10       001AB4
__end_of_Recibir            text22       001B5E
__end_of_RetardoLCD         text16       00199C
__end_of_Transmitir         text9        001B8C
__end_of_TransmitirMensaje  text8        001A8A
__end_of___ftadd            text4        0011A0
__end_of___ftdiv            text6        00146E
__end_of___ftge             text27       001942
__end_of___ftmul            text5        001294
__end_of___ftpack           text7        001784
__end_of___ftsub            text3        001A28
__end_of___fttol            text2        001542
__end_of___lbtoft           text1        001ADA
__end_of__initialization    cinit        001A52
__end_of_main               text0        000FF8
__end_ofi2_Transmitir       text23       001B98
__end_ofi2___ftmul          text25       001388
__end_ofi2___ftpack         text26       001832
__end_ofi2___fttol          text21       001614
__end_ofi2___lbtoft         text20       001AFE
__initialization            cinit        001A28
__mediumconst               mediumconst  000000
__pbssBANK0                 bssBANK0     00009A
__pbssCOMRAM                bssCOMRAM    00002C
__pcinit                    cinit        001A28
__pcstackBANK0              cstackBANK0  000060
__pcstackCOMRAM             cstackCOMRAM 000001
__pdataCOMRAM               dataCOMRAM   000034
__pidataCOMRAM              idataCOMRAM  001B98
__pintcode                  intcode      000008
__pintcode_body             intcode_body 001614
__pnvBANK0                  nvBANK0      00008F
__psmallconst               smallconst   000800
__ptext0                    text0        000D9E
__ptext1                    text1        001AB4
__ptext10                   text10       001A8A
__ptext11                   text11       001AFE
__ptext12                   text12       001832
__ptext13                   text13       001B5E
__ptext14                   text14       001B16
__ptext15                   text15       00199C
__ptext16                   text16       001942
__ptext17                   text17       001B72
__ptext18                   text18       001B2E
__ptext2                    text2        00146E
__ptext20                   text20       001ADA
__ptext21                   text21       001542
__ptext22                   text22       001B46
__ptext23                   text23       001B8C
__ptext24                   text24       000822
__ptext25                   text25       001294
__ptext26                   text26       001784
__ptext27                   text27       0018CE
__ptext3                    text3        0019E8
__ptext4                    text4        000FF8
__ptext5                    text5        0011A0
__ptext6                    text6        001388
__ptext7                    text7        0016D6
__ptext8                    text8        001A60
__ptext9                    text9        001B80
__ramtop                    ramtop       000800
__size_of_BorraLCD          (abs)        000000
__size_of_ConfiguraLCD      (abs)        000000
__size_of_DireccionaLCD     (abs)        000000
__size_of_EnviaDato         (abs)        000000
__size_of_EscribeLCD_c      (abs)        000000
__size_of_HabilitaLCD       (abs)        000000
__size_of_ISR               (abs)        000000
__size_of_InicializaLCD     (abs)        000000
__size_of_LecturaEntrada    (abs)        000000
__size_of_MensajeLCD_Var    (abs)        000000
__size_of_Recibir           (abs)        000000
__size_of_RetardoLCD        (abs)        000000
__size_of_Transmitir        (abs)        000000
__size_of_TransmitirMensaje (abs)        000000
__size_of___ftadd           (abs)        000000
__size_of___ftdiv           (abs)        000000
__size_of___ftge            (abs)        000000
__size_of___ftmul           (abs)        000000
__size_of___ftpack          (abs)        000000
__size_of___ftsub           (abs)        000000
__size_of___fttol           (abs)        000000
__size_of___lbtoft          (abs)        000000
__size_of_main              (abs)        000000
__size_ofi2_Transmitir      (abs)        000000
__size_ofi2___ftmul         (abs)        000000
__size_ofi2___ftpack        (abs)        000000
__size_ofi2___fttol         (abs)        000000
__size_ofi2___lbtoft        (abs)        000000
__smallconst                smallconst   000800
_delay                      bssCOMRAM    00002F
_interfaz                   dataCOMRAM   000034
_main                       text0        000D9E
_n                          bssBANK0     0000A2
_precision                  nvBANK0      000099
btemp                       temp         000035
end_of_initialization       cinit        001A52
i2Transmitir@BufferT        cstackCOMRAM 000001
i2_Transmitir               text23       001B8C
i2___ftmul                  text25       001294
i2___ftmul@cntr             cstackCOMRAM 00001A
i2___ftmul@exp              cstackCOMRAM 000016
i2___ftmul@f1               cstackCOMRAM 00000D
i2___ftmul@f2               cstackCOMRAM 000010
i2___ftmul@f3_as_product    cstackCOMRAM 000017
i2___ftmul@sign             cstackCOMRAM 00001B
i2___ftpack                 text26       001784
i2___ftpack@arg             cstackCOMRAM 000001
i2___ftpack@exp             cstackCOMRAM 000004
i2___ftpack@sign            cstackCOMRAM 000005
i2___fttol                  text21       001542
i2___fttol@exp1             cstackCOMRAM 00002A
i2___fttol@f1               cstackCOMRAM 00001C
i2___fttol@lval             cstackCOMRAM 000026
i2___fttol@sign1            cstackCOMRAM 000025
i2___lbtoft                 text20       001ADA
i2___lbtoft@c               cstackCOMRAM 00000C
int$flags                   temp         000035
int_func                    intcode_body 001614
intlevel0                   text         000000
intlevel1                   text         000000
intlevel2                   text         000000
intlevel3                   text         000000
isa$std                     (abs)        000001
isa$xinst                   (abs)        000000
stackhi                     (abs)        0007FF
stacklo                     (abs)        0000A4
start                       init         00000E
start_initialization        cinit        001A28
ttemp5                      temp         000036
ttemp6                      temp         000039
ttemp7                      temp         00003D
wtemp8                      temp         000036


MODULE INFORMATION

Module		Function		Class		Link	Load	Size
LibLCDXC8.h
		_DireccionaLCD 		CODE           	1B16	0000	24
		_InicializaLCD 		CODE           	1832	0000	156
		_EnviaDato     		CODE           	199C	0000	76
		_MensajeLCD_Var		CODE           	1A8A	0000	42
		_EscribeLCD_c  		CODE           	1AFE	0000	24
		_HabilitaLCD   		CODE           	1B72	0000	14
		_ConfiguraLCD  		CODE           	1B2E	0000	24
		_BorraLCD      		CODE           	1B5E	0000	20
		_RetardoLCD    		CODE           	1942	0000	90

LibLCDXC8.h estimated size: 470

C:\Program Files\Microchip\xc8\v2.32\pic\sources\c90\common\ftsub.c
		___ftsub       		CODE           	19E8	0000	64

C:\Program Files\Microchip\xc8\v2.32\pic\sources\c90\common\ftsub.c estimated size: 64

C:\Program Files\Microchip\xc8\v2.32\pic\sources\c90\common\ftge.c
		___ftge        		CODE           	18CE	0000	116

C:\Program Files\Microchip\xc8\v2.32\pic\sources\c90\common\ftge.c estimated size: 116

C:\Program Files\Microchip\xc8\v2.32\pic\sources\c90\common\lbtoft.c
		___lbtoft      		CODE           	1AB4	0000	38

C:\Program Files\Microchip\xc8\v2.32\pic\sources\c90\common\lbtoft.c estimated size: 38

C:\Program Files\Microchip\xc8\v2.32\pic\sources\c90\common\float.c
		___ftpack      		CODE           	16D6	0000	174

C:\Program Files\Microchip\xc8\v2.32\pic\sources\c90\common\float.c estimated size: 174

C:\Program Files\Microchip\xc8\v2.32\pic\sources\c90\common\ftmul.c
		___ftmul       		CODE           	11A0	0000	244

C:\Program Files\Microchip\xc8\v2.32\pic\sources\c90\common\ftmul.c estimated size: 244

C:\Program Files\Microchip\xc8\v2.32\pic\sources\c90\common\ftdiv.c
		___ftdiv       		CODE           	1388	0000	230

C:\Program Files\Microchip\xc8\v2.32\pic\sources\c90\common\ftdiv.c estimated size: 230

shared
		i2___lbtoft    		CODE           	1ADA	0000	36
		i2___fttol     		CODE           	1542	0000	210
		i2___ftmul     		CODE           	1294	0000	244
		i2___ftpack    		CODE           	1784	0000	174
		__initialization		CODE           	1A28	0000	42
		i2_Transmitir  		CODE           	1B8C	0000	12

shared estimated size: 718

Lab6.c
		_ISR           		CODE           	0008	0000	200
		_main          		CODE           	0D9E	0000	602
		_Transmitir    		CODE           	1B80	0000	12
		_LecturaEntrada		CODE           	0822	0000	1404
		_TransmitirMensaje		CODE           	1A60	0000	42
		_Recibir       		CODE           	1B46	0000	24

Lab6.c estimated size: 2284

C:\Program Files\Microchip\xc8\v2.32\pic\sources\c90\common\fttol.c
		___fttol       		CODE           	146E	0000	212

C:\Program Files\Microchip\xc8\v2.32\pic\sources\c90\common\fttol.c estimated size: 212

C:\Program Files\Microchip\xc8\v2.32\pic\sources\c90\common\ftadd.c
		___ftadd       		CODE           	0FF8	0000	424

C:\Program Files\Microchip\xc8\v2.32\pic\sources\c90\common\ftadd.c estimated size: 424

