Microchip MPLAB XC8 Compiler V2.32

Linker command line:

-W-3 --edf=C:\Program Files\Microchip\xc8\v2.32\pic\dat\en_msgs.txt -cn \
  -h+dist/default/production\ProyectoCarro.X.production.sym \
  --cmf=dist/default/production\ProyectoCarro.X.production.cmf -z -Q18F4550 \
  -oC:\Users\andre\AppData\Local\Temp\xcAsar0.4 \
  -Mdist/default/production/ProyectoCarro.X.production.map -E1 \
  -ver=XC8 Compiler -ASTACK=06Fh-07FFh -pstack=STACK -ACODE=00h-07FFFh \
  -ACONST=00h-07FFFh -ASMALLCONST=0800h-08FFhx120 \
  -AMEDIUMCONST=0800h-07FFFh -ACOMRAM=01h-05Fh -AABS1=00h-07FFh \
  -ABIGRAM=01h-07FFh -ARAM=060h-0FFh,0100h-01FFhx7 -ABANK0=060h-0FFh \
  -ABANK1=0100h-01FFh -ABANK2=0200h-02FFh -ABANK3=0300h-03FFh \
  -ABANK4=0400h-04FFh -ABANK5=0500h-05FFh -ABANK6=0600h-06FFh \
  -ABANK7=0700h-07FFh -ASFR=0F60h-0FFFh -ACONFIG=0300000h-030000Dh \
  -AIDLOC=0200000h-0200007h -AEEDATA=0F00000h-0F000FFh -peeprom_data=EEDATA \
  -preset_vec=00h,intcode=08h,intcodelo,powerup,init -pramtop=0800h \
  -psmallconst=SMALLCONST -pmediumconst=MEDIUMCONST -pconst=CONST \
  -AFARRAM=00h-00h \
  -prdata=COMRAM,nvrram=COMRAM,nvbit=COMRAM,rbss=COMRAM,rbit=COMRAM \
  -pfarbss=FARRAM,fardata=FARRAM,nvFARRAM=FARRAM \
  -pintsave_regs=BIGRAM,bigbss=BIGRAM,bigdata=BIGRAM -pbss=RAM \
  -pidata=CODE,irdata=CODE,ibigdata=CODE,ifardata=CODE -prparam=COMRAM \
  C:\Users\andre\AppData\Local\Temp\xcAsar0.obj \
  dist/default/production\ProyectoCarro.X.production.obj 

Object code version is 3.11

Machine type is 18F4550



                Name                               Link     Load   Length Selector   Space Scale
C:\Users\andre\AppData\Local\Temp\xcAsar0.obj
                idloc                            200000   200000        8        0       5
                config                           300000   300000        E        0       4
                init                                  E        E        4        4       0
                reset_vec                             0        0        4        0       0
dist/default/production\ProyectoCarro.X.production.obj
                intcode                               8        8        6        4       0
                idloc                            200000   200000        8        0       5
                config                           300000   300000        E        0       4
                temp                                 3C       3C        1        1       1
                text13                             138C     138C       AE        4       0
                text12                             1118     1118       F4        4       0
                text11                             120C     120C       D2        4       0
                text10                             1578     1578       24        4       0
                text9                                12       12      F54        4       0
                text8                              15A8     15A8        8        4       0
                intcode_body                       1504     1504       2A        4       0
                text6                              14DA     14DA       2A        4       0
                text5                              159C     159C        C        4       0
                text4                              143A     143A       74        4       0
                text3                              12DE     12DE       AE        4       0
                text2                              1554     1554       24        4       0
                text1                              152E     152E       26        4       0
                text0                               F66      F66      1B2        4       0
                cstackCOMRAM                          1        1       2B        1       1
                cstackBANK0                          60       60        F       60       1
                dataCOMRAM                           3B       3B        1        1       1
                bssCOMRAM                            2C       2C        8        1       1
                cinit                              14AE     14AE       2C        4       0
                nvCOMRAM                             34       34        7        1       1
                idataCOMRAM                        15B0     15B0        1        4       0

TOTAL           Name                               Link     Load   Length     Space
        CLASS   STACK          

        CLASS   CODE           
                intcode                               8        8        6         0
                init                                  E        E        4         0
                reset_vec                             0        0        4         0
                text13                             138C     138C       AE         0
                text12                             1118     1118       F4         0
                text11                             120C     120C       D2         0
                text10                             1578     1578       24         0
                text9                                12       12      F54         0
                text8                              15A8     15A8        8         0
                intcode_body                       1504     1504       2A         0
                text6                              14DA     14DA       2A         0
                text5                              159C     159C        C         0
                text4                              143A     143A       74         0
                text3                              12DE     12DE       AE         0
                text2                              1554     1554       24         0
                text1                              152E     152E       26         0
                text0                               F66      F66      1B2         0
                cinit                              14AE     14AE       2C         0
                idataCOMRAM                        15B0     15B0        1         0

        CLASS   CONST          

        CLASS   SMALLCONST     

        CLASS   MEDIUMCONST    

        CLASS   COMRAM         
                temp                                 3C       3C        1         1
                cstackCOMRAM                          1        1       2B         1
                dataCOMRAM                           3B       3B        1         1
                bssCOMRAM                            2C       2C        8         1
                nvCOMRAM                             34       34        7         1

        CLASS   ABS1           

        CLASS   BIGRAM         

        CLASS   RAM            

        CLASS   BANK0          
                cstackBANK0                          60       60        F         1

        CLASS   BANK1          

        CLASS   BANK2          

        CLASS   BANK3          

        CLASS   BANK4          

        CLASS   BANK5          

        CLASS   BANK6          

        CLASS   BANK7          

        CLASS   SFR            

        CLASS   CONFIG         
                config                           300000   300000        E         4

        CLASS   IDLOC          
                idloc                            200000   200000        8         5

        CLASS   EEDATA         

        CLASS   FARRAM         



SEGMENTS        Name                           Load    Length   Top    Selector   Space  Class

                reset_vec                      000000  000004  000004         0       0  CODE    
                cstackCOMRAM                   000001  00003C  00003D         1       1  COMRAM  
                intcode                        000008  0015A9  0015B1         4       0  CODE    
                cstackBANK0                    000060  00000F  00006F        60       1  BANK0   


UNUSED ADDRESS RANGES

        Name                Unused          Largest block    Delta
        BANK0            00006F-0000FF               91
        BANK1            000100-0001FF              100
        BANK2            000200-0002FF              100
        BANK3            000300-0003FF              100
        BANK4            000400-0004FF              100
        BANK5            000500-0005FF              100
        BANK6            000600-0006FF              100
        BANK7            000700-0007FF              100
        BIGRAM           00003D-00005F               23
                         00006F-0007FF              791
        CODE             000004-000007                4
                         0015B1-007FFF             6A4F
        COMRAM           00003D-00005F               23
        CONST            000004-000007                4
                         0015B1-007FFF             6A4F
        EEDATA           F00000-F000FF              100
        MEDIUMCONST      0015B1-007FFF             6A4F
        RAM              00006F-0007FF              100
        SFR              000F60-000FFF               A0
        SMALLCONST       0015B1-007FFF              100
        STACK            00006F-0007FF              791

                                  Symbol Table

?_Conversion             cstackBANK0  000060
?___ftmul                cstackCOMRAM 00000D
?___ftpack               cstackBANK0  000060
?___fttol                cstackCOMRAM 00001C
?___lbtoft               cstackCOMRAM 000009
?___lwtoft               cstackBANK0  00006A
?___wmul                 cstackBANK0  000064
?i2___ftpack             cstackCOMRAM 000001
Conversion@canal         cstackBANK0  000063
LecturaEntrada@entrada   cstackCOMRAM 00002B
Transmitir@BufferT       cstackBANK0  000060
_ADCON0                  (abs)        000FC2
_ADCON1                  (abs)        000FC1
_ADCON2                  (abs)        000FC0
_ADRES                   (abs)        000FC3
_BAUDCON                 (abs)        000FB8
_CCP1CON                 (abs)        000FBD
_CCP2CON                 (abs)        000FBA
_CCPR1L                  (abs)        000FBE
_CCPR2L                  (abs)        000FBB
_Caso                    bssCOMRAM    000032
_Conversion              text6        0014DA
_DatoRecibido            bssCOMRAM    000033
_Duty                    bssCOMRAM    00002C
_GIE                     (abs)        007F97
_GO                      (abs)        007E11
_IRCF0                   (abs)        007E9C
_IRCF1                   (abs)        007E9D
_ISR                     intcode      000008
_LATB                    (abs)        000F8A
_LATD                    (abs)        000F8C
_LecturaEntrada          text9        000012
_PEIE                    (abs)        007F96
_PR2                     (abs)        000FCB
_RBIF                    (abs)        007F90
_RCIE                    (abs)        007CED
_RCIF                    (abs)        007CF5
_RCREG                   (abs)        000FAE
_RCSTA                   (abs)        000FAB
_Recibir                 text8        0015A8
_SPBRG                   (abs)        000FAF
_T0CON                   (abs)        000FD5
_T2CON                   (abs)        000FCA
_TMR0                    (abs)        000FD6
_TMR0IE                  (abs)        007F95
_TMR0IF                  (abs)        007F92
_TMR2                    (abs)        000FCC
_TMR2ON                  (abs)        007E52
_TRISB                   (abs)        000F93
_TRISC1                  (abs)        007CA1
_TRISC2                  (abs)        007CA2
_TRISD                   (abs)        000F95
_TRISE0                  (abs)        007CB0
_TRISE1                  (abs)        007CB1
_TRMT                    (abs)        007D61
_TXREG                   (abs)        000FAD
_TXSTA                   (abs)        000FAC
_Transmitir              text5        00159C
_Van0                    nvCOMRAM     000037
_Van1                    nvCOMRAM     000034
_Van2                    bssCOMRAM    00002F
__HRAM                   (abs)        000000
__Habs1                  abs1         000000
__Hbank0                 bank0        000000
__Hbank1                 bank1        000000
__Hbank2                 bank2        000000
__Hbank3                 bank3        000000
__Hbank4                 bank4        000000
__Hbank5                 bank5        000000
__Hbank6                 bank6        000000
__Hbank7                 bank7        000000
__Hbigbss                bigbss       000000
__Hbigdata               bigdata      000000
__Hbigram                bigram       000000
__Hbss                   bss          000000
__HbssCOMRAM             bssCOMRAM    000000
__Hcinit                 cinit        000000
__Hclrtext               clrtext      000000
__Hcomram                comram       000000
__Hconfig                config       30000E
__Hconst                 const        000000
__HcstackBANK0           cstackBANK0  000000
__HcstackCOMRAM          cstackCOMRAM 000000
__Hdata                  data         000000
__HdataCOMRAM            dataCOMRAM   000000
__Heeprom_data           eeprom_data  000000
__Hfarbss                farbss       000000
__Hfardata               fardata      000000
__Hibigdata              ibigdata     000000
__Hidata                 idata        000000
__HidataCOMRAM           idataCOMRAM  000000
__Hidloc                 idloc        200008
__Hifardata              ifardata     000000
__Hinit                  init         000012
__Hintcode               intcode      00000E
__Hintcode_body          intcode_body 000000
__Hintcodelo             intcodelo    00000E
__Hintentry              intentry     000000
__Hintret                intret       000000
__Hintsave_regs          intsave_regs 000000
__Hirdata                irdata       000000
__Hmediumconst           mediumconst  000000
__HnvCOMRAM              nvCOMRAM     000000
__HnvFARRAM              nvFARRAM     000000
__Hnvbit                 nvbit        000000
__Hnvrram                nvrram       000000
__Hparam                 rparam       000000
__Hpowerup               powerup      00000E
__Hram                   ram          000000
__Hramtop                ramtop       000800
__Hrbit                  rbit         000000
__Hrbss                  rbss         000000
__Hrdata                 rdata        000000
__Hreset_vec             reset_vec    000004
__Hrparam                rparam       000000
__Hsfr                   sfr          000000
__Hsmallconst            smallconst   000000
__Hspace_0               (abs)        0015B1
__Hspace_1               (abs)        00006F
__Hspace_2               (abs)        000000
__Hspace_4               (abs)        60000E
__Hstack                 stack        000000
__Hstruct                struct       000000
__Htemp                  temp         00003D
__Htext                  text         000000
__Htext0                 text0        000000
__Htext1                 text1        000000
__Htext10                text10       000000
__Htext11                text11       000000
__Htext12                text12       000000
__Htext13                text13       000000
__Htext2                 text2        000000
__Htext3                 text3        000000
__Htext4                 text4        000000
__Htext5                 text5        000000
__Htext6                 text6        000000
__Htext8                 text8        000000
__Htext9                 text9        000000
__LRAM                   (abs)        000001
__Labs1                  abs1         000000
__Lbank0                 bank0        000000
__Lbank1                 bank1        000000
__Lbank2                 bank2        000000
__Lbank3                 bank3        000000
__Lbank4                 bank4        000000
__Lbank5                 bank5        000000
__Lbank6                 bank6        000000
__Lbank7                 bank7        000000
__Lbigbss                bigbss       000000
__Lbigdata               bigdata      000000
__Lbigram                bigram       000000
__Lbss                   bss          000000
__LbssCOMRAM             bssCOMRAM    000000
__Lcinit                 cinit        000000
__Lclrtext               clrtext      000000
__Lcomram                comram       000000
__Lconfig                config       000000
__Lconst                 const        000000
__LcstackBANK0           cstackBANK0  000000
__LcstackCOMRAM          cstackCOMRAM 000000
__Ldata                  data         000000
__LdataCOMRAM            dataCOMRAM   000000
__Leeprom_data           eeprom_data  000000
__Lfarbss                farbss       000000
__Lfardata               fardata      000000
__Libigdata              ibigdata     000000
__Lidata                 idata        000000
__LidataCOMRAM           idataCOMRAM  000000
__Lidloc                 idloc        000000
__Lifardata              ifardata     000000
__Linit                  init         00000E
__Lintcode               intcode      000008
__Lintcode_body          intcode_body 000000
__Lintcodelo             intcodelo    00000E
__Lintentry              intentry     000000
__Lintret                intret       000000
__Lintsave_regs          intsave_regs 000000
__Lirdata                irdata       000000
__Lmediumconst           mediumconst  000000
__LnvCOMRAM              nvCOMRAM     000000
__LnvFARRAM              nvFARRAM     000000
__Lnvbit                 nvbit        000000
__Lnvrram                nvrram       000000
__Lparam                 rparam       000000
__Lpowerup               powerup      00000E
__Lram                   ram          000000
__Lramtop                ramtop       000800
__Lrbit                  rbit         000000
__Lrbss                  rbss         000000
__Lrdata                 rdata        000000
__Lreset_vec             reset_vec    000000
__Lrparam                rparam       000000
__Lsfr                   sfr          000000
__Lsmallconst            smallconst   000000
__Lspace_0               (abs)        000000
__Lspace_1               (abs)        000000
__Lspace_2               (abs)        000000
__Lspace_4               (abs)        000000
__Lstack                 stack        000000
__Lstruct                struct       000000
__Ltemp                  temp         00003C
__Ltext                  text         000000
__Ltext0                 text0        000000
__Ltext1                 text1        000000
__Ltext10                text10       000000
__Ltext11                text11       000000
__Ltext12                text12       000000
__Ltext13                text13       000000
__Ltext2                 text2        000000
__Ltext3                 text3        000000
__Ltext4                 text4        000000
__Ltext5                 text5        000000
__Ltext6                 text6        000000
__Ltext8                 text8        000000
__Ltext9                 text9        000000
__S0                     (abs)        0015B1
__S1                     (abs)        00006F
__S2                     (abs)        000000
__S4                     (abs)        000000
__S5                     (abs)        000000
___ftge                  text4        00143A
___ftge@ff1              cstackBANK0  000060
___ftge@ff2              cstackBANK0  000063
___ftmul                 text12       001118
___ftmul@cntr            cstackCOMRAM 00001A
___ftmul@exp             cstackCOMRAM 000016
___ftmul@f1              cstackCOMRAM 00000D
___ftmul@f2              cstackCOMRAM 000010
___ftmul@f3_as_product   cstackCOMRAM 000017
___ftmul@sign            cstackCOMRAM 00001B
___ftpack                text3        0012DE
___ftpack@arg            cstackBANK0  000060
___ftpack@exp            cstackBANK0  000063
___ftpack@sign           cstackBANK0  000064
___fttol                 text11       00120C
___fttol@exp1            cstackCOMRAM 00002A
___fttol@f1              cstackCOMRAM 00001C
___fttol@lval            cstackCOMRAM 000026
___fttol@sign1           cstackCOMRAM 000025
___inthi_sp              stack        000000
___intlo_sp              stack        000000
___lbtoft                text10       001578
___lbtoft@c              cstackCOMRAM 00000C
___lwtoft                text2        001554
___lwtoft@c              cstackBANK0  00006A
___param_bank            (abs)        000000
___rparam_used           (abs)        000001
___sp                    stack        000000
___wmul                  text1        00152E
___wmul@multiplicand     cstackBANK0  000066
___wmul@multiplier       cstackBANK0  000064
___wmul@product          cstackBANK0  000068
__accesstop              (abs)        000060
__activetblptr           (abs)        000002
__end_of_Conversion      text6        001504
__end_of_ISR             intcode_body 00152E
__end_of_LecturaEntrada  text9        000F66
__end_of_Recibir         text8        0015B0
__end_of_Transmitir      text5        0015A8
__end_of___ftge          text4        0014AE
__end_of___ftmul         text12       00120C
__end_of___ftpack        text3        00138C
__end_of___fttol         text11       0012DE
__end_of___lbtoft        text10       00159C
__end_of___lwtoft        text2        001578
__end_of___wmul          text1        001554
__end_of__initialization cinit        0014CC
__end_of_main            text0        001118
__end_ofi2___ftpack      text13       00143A
__initialization         cinit        0014AE
__mediumconst            mediumconst  000000
__pbssCOMRAM             bssCOMRAM    00002C
__pcinit                 cinit        0014AE
__pcstackBANK0           cstackBANK0  000060
__pcstackCOMRAM          cstackCOMRAM 000001
__pdataCOMRAM            dataCOMRAM   00003B
__pidataCOMRAM           idataCOMRAM  0015B0
__pintcode               intcode      000008
__pintcode_body          intcode_body 001504
__pnvCOMRAM              nvCOMRAM     000034
__ptext0                 text0        000F66
__ptext1                 text1        00152E
__ptext10                text10       001578
__ptext11                text11       00120C
__ptext12                text12       001118
__ptext13                text13       00138C
__ptext2                 text2        001554
__ptext3                 text3        0012DE
__ptext4                 text4        00143A
__ptext5                 text5        00159C
__ptext6                 text6        0014DA
__ptext8                 text8        0015A8
__ptext9                 text9        000012
__ramtop                 ramtop       000800
__size_of_Conversion     (abs)        000000
__size_of_ISR            (abs)        000000
__size_of_LecturaEntrada (abs)        000000
__size_of_Recibir        (abs)        000000
__size_of_Transmitir     (abs)        000000
__size_of___ftge         (abs)        000000
__size_of___ftmul        (abs)        000000
__size_of___ftpack       (abs)        000000
__size_of___fttol        (abs)        000000
__size_of___lbtoft       (abs)        000000
__size_of___lwtoft       (abs)        000000
__size_of___wmul         (abs)        000000
__size_of_main           (abs)        000000
__size_ofi2___ftpack     (abs)        000000
__smallconst             smallconst   000000
_activado                nvCOMRAM     00003A
_interfaz                dataCOMRAM   00003B
_main                    text0        000F66
btemp                    temp         00003C
end_of_initialization    cinit        0014CC
i2___ftpack              text13       00138C
i2___ftpack@arg          cstackCOMRAM 000001
i2___ftpack@exp          cstackCOMRAM 000004
i2___ftpack@sign         cstackCOMRAM 000005
int$flags                temp         00003C
int_func                 intcode_body 001504
intlevel0                text         000000
intlevel1                text         000000
intlevel2                text         000000
intlevel3                text         000000
isa$std                  (abs)        000001
isa$xinst                (abs)        000000
stackhi                  (abs)        0007FF
stacklo                  (abs)        00006F
start                    init         00000E
start_initialization     cinit        0014AE
ttemp5                   temp         00003D
ttemp6                   temp         000040
ttemp7                   temp         000044
wtemp8                   temp         00003D


MODULE INFORMATION

Module		Function		Class		Link	Load	Size
C:\Program Files\Microchip\xc8\v2.32\pic\sources\c90\common\ftge.c
		___ftge        		CODE           	143A	0000	116

C:\Program Files\Microchip\xc8\v2.32\pic\sources\c90\common\ftge.c estimated size: 116

C:\Program Files\Microchip\xc8\v2.32\pic\sources\c90\common\lbtoft.c
		___lbtoft      		CODE           	1578	0000	36

C:\Program Files\Microchip\xc8\v2.32\pic\sources\c90\common\lbtoft.c estimated size: 36

C:\Program Files\Microchip\xc8\v2.32\pic\sources\c90\common\float.c
		___ftpack      		CODE           	12DE	0000	174

C:\Program Files\Microchip\xc8\v2.32\pic\sources\c90\common\float.c estimated size: 174

C:\Program Files\Microchip\xc8\v2.32\pic\sources\c90\common\ftmul.c
		___ftmul       		CODE           	1118	0000	244

C:\Program Files\Microchip\xc8\v2.32\pic\sources\c90\common\ftmul.c estimated size: 244

C:\Program Files\Microchip\xc8\v2.32\pic\sources\c90\common\lwtoft.c
		___lwtoft      		CODE           	1554	0000	36

C:\Program Files\Microchip\xc8\v2.32\pic\sources\c90\common\lwtoft.c estimated size: 36

shared
		i2___ftpack    		CODE           	138C	0000	174
		__initialization		CODE           	14AE	0000	30

shared estimated size: 204

ProyectoCarro.c
		_ISR           		CODE           	0008	0000	48
		_main          		CODE           	0F66	0000	434
		_Transmitir    		CODE           	159C	0000	12
		_LecturaEntrada		CODE           	0012	0000	3924
		_Conversion    		CODE           	14DA	0000	42
		_Recibir       		CODE           	15A8	0000	8

ProyectoCarro.c estimated size: 4468

C:\Program Files\Microchip\xc8\v2.32\pic\sources\c90\common\fttol.c
		___fttol       		CODE           	120C	0000	210

C:\Program Files\Microchip\xc8\v2.32\pic\sources\c90\common\fttol.c estimated size: 210

C:\Program Files\Microchip\xc8\v2.32\pic\sources\c90\common\Umul16.c
		___wmul        		CODE           	152E	0000	38

C:\Program Files\Microchip\xc8\v2.32\pic\sources\c90\common\Umul16.c estimated size: 38

