Microchip MPLAB XC8 Compiler V2.32

Linker command line:

-W-3 --edf=C:\Program Files\Microchip\xc8\v2.32\pic\dat\en_msgs.txt -cn \
  -h+dist/default/production\ProyectoMaestro.X.production.sym \
  --cmf=dist/default/production\ProyectoMaestro.X.production.cmf -z \
  -Q18F4550 -oC:\Users\andre\AppData\Local\Temp\xcAsc8g.4 \
  -Mdist/default/production/ProyectoMaestro.X.production.map -E1 \
  -ver=XC8 Compiler -ASTACK=060h-07FFh -pstack=STACK -ACODE=00h-07FFFh \
  -ACONST=00h-07FFFh -ASMALLCONST=0800h-08FFhx120 \
  -AMEDIUMCONST=0800h-07FFFh -ACOMRAM=01h-05Fh -AABS1=00h-07FFh \
  -ABIGRAM=01h-07FFh -ARAM=060h-0FFh,0100h-01FFhx7 -ABANK0=060h-0FFh \
  -ABANK1=0100h-01FFh -ABANK2=0200h-02FFh -ABANK3=0300h-03FFh \
  -ABANK4=0400h-04FFh -ABANK5=0500h-05FFh -ABANK6=0600h-06FFh \
  -ABANK7=0700h-07FFh -ASFR=0F60h-0FFFh -ACONFIG=0300000h-030000Dh \
  -AIDLOC=0200000h-0200007h -AEEDATA=0F00000h-0F000FFh -peeprom_data=EEDATA \
  -preset_vec=00h,intcode=08h,intcodelo,powerup,init -pramtop=0800h \
  -psmallconst=SMALLCONST -pmediumconst=MEDIUMCONST -pconst=CONST \
  -AFARRAM=00h-00h \
  -prdata=COMRAM,nvrram=COMRAM,nvbit=COMRAM,rbss=COMRAM,rbit=COMRAM \
  -pfarbss=FARRAM,fardata=FARRAM,nvFARRAM=FARRAM \
  -pintsave_regs=BIGRAM,bigbss=BIGRAM,bigdata=BIGRAM -pbss=RAM \
  -pidata=CODE,irdata=CODE,ibigdata=CODE,ifardata=CODE -prparam=COMRAM \
  C:\Users\andre\AppData\Local\Temp\xcAsc8g.obj \
  dist/default/production\ProyectoMaestro.X.production.obj 

Object code version is 3.11

Machine type is 18F4550



                Name                               Link     Load   Length Selector   Space Scale
C:\Users\andre\AppData\Local\Temp\xcAsc8g.obj
                idloc                            200000   200000        8        0       5
                config                           300000   300000        E        0       4
                init                                  E        E        4        4       0
                reset_vec                             0        0        4        0       0
dist/default/production\ProyectoMaestro.X.production.obj
                intcode                               8        8        6        4       0
                idloc                            200000   200000        8        0       5
                config                           300000   300000        E        0       4
                temp                                 22       22        1        1       1
                smallconst                          800      800       3C      400       0
                intcode_body                        DB4      DB4       22      41E       0
                text16                              DD6      DD6       18      41E       0
                text15                              D6A      D6A       26      41E       0
                text14                              E2E      E2E        E      41E       0
                text13                              C0A      C0A       66      41E       0
                text12                              C70      C70       46      41E       0
                text11                              E04      E04       16      41E       0
                text10                              E1A      E1A       14      41E       0
                text9                               B6E      B6E       9C      41E       0
                text8                               DEE      DEE       16      41E       0
                text7                               D42      D42       28      41E       0
                text6                               E3C      E3C        8      41E       0
                text5                               AC0      AC0       AE      41E       0
                text4                               CB6      CB6       38      41E       0
                text3                               9EE      9EE       D2      41E       0
                text2                               D90      D90       24      41E       0
                text1                               D1A      D1A       28      41E       0
                text0                               83C      83C      1B2      41E       0
                cstackCOMRAM                          1        1       19        1       1
                dataCOMRAM                           21       21        1        1       1
                bssCOMRAM                            1A       1A        7        1       1
                cinit                               CEE      CEE       2C      41E       0
                idataCOMRAM                         E44      E44        1      41E       0

TOTAL           Name                               Link     Load   Length     Space
        CLASS   STACK          

        CLASS   CODE           
                intcode                               8        8        6         0
                init                                  E        E        4         0
                reset_vec                             0        0        4         0
                intcode_body                        DB4      DB4       22         0
                text16                              DD6      DD6       18         0
                text15                              D6A      D6A       26         0
                text14                              E2E      E2E        E         0
                text13                              C0A      C0A       66         0
                text12                              C70      C70       46         0
                text11                              E04      E04       16         0
                text10                              E1A      E1A       14         0
                text9                               B6E      B6E       9C         0
                text8                               DEE      DEE       16         0
                text7                               D42      D42       28         0
                text6                               E3C      E3C        8         0
                text5                               AC0      AC0       AE         0
                text4                               CB6      CB6       38         0
                text3                               9EE      9EE       D2         0
                text2                               D90      D90       24         0
                text1                               D1A      D1A       28         0
                text0                               83C      83C      1B2         0
                cinit                               CEE      CEE       2C         0
                idataCOMRAM                         E44      E44        1         0

        CLASS   CONST          

        CLASS   SMALLCONST     
                smallconst                          800      800       3C         0

        CLASS   MEDIUMCONST    

        CLASS   COMRAM         
                temp                                 22       22        1         1
                cstackCOMRAM                          1        1       19         1
                dataCOMRAM                           21       21        1         1
                bssCOMRAM                            1A       1A        7         1

        CLASS   ABS1           

        CLASS   BIGRAM         

        CLASS   RAM            

        CLASS   BANK0          

        CLASS   BANK1          

        CLASS   BANK2          

        CLASS   BANK3          

        CLASS   BANK4          

        CLASS   BANK5          

        CLASS   BANK6          

        CLASS   BANK7          

        CLASS   SFR            

        CLASS   CONFIG         
                config                           300000   300000        E         4

        CLASS   IDLOC          
                idloc                            200000   200000        8         5

        CLASS   EEDATA         

        CLASS   FARRAM         



SEGMENTS        Name                           Load    Length   Top    Selector   Space  Class

                reset_vec                      000000  000004  000004         0       0  CODE    
                cstackCOMRAM                   000001  000022  000023         1       1  COMRAM  
                intcode                        000008  00000A  000012         4       0  CODE    
                smallconst                     000800  00003C  00083C       400       0  SMALLCON
                text0                          00083C  000609  000E45       41E       0  CODE    


UNUSED ADDRESS RANGES

        Name                Unused          Largest block    Delta
        BANK0            000060-0000FF               A0
        BANK1            000100-0001FF              100
        BANK2            000200-0002FF              100
        BANK3            000300-0003FF              100
        BANK4            000400-0004FF              100
        BANK5            000500-0005FF              100
        BANK6            000600-0006FF              100
        BANK7            000700-0007FF              100
        BIGRAM           000023-0007FF              7DD
        CODE             000004-000007                4
                         000012-0007FF              7EE
                         000E45-007FFF             71BB
        COMRAM           000023-00005F               3D
        CONST            000004-000007                4
                         000012-0007FF              7EE
                         000E45-007FFF             71BB
        EEDATA           F00000-F000FF              100
        MEDIUMCONST      000E45-007FFF             71BB
        RAM              000060-0007FF              100
        SFR              000F60-000FFF               A0
        SMALLCONST       000E45-007FFF              100
        STACK            000060-0007FF              7A0

                                  Symbol Table

?_Conversion             cstackCOMRAM 000001
?___awtoft               cstackCOMRAM 000014
?___ftpack               cstackCOMRAM 000001
?___fttol                cstackCOMRAM 000001
?___lwtoft               cstackCOMRAM 000009
?_abs                    cstackCOMRAM 000010
ConfiguraLCD@a           cstackCOMRAM 000001
Conversion@canal         cstackCOMRAM 000004
DireccionaLCD@a          cstackCOMRAM 000005
EnviaDato@a              cstackCOMRAM 000004
EscribeLCD_c@a           cstackCOMRAM 000005
MensajeLCD_Var@a         cstackCOMRAM 000006
RetardoLCD@a             cstackCOMRAM 000002
_ADCON0                  (abs)        000FC2
_ADCON1                  (abs)        000FC1
_ADCON2                  (abs)        000FC0
_ADRES                   (abs)        000FC3
_BAUDCON                 (abs)        000FB8
_BorraLCD                text10       000E1A
_Caso                    bssCOMRAM    000020
_ConfiguraLCD            text16       000DD6
_Conversion              text15       000D6A
_DireccionaLCD           text11       000E04
_EnviaDato               text12       000C70
_EscribeLCD_c            text8        000DEE
_GIE                     (abs)        007F97
_GO                      (abs)        007E11
_HabilitaLCD             text14       000E2E
_IRCF0                   (abs)        007E9C
_IRCF1                   (abs)        007E9D
_ISR                     intcode      000008
_InicializaLCD           text9        000B6E
_LATA3                   (abs)        007C4B
_LATB                    (abs)        000F8A
_LATD                    (abs)        000F8C
_LATD1                   (abs)        007C61
_LATD2                   (abs)        007C62
_LATD3                   (abs)        007C63
_MensajeLCD_Var          text7        000D42
_PEIE                    (abs)        007F96
_RCIF                    (abs)        007CF5
_RCREG                   (abs)        000FAE
_RCSTA                   (abs)        000FAB
_Recibir                 text6        000E3C
_RetardoLCD              text13       000C0A
_SPBRG                   (abs)        000FAF
_T0CON                   (abs)        000FD5
_TMR0                    (abs)        000FD6
_TMR0IE                  (abs)        007F95
_TMR0IF                  (abs)        007F92
_TRISA3                  (abs)        007C93
_TRISB                   (abs)        000F93
_TRISD                   (abs)        000F95
_TRISE0                  (abs)        007CB0
_TRISE1                  (abs)        007CB1
_TXSTA                   (abs)        000FAC
_Van0                    bssCOMRAM    00001D
_Van1                    bssCOMRAM    00001A
__HRAM                   (abs)        000000
__Habs1                  abs1         000000
__Hbank0                 bank0        000000
__Hbank1                 bank1        000000
__Hbank2                 bank2        000000
__Hbank3                 bank3        000000
__Hbank4                 bank4        000000
__Hbank5                 bank5        000000
__Hbank6                 bank6        000000
__Hbank7                 bank7        000000
__Hbigbss                bigbss       000000
__Hbigdata               bigdata      000000
__Hbigram                bigram       000000
__Hbss                   bss          000000
__HbssCOMRAM             bssCOMRAM    000000
__Hcinit                 cinit        000000
__Hclrtext               clrtext      000000
__Hcomram                comram       000000
__Hconfig                config       30000E
__Hconst                 const        000000
__HcstackCOMRAM          cstackCOMRAM 000000
__Hdata                  data         000000
__HdataCOMRAM            dataCOMRAM   000000
__Heeprom_data           eeprom_data  000000
__Hfarbss                farbss       000000
__Hfardata               fardata      000000
__Hibigdata              ibigdata     000000
__Hidata                 idata        000000
__HidataCOMRAM           idataCOMRAM  000000
__Hidloc                 idloc        200008
__Hifardata              ifardata     000000
__Hinit                  init         000012
__Hintcode               intcode      00000E
__Hintcode_body          intcode_body 000000
__Hintcodelo             intcodelo    00000E
__Hintentry              intentry     000000
__Hintret                intret       000000
__Hintsave_regs          intsave_regs 000000
__Hirdata                irdata       000000
__Hmediumconst           mediumconst  000000
__HnvFARRAM              nvFARRAM     000000
__Hnvbit                 nvbit        000000
__Hnvrram                nvrram       000000
__Hparam                 rparam       000000
__Hpowerup               powerup      00000E
__Hram                   ram          000000
__Hramtop                ramtop       000800
__Hrbit                  rbit         000000
__Hrbss                  rbss         000000
__Hrdata                 rdata        000000
__Hreset_vec             reset_vec    000004
__Hrparam                rparam       000000
__Hsfr                   sfr          000000
__Hsmallconst            smallconst   00083C
__Hspace_0               (abs)        000E45
__Hspace_1               (abs)        000023
__Hspace_2               (abs)        000000
__Hspace_4               (abs)        60000E
__Hstack                 stack        000000
__Hstruct                struct       000000
__Htemp                  temp         000023
__Htext                  text         000000
__Htext0                 text0        000000
__Htext1                 text1        000000
__Htext10                text10       000000
__Htext11                text11       000000
__Htext12                text12       000000
__Htext13                text13       000000
__Htext14                text14       000000
__Htext15                text15       000000
__Htext16                text16       000000
__Htext2                 text2        000000
__Htext3                 text3        000000
__Htext4                 text4        000000
__Htext5                 text5        000000
__Htext6                 text6        000000
__Htext7                 text7        000000
__Htext8                 text8        000000
__Htext9                 text9        000000
__LRAM                   (abs)        000001
__Labs1                  abs1         000000
__Lbank0                 bank0        000000
__Lbank1                 bank1        000000
__Lbank2                 bank2        000000
__Lbank3                 bank3        000000
__Lbank4                 bank4        000000
__Lbank5                 bank5        000000
__Lbank6                 bank6        000000
__Lbank7                 bank7        000000
__Lbigbss                bigbss       000000
__Lbigdata               bigdata      000000
__Lbigram                bigram       000000
__Lbss                   bss          000000
__LbssCOMRAM             bssCOMRAM    000000
__Lcinit                 cinit        000000
__Lclrtext               clrtext      000000
__Lcomram                comram       000000
__Lconfig                config       000000
__Lconst                 const        000000
__LcstackCOMRAM          cstackCOMRAM 000000
__Ldata                  data         000000
__LdataCOMRAM            dataCOMRAM   000000
__Leeprom_data           eeprom_data  000000
__Lfarbss                farbss       000000
__Lfardata               fardata      000000
__Libigdata              ibigdata     000000
__Lidata                 idata        000000
__LidataCOMRAM           idataCOMRAM  000000
__Lidloc                 idloc        000000
__Lifardata              ifardata     000000
__Linit                  init         00000E
__Lintcode               intcode      000008
__Lintcode_body          intcode_body 000000
__Lintcodelo             intcodelo    00000E
__Lintentry              intentry     000000
__Lintret                intret       000000
__Lintsave_regs          intsave_regs 000000
__Lirdata                irdata       000000
__Lmediumconst           mediumconst  000000
__LnvFARRAM              nvFARRAM     000000
__Lnvbit                 nvbit        000000
__Lnvrram                nvrram       000000
__Lparam                 rparam       000000
__Lpowerup               powerup      00000E
__Lram                   ram          000000
__Lramtop                ramtop       000800
__Lrbit                  rbit         000000
__Lrbss                  rbss         000000
__Lrdata                 rdata        000000
__Lreset_vec             reset_vec    000000
__Lrparam                rparam       000000
__Lsfr                   sfr          000000
__Lsmallconst            smallconst   000800
__Lspace_0               (abs)        000000
__Lspace_1               (abs)        000000
__Lspace_2               (abs)        000000
__Lspace_4               (abs)        000000
__Lstack                 stack        000000
__Lstruct                struct       000000
__Ltemp                  temp         000022
__Ltext                  text         000000
__Ltext0                 text0        000000
__Ltext1                 text1        000000
__Ltext10                text10       000000
__Ltext11                text11       000000
__Ltext12                text12       000000
__Ltext13                text13       000000
__Ltext14                text14       000000
__Ltext15                text15       000000
__Ltext16                text16       000000
__Ltext2                 text2        000000
__Ltext3                 text3        000000
__Ltext4                 text4        000000
__Ltext5                 text5        000000
__Ltext6                 text6        000000
__Ltext7                 text7        000000
__Ltext8                 text8        000000
__Ltext9                 text9        000000
__S0                     (abs)        000E45
__S1                     (abs)        000023
__S2                     (abs)        000000
__S4                     (abs)        000000
__S5                     (abs)        000000
___awtoft                text4        000CB6
___awtoft@c              cstackCOMRAM 000014
___awtoft@sign           cstackCOMRAM 000017
___ftpack                text5        000AC0
___ftpack@arg            cstackCOMRAM 000001
___ftpack@exp            cstackCOMRAM 000004
___ftpack@sign           cstackCOMRAM 000005
___fttol                 text3        0009EE
___fttol@exp1            cstackCOMRAM 00000F
___fttol@f1              cstackCOMRAM 000001
___fttol@lval            cstackCOMRAM 00000B
___fttol@sign1           cstackCOMRAM 00000A
___inthi_sp              stack        000000
___intlo_sp              stack        000000
___lwtoft                text2        000D90
___lwtoft@c              cstackCOMRAM 000009
___param_bank            (abs)        000000
___rparam_used           (abs)        000001
___sp                    stack        000000
__accesstop              (abs)        000060
__activetblptr           (abs)        000002
__end_of_BorraLCD        text10       000E2E
__end_of_ConfiguraLCD    text16       000DEE
__end_of_Conversion      text15       000D90
__end_of_DireccionaLCD   text11       000E1A
__end_of_EnviaDato       text12       000CB6
__end_of_EscribeLCD_c    text8        000E04
__end_of_HabilitaLCD     text14       000E3C
__end_of_ISR             intcode_body 000DD6
__end_of_InicializaLCD   text9        000C0A
__end_of_MensajeLCD_Var  text7        000D6A
__end_of_Recibir         text6        000E44
__end_of_RetardoLCD      text13       000C70
__end_of___awtoft        text4        000CEE
__end_of___ftpack        text5        000B6E
__end_of___fttol         text3        000AC0
__end_of___lwtoft        text2        000DB4
__end_of__initialization cinit        000D0C
__end_of_abs             text1        000D42
__end_of_main            text0        0009EE
__initialization         cinit        000CEE
__mediumconst            mediumconst  000000
__pbssCOMRAM             bssCOMRAM    00001A
__pcinit                 cinit        000CEE
__pcstackCOMRAM          cstackCOMRAM 000001
__pdataCOMRAM            dataCOMRAM   000021
__pidataCOMRAM           idataCOMRAM  000E44
__pintcode               intcode      000008
__pintcode_body          intcode_body 000DB4
__psmallconst            smallconst   000800
__ptext0                 text0        00083C
__ptext1                 text1        000D1A
__ptext10                text10       000E1A
__ptext11                text11       000E04
__ptext12                text12       000C70
__ptext13                text13       000C0A
__ptext14                text14       000E2E
__ptext15                text15       000D6A
__ptext16                text16       000DD6
__ptext2                 text2        000D90
__ptext3                 text3        0009EE
__ptext4                 text4        000CB6
__ptext5                 text5        000AC0
__ptext6                 text6        000E3C
__ptext7                 text7        000D42
__ptext8                 text8        000DEE
__ptext9                 text9        000B6E
__ramtop                 ramtop       000800
__size_of_BorraLCD       (abs)        000000
__size_of_ConfiguraLCD   (abs)        000000
__size_of_Conversion     (abs)        000000
__size_of_DireccionaLCD  (abs)        000000
__size_of_EnviaDato      (abs)        000000
__size_of_EscribeLCD_c   (abs)        000000
__size_of_HabilitaLCD    (abs)        000000
__size_of_ISR            (abs)        000000
__size_of_InicializaLCD  (abs)        000000
__size_of_MensajeLCD_Var (abs)        000000
__size_of_Recibir        (abs)        000000
__size_of_RetardoLCD     (abs)        000000
__size_of___awtoft       (abs)        000000
__size_of___ftpack       (abs)        000000
__size_of___fttol        (abs)        000000
__size_of___lwtoft       (abs)        000000
__size_of_abs            (abs)        000000
__size_of_main           (abs)        000000
__smallconst             smallconst   000800
_abs                     text1        000D1A
_interfaz                dataCOMRAM   000021
_main                    text0        00083C
abs@a                    cstackCOMRAM 000010
btemp                    temp         000022
end_of_initialization    cinit        000D0C
int$flags                temp         000022
int_func                 intcode_body 000DB4
intlevel0                text         000000
intlevel1                text         000000
intlevel2                text         000000
intlevel3                text         000000
isa$std                  (abs)        000001
isa$xinst                (abs)        000000
stackhi                  (abs)        0007FF
stacklo                  (abs)        000060
start                    init         00000E
start_initialization     cinit        000CEE
ttemp5                   temp         000023
ttemp6                   temp         000026
ttemp7                   temp         00002A
wtemp8                   temp         000023


MODULE INFORMATION

Module		Function		Class		Link	Load	Size
ProyectoMaestro.c
		_ISR           		CODE           	0008	0000	40
		_main          		CODE           	083C	0000	434
		_Conversion    		CODE           	0D6A	0000	38
		_Recibir       		CODE           	0E3C	0000	8

ProyectoMaestro.c estimated size: 520

LibLCDXC8.h
		_DireccionaLCD 		CODE           	0E04	0000	22
		_InicializaLCD 		CODE           	0B6E	0000	156
		_EnviaDato     		CODE           	0C70	0000	70
		_MensajeLCD_Var		CODE           	0D42	0000	40
		_EscribeLCD_c  		CODE           	0DEE	0000	22
		_HabilitaLCD   		CODE           	0E2E	0000	14
		_ConfiguraLCD  		CODE           	0DD6	0000	24
		_BorraLCD      		CODE           	0E1A	0000	20
		_RetardoLCD    		CODE           	0C0A	0000	102

LibLCDXC8.h estimated size: 470

C:\Program Files\Microchip\xc8\v2.32\pic\sources\c90\common\awtoft.c
		___awtoft      		CODE           	0CB6	0000	56

C:\Program Files\Microchip\xc8\v2.32\pic\sources\c90\common\awtoft.c estimated size: 56

C:\Program Files\Microchip\xc8\v2.32\pic\sources\c90\common\float.c
		___ftpack      		CODE           	0AC0	0000	174

C:\Program Files\Microchip\xc8\v2.32\pic\sources\c90\common\float.c estimated size: 174

C:\Program Files\Microchip\xc8\v2.32\pic\sources\c90\common\lwtoft.c
		___lwtoft      		CODE           	0D90	0000	36

C:\Program Files\Microchip\xc8\v2.32\pic\sources\c90\common\lwtoft.c estimated size: 36

C:\Program Files\Microchip\xc8\v2.32\pic\sources\c90\common\abs.c
		_abs           		CODE           	0D1A	0000	40

C:\Program Files\Microchip\xc8\v2.32\pic\sources\c90\common\abs.c estimated size: 40

shared
		__initialization		CODE           	0CEE	0000	30

shared estimated size: 30

C:\Program Files\Microchip\xc8\v2.32\pic\sources\c90\common\fttol.c
		___fttol       		CODE           	09EE	0000	210

C:\Program Files\Microchip\xc8\v2.32\pic\sources\c90\common\fttol.c estimated size: 210

