Microchip MPLAB XC8 Compiler V2.32

Linker command line:

-W-3 --edf=C:\Program Files\Microchip\xc8\v2.32\pic\dat\en_msgs.txt -cn \
  -h+dist/default/production\Lab5.X.production.sym \
  --cmf=dist/default/production\Lab5.X.production.cmf -z -Q18F4550 \
  -oC:\Users\andre\AppData\Local\Temp\xcAs9rs.4 \
  -Mdist/default/production/Lab5.X.production.map -E1 -ver=XC8 Compiler \
  -ASTACK=06Dh-07FFh -pstack=STACK -ACODE=00h-07FFFh -ACONST=00h-07FFFh \
  -ASMALLCONST=0800h-08FFhx120 -AMEDIUMCONST=0800h-07FFFh -ACOMRAM=01h-05Fh \
  -AABS1=00h-07FFh -ABIGRAM=01h-07FFh -ARAM=060h-0FFh,0100h-01FFhx7 \
  -ABANK0=060h-0FFh -ABANK1=0100h-01FFh -ABANK2=0200h-02FFh \
  -ABANK3=0300h-03FFh -ABANK4=0400h-04FFh -ABANK5=0500h-05FFh \
  -ABANK6=0600h-06FFh -ABANK7=0700h-07FFh -ASFR=0F60h-0FFFh \
  -ACONFIG=0300000h-030000Dh -AIDLOC=0200000h-0200007h \
  -AEEDATA=0F00000h-0F000FFh -peeprom_data=EEDATA \
  -preset_vec=00h,intcode=08h,intcodelo,powerup,init -pramtop=0800h \
  -psmallconst=SMALLCONST -pmediumconst=MEDIUMCONST -pconst=CONST \
  -AFARRAM=00h-00h \
  -prdata=COMRAM,nvrram=COMRAM,nvbit=COMRAM,rbss=COMRAM,rbit=COMRAM \
  -pfarbss=FARRAM,fardata=FARRAM,nvFARRAM=FARRAM \
  -pintsave_regs=BIGRAM,bigbss=BIGRAM,bigdata=BIGRAM -pbss=RAM \
  -pidata=CODE,irdata=CODE,ibigdata=CODE,ifardata=CODE -prparam=COMRAM \
  C:\Users\andre\AppData\Local\Temp\xcAs9rs.obj \
  dist/default/production\Lab5.X.production.obj 

Object code version is 3.11

Machine type is 18F4550



                Name                               Link     Load   Length Selector   Space Scale
C:\Users\andre\AppData\Local\Temp\xcAs9rs.obj
                idloc                            200000   200000        8        0       5
                config                           300000   300000        E        0       4
                init                                  E        E        4        4       0
                reset_vec                             0        0        4        0       0
dist/default/production\Lab5.X.production.obj
                intcode                               8        8        6        4       0
                idloc                            200000   200000        8        0       5
                config                           300000   300000        E        0       4
                temp                                 5F       5F        1        1       1
                smallconst                          800      800       62      400       0
                intcode_body                       29EA     29EA       1E      431       0
                text36                             2570     2570       74      431       0
                text35                             1DBE     1DBE      110      431       0
                text34                             2A08     2A08       18      431       0
                text33                             29A0     29A0       26      431       0
                text32                             2A60     2A60        E      431       0
                text31                             276C     276C       56      431       0
                text30                             2814     2814       46      431       0
                text29                             2A36     2A36       16      431       0
                text28                             289C     289C       3A      431       0
                text27                             2900     2900       2A      431       0
                text26                             20A8     20A8       E6      431       0
                text25                             25E4     25E4       70      431       0
                text24                             2328     2328       AE      431       0
                text23                             1ECE     1ECE       F4      431       0
                text22                             218E     218E       D2      431       0
                text21                             24F4     24F4       7C      431       0
                text20                             2A20     2A20       16      431       0
                text19                             28D6     28D6       2A      431       0
                text18                             2A4C     2A4C       14      431       0
                text17                             23D6     23D6       9C      431       0
                text16                             2A6E     2A6E        C      431       0
                text15                             2952     2952       28      431       0
                text14                             27C2     27C2       52      431       0
                text13                             285A     285A       42      431       0
                text12                             297A     297A       26      431       0
                text11                             1B32     1B32      156      431       0
                text10                             26BA     26BA       5A      431       0
                text9                              29C6     29C6       24      431       0
                text8                              198A     198A      1A8      431       0
                text7                              1FC2     1FC2       E6      431       0
                text6                              1C88     1C88      136      431       0
                text5                              2472     2472       82      431       0
                text4                              2654     2654       66      431       0
                text3                               862      862      EC8      431       0
                text2                              292A     292A       28      431       0
                text1                              2260     2260       C8      431       0
                text0                              172A     172A      260      431       0
                cstackCOMRAM                          1        1       54        1       1
                dataBANK0                            60       60        8       60       1
                bssBANK0                             68       68        5       60       1
                dataCOMRAM                           5E       5E        1        1       1
                bssCOMRAM                            55       55        9        1       1
                cinit                              2714     2714       58      431       0
                idataBANK0                         2A7A     2A7A        8      431       0
                idataCOMRAM                        2A82     2A82        1      431       0

TOTAL           Name                               Link     Load   Length     Space
        CLASS   STACK          

        CLASS   CODE           
                intcode                               8        8        6         0
                init                                  E        E        4         0
                reset_vec                             0        0        4         0
                intcode_body                       29EA     29EA       1E         0
                text36                             2570     2570       74         0
                text35                             1DBE     1DBE      110         0
                text34                             2A08     2A08       18         0
                text33                             29A0     29A0       26         0
                text32                             2A60     2A60        E         0
                text31                             276C     276C       56         0
                text30                             2814     2814       46         0
                text29                             2A36     2A36       16         0
                text28                             289C     289C       3A         0
                text27                             2900     2900       2A         0
                text26                             20A8     20A8       E6         0
                text25                             25E4     25E4       70         0
                text24                             2328     2328       AE         0
                text23                             1ECE     1ECE       F4         0
                text22                             218E     218E       D2         0
                text21                             24F4     24F4       7C         0
                text20                             2A20     2A20       16         0
                text19                             28D6     28D6       2A         0
                text18                             2A4C     2A4C       14         0
                text17                             23D6     23D6       9C         0
                text16                             2A6E     2A6E        C         0
                text15                             2952     2952       28         0
                text14                             27C2     27C2       52         0
                text13                             285A     285A       42         0
                text12                             297A     297A       26         0
                text11                             1B32     1B32      156         0
                text10                             26BA     26BA       5A         0
                text9                              29C6     29C6       24         0
                text8                              198A     198A      1A8         0
                text7                              1FC2     1FC2       E6         0
                text6                              1C88     1C88      136         0
                text5                              2472     2472       82         0
                text4                              2654     2654       66         0
                text3                               862      862      EC8         0
                text2                              292A     292A       28         0
                text1                              2260     2260       C8         0
                text0                              172A     172A      260         0
                cinit                              2714     2714       58         0
                idataBANK0                         2A7A     2A7A        8         0
                idataCOMRAM                        2A82     2A82        1         0

        CLASS   CONST          

        CLASS   SMALLCONST     
                smallconst                          800      800       62         0

        CLASS   MEDIUMCONST    

        CLASS   COMRAM         
                temp                                 5F       5F        1         1
                cstackCOMRAM                          1        1       54         1
                dataCOMRAM                           5E       5E        1         1
                bssCOMRAM                            55       55        9         1

        CLASS   ABS1           

        CLASS   BIGRAM         

        CLASS   RAM            

        CLASS   BANK0          
                dataBANK0                            60       60        8         1
                bssBANK0                             68       68        5         1

        CLASS   BANK1          

        CLASS   BANK2          

        CLASS   BANK3          

        CLASS   BANK4          

        CLASS   BANK5          

        CLASS   BANK6          

        CLASS   BANK7          

        CLASS   SFR            

        CLASS   CONFIG         
                config                           300000   300000        E         4

        CLASS   IDLOC          
                idloc                            200000   200000        8         5

        CLASS   EEDATA         

        CLASS   FARRAM         



SEGMENTS        Name                           Load    Length   Top    Selector   Space  Class

                reset_vec                      000000  000004  000004         0       0  CODE    
                cstackCOMRAM                   000001  00005F  000060         1       1  COMRAM  
                intcode                        000008  00000A  000012         4       0  CODE    
                dataBANK0                      000060  00000D  00006D        60       1  BANK0   
                smallconst                     000800  000062  000862       400       0  SMALLCON
                text3                          000862  002221  002A83       431       0  CODE    


UNUSED ADDRESS RANGES

        Name                Unused          Largest block    Delta
        BANK0            00006D-0000FF               93
        BANK1            000100-0001FF              100
        BANK2            000200-0002FF              100
        BANK3            000300-0003FF              100
        BANK4            000400-0004FF              100
        BANK5            000500-0005FF              100
        BANK6            000600-0006FF              100
        BANK7            000700-0007FF              100
        BIGRAM           00006D-0007FF              793
        CODE             000004-000007                4
                         000012-0007FF              7EE
                         002A83-007FFF             557D
        CONST            000004-000007                4
                         000012-0007FF              7EE
                         002A83-007FFF             557D
        EEDATA           F00000-F000FF              100
        MEDIUMCONST      002A83-007FFF             557D
        RAM              00006D-0007FF              100
        SFR              000F60-000FFF               A0
        SMALLCONST       002A83-007FFF              100
        STACK            00006D-0007FF              793

                                  Symbol Table

?_Conversion                     cstackCOMRAM 000001
?___awmod                        cstackCOMRAM 000001
?___ftadd                        cstackCOMRAM 000027
?___ftdiv                        cstackCOMRAM 000018
?___ftmul                        cstackCOMRAM 000009
?___ftpack                       cstackCOMRAM 000001
?___fttol                        cstackCOMRAM 00003D
?___lldiv                        cstackCOMRAM 00000A
?___llmod                        cstackCOMRAM 000001
?___lwdiv                        cstackCOMRAM 000006
?___lwmod                        cstackCOMRAM 000001
?___lwtoft                       cstackCOMRAM 000009
?___wmul                         cstackCOMRAM 000001
?_calcularTemperatura            cstackCOMRAM 000033
ColorRGB@Temp                    cstackCOMRAM 00000C
ConfiguraLCD@a                   cstackCOMRAM 000001
Conversion@canal                 cstackCOMRAM 000004
DireccionaLCD@a                  cstackCOMRAM 000005
EnviaDato@a                      cstackCOMRAM 000004
EscribeLCD_2Decimales@a          cstackCOMRAM 00004C
EscribeLCD_2Decimales@decimalesP cstackCOMRAM 000051
EscribeLCD_2Decimales@num        cstackCOMRAM 00004F
EscribeLCD_2Decimales@unidad     cstackCOMRAM 000052
EscribeLCD_c@a                   cstackCOMRAM 000005
EscribeLCD_n32@a                 cstackCOMRAM 000017
EscribeLCD_n32@b                 cstackCOMRAM 00001B
EscribeLCD_n32@centena           cstackCOMRAM 000032
EscribeLCD_n32@cienmil           cstackCOMRAM 000028
EscribeLCD_n32@cienmillon        cstackCOMRAM 00001C
EscribeLCD_n32@decena            cstackCOMRAM 000034
EscribeLCD_n32@diezmil           cstackCOMRAM 00002C
EscribeLCD_n32@diezmillon        cstackCOMRAM 000020
EscribeLCD_n32@millar            cstackCOMRAM 000030
EscribeLCD_n32@millon            cstackCOMRAM 000024
EscribeLCD_n32@unidad            cstackCOMRAM 000035
EscribeLCD_n8@a                  cstackCOMRAM 00000D
EscribeLCD_n8@b                  cstackCOMRAM 000009
EscribeLCD_n8@centena            cstackCOMRAM 00000A
EscribeLCD_n8@decena             cstackCOMRAM 00000B
EscribeLCD_n8@unidad             cstackCOMRAM 00000C
GuardarASCII@arreglo             cstackCOMRAM 000006
GuardarASCII@cgram               cstackCOMRAM 000007
GuardarASCII@i                   cstackCOMRAM 000008
MensajeLCD_Var@a                 cstackCOMRAM 000006
RetardoLCD@a                     cstackCOMRAM 000002
Transmitir@BufferT               cstackCOMRAM 000001
TransmitirGeneral@b              cstackCOMRAM 000016
TransmitirGeneral@caso           cstackCOMRAM 000018
TransmitirMensaje@a              cstackCOMRAM 000002
TransmitirNumero@a               cstackCOMRAM 00000D
TransmitirNumero@b               cstackCOMRAM 000011
TransmitirNumero@centena         cstackCOMRAM 00000F
TransmitirNumero@decena          cstackCOMRAM 000014
TransmitirNumero@unidad          cstackCOMRAM 000015
TransmitirNumero@var             cstackCOMRAM 000012
_ADCON0                          (abs)        000FC2
_ADCON1                          (abs)        000FC1
_ADCON2                          (abs)        000FC0
_ADRES                           (abs)        000FC3
_BAUDCON                         (abs)        000FB8
_BorraLCD                        text18       002A4C
_ColorRGB                        text35       001DBE
_ConfiguraLCD                    text34       002A08
_Conversion                      text33       0029A0
_DireccionaLCD                   text20       002A20
_EnviaDato                       text30       002814
_EscribeLCD_2Decimales           text21       0024F4
_EscribeLCD_c                    text29       002A36
_EscribeLCD_n32                  text3        000862
_EscribeLCD_n8                   text26       0020A8
_GIE                             (abs)        007F97
_GO                              (abs)        007E11
_GuardarASCII                    text19       0028D6
_HabilitaLCD                     text32       002A60
_ISR                             intcode      000008
_InicializaLCD                   text17       0023D6
_LATB                            (abs)        000F8A
_LATD                            (abs)        000F8C
_LATD0                           (abs)        007C60
_LATD1                           (abs)        007C61
_LATD2                           (abs)        007C62
_LATD3                           (abs)        007C63
_LecturaDS                       bssCOMRAM    00005D
_MensajeLCD_Var                  text2        00292A
_PEIE                            (abs)        007F96
_RBIF                            (abs)        007F90
_RCSTA                           (abs)        000FAB
_RE0                             (abs)        007C20
_RE1                             (abs)        007C21
_RetardoLCD                      text31       00276C
_SPBRG                           (abs)        000FAF
_T1CON                           (abs)        000FCD
_TMR1                            (abs)        000FCE
_TMR1IE                          (abs)        007CE8
_TMR1IF                          (abs)        007CF0
_TRISB                           (abs)        000F93
_TRISD                           (abs)        000F95
_TRISE0                          (abs)        007CB0
_TRISE1                          (abs)        007CB1
_TRMT                            (abs)        007D61
_TXREG                           (abs)        000FAD
_TXSTA                           (abs)        000FAC
_TempAn0                         bssCOMRAM    00005B
_TempCelsius                     bssBANK0     00006B
_Transmitir                      text16       002A6E
_TransmitirGeneral               text10       0026BA
_TransmitirMensaje               text15       002952
_TransmitirNumero                text11       001B32
_Van0                            bssCOMRAM    000058
_Van1                            bssBANK0     000068
_VoltAn1                         bssCOMRAM    000055
__HRAM                           (abs)        000000
__Habs1                          abs1         000000
__Hbank0                         bank0        000000
__Hbank1                         bank1        000000
__Hbank2                         bank2        000000
__Hbank3                         bank3        000000
__Hbank4                         bank4        000000
__Hbank5                         bank5        000000
__Hbank6                         bank6        000000
__Hbank7                         bank7        000000
__Hbigbss                        bigbss       000000
__Hbigdata                       bigdata      000000
__Hbigram                        bigram       000000
__Hbss                           bss          000000
__HbssBANK0                      bssBANK0     000000
__HbssCOMRAM                     bssCOMRAM    000000
__Hcinit                         cinit        000000
__Hclrtext                       clrtext      000000
__Hcomram                        comram       000000
__Hconfig                        config       30000E
__Hconst                         const        000000
__HcstackCOMRAM                  cstackCOMRAM 000000
__Hdata                          data         000000
__HdataBANK0                     dataBANK0    000000
__HdataCOMRAM                    dataCOMRAM   000000
__Heeprom_data                   eeprom_data  000000
__Hfarbss                        farbss       000000
__Hfardata                       fardata      000000
__Hibigdata                      ibigdata     000000
__Hidata                         idata        000000
__HidataBANK0                    idataBANK0   000000
__HidataCOMRAM                   idataCOMRAM  000000
__Hidloc                         idloc        200008
__Hifardata                      ifardata     000000
__Hinit                          init         000012
__Hintcode                       intcode      00000E
__Hintcode_body                  intcode_body 000000
__Hintcodelo                     intcodelo    00000E
__Hintentry                      intentry     000000
__Hintret                        intret       000000
__Hintsave_regs                  intsave_regs 000000
__Hirdata                        irdata       000000
__Hmediumconst                   mediumconst  000000
__HnvFARRAM                      nvFARRAM     000000
__Hnvbit                         nvbit        000000
__Hnvrram                        nvrram       000000
__Hparam                         rparam       000000
__Hpowerup                       powerup      00000E
__Hram                           ram          000000
__Hramtop                        ramtop       000800
__Hrbit                          rbit         000000
__Hrbss                          rbss         000000
__Hrdata                         rdata        000000
__Hreset_vec                     reset_vec    000004
__Hrparam                        rparam       000000
__Hsfr                           sfr          000000
__Hsmallconst                    smallconst   000862
__Hspace_0                       (abs)        002A83
__Hspace_1                       (abs)        00006D
__Hspace_2                       (abs)        000000
__Hspace_4                       (abs)        60000E
__Hstack                         stack        000000
__Hstruct                        struct       000000
__Htemp                          temp         000060
__Htext                          text         000000
__Htext0                         text0        000000
__Htext1                         text1        000000
__Htext10                        text10       000000
__Htext11                        text11       000000
__Htext12                        text12       000000
__Htext13                        text13       000000
__Htext14                        text14       000000
__Htext15                        text15       000000
__Htext16                        text16       000000
__Htext17                        text17       000000
__Htext18                        text18       000000
__Htext19                        text19       000000
__Htext2                         text2        000000
__Htext20                        text20       000000
__Htext21                        text21       000000
__Htext22                        text22       000000
__Htext23                        text23       000000
__Htext24                        text24       000000
__Htext25                        text25       000000
__Htext26                        text26       000000
__Htext27                        text27       000000
__Htext28                        text28       000000
__Htext29                        text29       000000
__Htext3                         text3        000000
__Htext30                        text30       000000
__Htext31                        text31       000000
__Htext32                        text32       000000
__Htext33                        text33       000000
__Htext34                        text34       000000
__Htext35                        text35       000000
__Htext36                        text36       000000
__Htext4                         text4        000000
__Htext5                         text5        000000
__Htext6                         text6        000000
__Htext7                         text7        000000
__Htext8                         text8        000000
__Htext9                         text9        000000
__LRAM                           (abs)        000001
__Labs1                          abs1         000000
__Lbank0                         bank0        000000
__Lbank1                         bank1        000000
__Lbank2                         bank2        000000
__Lbank3                         bank3        000000
__Lbank4                         bank4        000000
__Lbank5                         bank5        000000
__Lbank6                         bank6        000000
__Lbank7                         bank7        000000
__Lbigbss                        bigbss       000000
__Lbigdata                       bigdata      000000
__Lbigram                        bigram       000000
__Lbss                           bss          000000
__LbssBANK0                      bssBANK0     000000
__LbssCOMRAM                     bssCOMRAM    000000
__Lcinit                         cinit        000000
__Lclrtext                       clrtext      000000
__Lcomram                        comram       000000
__Lconfig                        config       000000
__Lconst                         const        000000
__LcstackCOMRAM                  cstackCOMRAM 000000
__Ldata                          data         000000
__LdataBANK0                     dataBANK0    000000
__LdataCOMRAM                    dataCOMRAM   000000
__Leeprom_data                   eeprom_data  000000
__Lfarbss                        farbss       000000
__Lfardata                       fardata      000000
__Libigdata                      ibigdata     000000
__Lidata                         idata        000000
__LidataBANK0                    idataBANK0   000000
__LidataCOMRAM                   idataCOMRAM  000000
__Lidloc                         idloc        000000
__Lifardata                      ifardata     000000
__Linit                          init         00000E
__Lintcode                       intcode      000008
__Lintcode_body                  intcode_body 000000
__Lintcodelo                     intcodelo    00000E
__Lintentry                      intentry     000000
__Lintret                        intret       000000
__Lintsave_regs                  intsave_regs 000000
__Lirdata                        irdata       000000
__Lmediumconst                   mediumconst  000000
__LnvFARRAM                      nvFARRAM     000000
__Lnvbit                         nvbit        000000
__Lnvrram                        nvrram       000000
__Lparam                         rparam       000000
__Lpowerup                       powerup      00000E
__Lram                           ram          000000
__Lramtop                        ramtop       000800
__Lrbit                          rbit         000000
__Lrbss                          rbss         000000
__Lrdata                         rdata        000000
__Lreset_vec                     reset_vec    000000
__Lrparam                        rparam       000000
__Lsfr                           sfr          000000
__Lsmallconst                    smallconst   000800
__Lspace_0                       (abs)        000000
__Lspace_1                       (abs)        000000
__Lspace_2                       (abs)        000000
__Lspace_4                       (abs)        000000
__Lstack                         stack        000000
__Lstruct                        struct       000000
__Ltemp                          temp         00005F
__Ltext                          text         000000
__Ltext0                         text0        000000
__Ltext1                         text1        000000
__Ltext10                        text10       000000
__Ltext11                        text11       000000
__Ltext12                        text12       000000
__Ltext13                        text13       000000
__Ltext14                        text14       000000
__Ltext15                        text15       000000
__Ltext16                        text16       000000
__Ltext17                        text17       000000
__Ltext18                        text18       000000
__Ltext19                        text19       000000
__Ltext2                         text2        000000
__Ltext20                        text20       000000
__Ltext21                        text21       000000
__Ltext22                        text22       000000
__Ltext23                        text23       000000
__Ltext24                        text24       000000
__Ltext25                        text25       000000
__Ltext26                        text26       000000
__Ltext27                        text27       000000
__Ltext28                        text28       000000
__Ltext29                        text29       000000
__Ltext3                         text3        000000
__Ltext30                        text30       000000
__Ltext31                        text31       000000
__Ltext32                        text32       000000
__Ltext33                        text33       000000
__Ltext34                        text34       000000
__Ltext35                        text35       000000
__Ltext36                        text36       000000
__Ltext4                         text4        000000
__Ltext5                         text5        000000
__Ltext6                         text6        000000
__Ltext7                         text7        000000
__Ltext8                         text8        000000
__Ltext9                         text9        000000
__S0                             (abs)        002A83
__S1                             (abs)        00006D
__S2                             (abs)        000000
__S4                             (abs)        000000
__S5                             (abs)        000000
___awmod                         text25       0025E4
___awmod@counter                 cstackCOMRAM 000005
___awmod@dividend                cstackCOMRAM 000001
___awmod@divisor                 cstackCOMRAM 000003
___awmod@sign                    cstackCOMRAM 000006
___ftadd                         text8        00198A
___ftadd@exp1                    cstackCOMRAM 000032
___ftadd@exp2                    cstackCOMRAM 000031
___ftadd@f1                      cstackCOMRAM 000027
___ftadd@f2                      cstackCOMRAM 00002A
___ftadd@sign                    cstackCOMRAM 000030
___ftdiv                         text7        001FC2
___ftdiv@cntr                    cstackCOMRAM 000021
___ftdiv@exp                     cstackCOMRAM 000025
___ftdiv@f1                      cstackCOMRAM 000018
___ftdiv@f2                      cstackCOMRAM 00001B
___ftdiv@f3                      cstackCOMRAM 000022
___ftdiv@sign                    cstackCOMRAM 000026
___ftge                          text36       002570
___ftge@ff1                      cstackCOMRAM 000001
___ftge@ff2                      cstackCOMRAM 000004
___ftmul                         text23       001ECE
___ftmul@cntr                    cstackCOMRAM 000016
___ftmul@exp                     cstackCOMRAM 000012
___ftmul@f1                      cstackCOMRAM 000009
___ftmul@f2                      cstackCOMRAM 00000C
___ftmul@f3_as_product           cstackCOMRAM 000013
___ftmul@sign                    cstackCOMRAM 000017
___ftpack                        text24       002328
___ftpack@arg                    cstackCOMRAM 000001
___ftpack@exp                    cstackCOMRAM 000004
___ftpack@sign                   cstackCOMRAM 000005
___fttol                         text22       00218E
___fttol@exp1                    cstackCOMRAM 00004B
___fttol@f1                      cstackCOMRAM 00003D
___fttol@lval                    cstackCOMRAM 000047
___fttol@sign1                   cstackCOMRAM 000046
___inthi_sp                      stack        000000
___intlo_sp                      stack        000000
___lbdiv                         text28       00289C
___lbdiv@counter                 cstackCOMRAM 000007
___lbdiv@dividend                cstackCOMRAM 000006
___lbdiv@divisor                 cstackCOMRAM 000005
___lbdiv@quotient                cstackCOMRAM 000008
___lbmod                         text27       002900
___lbmod@counter                 cstackCOMRAM 000003
___lbmod@dividend                cstackCOMRAM 000002
___lbmod@divisor                 cstackCOMRAM 000001
___lbmod@rem                     cstackCOMRAM 000004
___lldiv                         text5        002472
___lldiv@counter                 cstackCOMRAM 000016
___lldiv@dividend                cstackCOMRAM 00000A
___lldiv@divisor                 cstackCOMRAM 00000E
___lldiv@quotient                cstackCOMRAM 000012
___llmod                         text4        002654
___llmod@counter                 cstackCOMRAM 000009
___llmod@dividend                cstackCOMRAM 000001
___llmod@divisor                 cstackCOMRAM 000005
___lwdiv                         text14       0027C2
___lwdiv@counter                 cstackCOMRAM 00000C
___lwdiv@dividend                cstackCOMRAM 000006
___lwdiv@divisor                 cstackCOMRAM 000008
___lwdiv@quotient                cstackCOMRAM 00000A
___lwmod                         text13       00285A
___lwmod@counter                 cstackCOMRAM 000005
___lwmod@dividend                cstackCOMRAM 000001
___lwmod@divisor                 cstackCOMRAM 000003
___lwtoft                        text9        0029C6
___lwtoft@c                      cstackCOMRAM 000009
___param_bank                    (abs)        000000
___rparam_used                   (abs)        000001
___sp                            stack        000000
___wmul                          text12       00297A
___wmul@multiplicand             cstackCOMRAM 000003
___wmul@multiplier               cstackCOMRAM 000001
___wmul@product                  cstackCOMRAM 000005
__accesstop                      (abs)        000060
__activetblptr                   (abs)        000002
__end_of_BorraLCD                text18       002A60
__end_of_ColorRGB                text35       001ECE
__end_of_ConfiguraLCD            text34       002A20
__end_of_Conversion              text33       0029C6
__end_of_DireccionaLCD           text20       002A36
__end_of_EnviaDato               text30       00285A
__end_of_EscribeLCD_2Decimales   text21       002570
__end_of_EscribeLCD_c            text29       002A4C
__end_of_EscribeLCD_n32          text3        00172A
__end_of_EscribeLCD_n8           text26       00218E
__end_of_GuardarASCII            text19       002900
__end_of_HabilitaLCD             text32       002A6E
__end_of_ISR                     intcode_body 002A08
__end_of_InicializaLCD           text17       002472
__end_of_MensajeLCD_Var          text2        002952
__end_of_RetardoLCD              text31       0027C2
__end_of_Transmitir              text16       002A7A
__end_of_TransmitirGeneral       text10       002714
__end_of_TransmitirMensaje       text15       00297A
__end_of_TransmitirNumero        text11       001C88
__end_of___awmod                 text25       002654
__end_of___ftadd                 text8        001B32
__end_of___ftdiv                 text7        0020A8
__end_of___ftge                  text36       0025E4
__end_of___ftmul                 text23       001FC2
__end_of___ftpack                text24       0023D6
__end_of___fttol                 text22       002260
__end_of___lbdiv                 text28       0028D6
__end_of___lbmod                 text27       00292A
__end_of___lldiv                 text5        0024F4
__end_of___llmod                 text4        0026BA
__end_of___lwdiv                 text14       002814
__end_of___lwmod                 text13       00289C
__end_of___lwtoft                text9        0029EA
__end_of___wmul                  text12       0029A0
__end_of__initialization         cinit        00275E
__end_of_calcularTemperatura     text6        001DBE
__end_of_imprimirTemperatura     text1        002328
__end_of_main                    text0        00198A
__initialization                 cinit        002714
__mediumconst                    mediumconst  000000
__pbssBANK0                      bssBANK0     000068
__pbssCOMRAM                     bssCOMRAM    000055
__pcinit                         cinit        002714
__pcstackCOMRAM                  cstackCOMRAM 000001
__pdataBANK0                     dataBANK0    000060
__pdataCOMRAM                    dataCOMRAM   00005E
__pidataBANK0                    idataBANK0   002A7A
__pidataCOMRAM                   idataCOMRAM  002A82
__pintcode                       intcode      000008
__pintcode_body                  intcode_body 0029EA
__psmallconst                    smallconst   000800
__ptext0                         text0        00172A
__ptext1                         text1        002260
__ptext10                        text10       0026BA
__ptext11                        text11       001B32
__ptext12                        text12       00297A
__ptext13                        text13       00285A
__ptext14                        text14       0027C2
__ptext15                        text15       002952
__ptext16                        text16       002A6E
__ptext17                        text17       0023D6
__ptext18                        text18       002A4C
__ptext19                        text19       0028D6
__ptext2                         text2        00292A
__ptext20                        text20       002A20
__ptext21                        text21       0024F4
__ptext22                        text22       00218E
__ptext23                        text23       001ECE
__ptext24                        text24       002328
__ptext25                        text25       0025E4
__ptext26                        text26       0020A8
__ptext27                        text27       002900
__ptext28                        text28       00289C
__ptext29                        text29       002A36
__ptext3                         text3        000862
__ptext30                        text30       002814
__ptext31                        text31       00276C
__ptext32                        text32       002A60
__ptext33                        text33       0029A0
__ptext34                        text34       002A08
__ptext35                        text35       001DBE
__ptext36                        text36       002570
__ptext4                         text4        002654
__ptext5                         text5        002472
__ptext6                         text6        001C88
__ptext7                         text7        001FC2
__ptext8                         text8        00198A
__ptext9                         text9        0029C6
__ramtop                         ramtop       000800
__size_of_BorraLCD               (abs)        000000
__size_of_ColorRGB               (abs)        000000
__size_of_ConfiguraLCD           (abs)        000000
__size_of_Conversion             (abs)        000000
__size_of_DireccionaLCD          (abs)        000000
__size_of_EnviaDato              (abs)        000000
__size_of_EscribeLCD_2Decimales  (abs)        000000
__size_of_EscribeLCD_c           (abs)        000000
__size_of_EscribeLCD_n32         (abs)        000000
__size_of_EscribeLCD_n8          (abs)        000000
__size_of_GuardarASCII           (abs)        000000
__size_of_HabilitaLCD            (abs)        000000
__size_of_ISR                    (abs)        000000
__size_of_InicializaLCD          (abs)        000000
__size_of_MensajeLCD_Var         (abs)        000000
__size_of_RetardoLCD             (abs)        000000
__size_of_Transmitir             (abs)        000000
__size_of_TransmitirGeneral      (abs)        000000
__size_of_TransmitirMensaje      (abs)        000000
__size_of_TransmitirNumero       (abs)        000000
__size_of___awmod                (abs)        000000
__size_of___ftadd                (abs)        000000
__size_of___ftdiv                (abs)        000000
__size_of___ftge                 (abs)        000000
__size_of___ftmul                (abs)        000000
__size_of___ftpack               (abs)        000000
__size_of___fttol                (abs)        000000
__size_of___lbdiv                (abs)        000000
__size_of___lbmod                (abs)        000000
__size_of___lldiv                (abs)        000000
__size_of___llmod                (abs)        000000
__size_of___lwdiv                (abs)        000000
__size_of___lwmod                (abs)        000000
__size_of___lwtoft               (abs)        000000
__size_of___wmul                 (abs)        000000
__size_of_calcularTemperatura    (abs)        000000
__size_of_imprimirTemperatura    (abs)        000000
__size_of_main                   (abs)        000000
__smallconst                     smallconst   000800
_calcularTemperatura             text6        001C88
_grados                          dataBANK0    000060
_imprimirTemperatura             text1        002260
_interfaz                        dataCOMRAM   00005E
_main                            text0        00172A
btemp                            temp         00005F
calcularTemperatura@Van0         cstackCOMRAM 000033
calcularTemperatura@caso         cstackCOMRAM 000036
calcularTemperatura@temperatura  cstackCOMRAM 000037
calcularTemperatura@temperaturaC cstackCOMRAM 00003A
end_of_initialization            cinit        00275E
imprimirTemperatura@T            cstackCOMRAM 000036
imprimirTemperatura@caso         cstackCOMRAM 00003A
int$flags                        temp         00005F
int_func                         intcode_body 0029EA
intlevel0                        text         000000
intlevel1                        text         000000
intlevel2                        text         000000
intlevel3                        text         000000
isa$std                          (abs)        000001
isa$xinst                        (abs)        000000
stackhi                          (abs)        0007FF
stacklo                          (abs)        00006D
start                            init         00000E
start_initialization             cinit        002714
ttemp5                           temp         000060
ttemp6                           temp         000063
ttemp7                           temp         000067
wtemp8                           temp         000060


MODULE INFORMATION

Module		Function		Class		Link	Load	Size
LibLCDXC8.h
		_EscribeLCD_2Decimales		CODE           	24F4	0000	124
		_DireccionaLCD 		CODE           	2A20	0000	22
		_InicializaLCD 		CODE           	23D6	0000	156
		_EnviaDato     		CODE           	2814	0000	70
		_GuardarASCII  		CODE           	28D6	0000	42
		_MensajeLCD_Var		CODE           	292A	0000	40
		_EscribeLCD_c  		CODE           	2A36	0000	22
		_HabilitaLCD   		CODE           	2A60	0000	14
		_EscribeLCD_n8 		CODE           	20A8	0000	230
		_ConfiguraLCD  		CODE           	2A08	0000	24
		_EscribeLCD_n32		CODE           	0862	0000	3784
		_BorraLCD      		CODE           	2A4C	0000	20
		_RetardoLCD    		CODE           	276C	0000	86

LibLCDXC8.h estimated size: 4634

C:\Program Files\Microchip\xc8\v2.32\pic\sources\c90\common\lbdiv.c
		___lbdiv       		CODE           	289C	0000	58

C:\Program Files\Microchip\xc8\v2.32\pic\sources\c90\common\lbdiv.c estimated size: 58

Lab5.c
		_imprimirTemperatura		CODE           	2260	0000	200
		_ColorRGB      		CODE           	1DBE	0000	272
		_ISR           		CODE           	0008	0000	36
		_main          		CODE           	172A	0000	608
		_calcularTemperatura		CODE           	1C88	0000	310
		_Transmitir    		CODE           	2A6E	0000	12
		_TransmitirNumero		CODE           	1B32	0000	342
		_Conversion    		CODE           	29A0	0000	38
		_TransmitirMensaje		CODE           	2952	0000	40
		_TransmitirGeneral		CODE           	26BA	0000	90

Lab5.c estimated size: 1948

C:\Program Files\Microchip\xc8\v2.32\pic\sources\c90\common\ftge.c
		___ftge        		CODE           	2570	0000	116

C:\Program Files\Microchip\xc8\v2.32\pic\sources\c90\common\ftge.c estimated size: 116

C:\Program Files\Microchip\xc8\v2.32\pic\sources\c90\common\float.c
		___ftpack      		CODE           	2328	0000	174

C:\Program Files\Microchip\xc8\v2.32\pic\sources\c90\common\float.c estimated size: 174

C:\Program Files\Microchip\xc8\v2.32\pic\sources\c90\common\lwmod.c
		___lwmod       		CODE           	285A	0000	66

C:\Program Files\Microchip\xc8\v2.32\pic\sources\c90\common\lwmod.c estimated size: 66

C:\Program Files\Microchip\xc8\v2.32\pic\sources\c90\common\ftmul.c
		___ftmul       		CODE           	1ECE	0000	244

C:\Program Files\Microchip\xc8\v2.32\pic\sources\c90\common\ftmul.c estimated size: 244

C:\Program Files\Microchip\xc8\v2.32\pic\sources\c90\common\awmod.c
		___awmod       		CODE           	25E4	0000	112

C:\Program Files\Microchip\xc8\v2.32\pic\sources\c90\common\awmod.c estimated size: 112

C:\Program Files\Microchip\xc8\v2.32\pic\sources\c90\common\ftdiv.c
		___ftdiv       		CODE           	1FC2	0000	230

C:\Program Files\Microchip\xc8\v2.32\pic\sources\c90\common\ftdiv.c estimated size: 230

C:\Program Files\Microchip\xc8\v2.32\pic\sources\c90\common\lwtoft.c
		___lwtoft      		CODE           	29C6	0000	36

C:\Program Files\Microchip\xc8\v2.32\pic\sources\c90\common\lwtoft.c estimated size: 36

C:\Program Files\Microchip\xc8\v2.32\pic\sources\c90\common\llmod.c
		___llmod       		CODE           	2654	0000	102

C:\Program Files\Microchip\xc8\v2.32\pic\sources\c90\common\llmod.c estimated size: 102

shared
		__initialization		CODE           	2714	0000	74

shared estimated size: 74

C:\Program Files\Microchip\xc8\v2.32\pic\sources\c90\common\fttol.c
		___fttol       		CODE           	218E	0000	210

C:\Program Files\Microchip\xc8\v2.32\pic\sources\c90\common\fttol.c estimated size: 210

C:\Program Files\Microchip\xc8\v2.32\pic\sources\c90\common\lwdiv.c
		___lwdiv       		CODE           	27C2	0000	82

C:\Program Files\Microchip\xc8\v2.32\pic\sources\c90\common\lwdiv.c estimated size: 82

C:\Program Files\Microchip\xc8\v2.32\pic\sources\c90\common\Umul16.c
		___wmul        		CODE           	297A	0000	38

C:\Program Files\Microchip\xc8\v2.32\pic\sources\c90\common\Umul16.c estimated size: 38

C:\Program Files\Microchip\xc8\v2.32\pic\sources\c90\common\ftadd.c
		___ftadd       		CODE           	198A	0000	424

C:\Program Files\Microchip\xc8\v2.32\pic\sources\c90\common\ftadd.c estimated size: 424

C:\Program Files\Microchip\xc8\v2.32\pic\sources\c90\common\lbmod.c
		___lbmod       		CODE           	2900	0000	42

C:\Program Files\Microchip\xc8\v2.32\pic\sources\c90\common\lbmod.c estimated size: 42

C:\Program Files\Microchip\xc8\v2.32\pic\sources\c90\common\__lldiv.c
		___lldiv       		CODE           	2472	0000	130

C:\Program Files\Microchip\xc8\v2.32\pic\sources\c90\common\__lldiv.c estimated size: 130

