Microchip MPLAB XC8 Compiler V2.41

Linker command line:

-W-3 \
  --edf=C:\Program Files\Microchip\xc8\v2.41\pic\dat\20230208172133_en.msgs \
  -cn -h+dist/default/production\PAI.X.production.sym \
  --cmf=dist/default/production\PAI.X.production.cmf -z -Q18F4550 \
  -oC:\Users\andre\AppData\Local\Temp\xcAsffo.\driver_tmp_3.obj \
  -Mdist/default/production/PAI.X.production.map \
  --md=C:\Users\andre\AppData\Local\Temp\xcAsffo.\driver_tmp_0.dat -E1 \
  -ver=XC8 Compiler -ACODE=00h-07FFFh -ACONST=00h-07FFFh \
  -ASMALLCONST=0800h-08FFhx120 -AMEDIUMCONST=0800h-07FFFh -ACOMRAM=01h-05Fh \
  -AABS1=00h-07FFh -ABIGRAM=01h-07FFh -ARAM=060h-0FFh,0100h-01FFhx7 \
  -ABANK0=060h-0FFh -ABANK1=0100h-01FFh -ABANK2=0200h-02FFh \
  -ABANK3=0300h-03FFh -ABANK4=0400h-04FFh -ABANK5=0500h-05FFh \
  -ABANK6=0600h-06FFh -ABANK7=0700h-07FFh -ASFR=0F60h-0FFFh \
  -ABIGSFR=0F60h-0FFFh -ACONFIG=0300000h-030000Dh -AIDLOC=0200000h-0200007h \
  -AEEDATA=0F00000h-0F000FFh -peeprom_data=EEDATA \
  -preset_vec=00h,intcode=08h,intcodelo,powerup,init -pramtop=0800h \
  -psmallconst=SMALLCONST -pmediumconst=MEDIUMCONST -pconst=CONST \
  -AFARRAM=00h-00h \
  -prdata=COMRAM,nvrram=COMRAM,nvbit=COMRAM,rbss=COMRAM,rbit=COMRAM \
  -pfarbss=FARRAM,fardata=FARRAM,nvFARRAM=FARRAM \
  -pintsave_regs=BIGRAM,bigbss=BIGRAM,bigdata=BIGRAM -pbss=RAM \
  -pidata=CODE,irdata=CODE,ibigdata=CODE,ifardata=CODE -prparam=COMRAM \
  C:\Users\andre\AppData\Local\Temp\xcAsffo.\driver_tmp_9.obj \
  dist/default/production\PAI.X.production.obj 

Object code version is 3.11

Machine type is 18F4550



                Name                               Link     Load   Length Selector   Space Scale
C:\Users\andre\AppData\Local\Temp\xcAsffo.\driver_tmp_9.obj
                idloc                            200000   200000        8        0       5
                config                           300000   300000        E        0       4
                init                                  E        E        4        4       0
                reset_vec                             0        0        4        0       0
dist/default/production\PAI.X.production.obj
                intcode                               8        8        6        4       0
                idloc                            200000   200000        8        0       5
                config                           300000   300000        E        0       4
                temp                                 43       43        1        1       1
                smallconst                          800      800       BA      400       0
                intcode_body                       102C     102C       24      45D       0
                text16                             1050     1050       18      45D       0
                text15                             10A8     10A8        E      45D       0
                text14                              EDA      EDA       56      45D       0
                text13                              F30      F30       46      45D       0
                text12                             1094     1094       14      45D       0
                text11                              D50      D50       9C      45D       0
                text10                             107E     107E       16      45D       0
                text9                              1068     1068       16      45D       0
                text8                               DEC      DEC       84      45D       0
                text7                               FE0      FE0       28      45D       0
                text6                               E70      E70       6A      45D       0
                text5                               F76      F76       3E      45D       0
                text4                               CA2      CA2       AE      45D       0
                text3                               ADC      ADC       F4      45D       0
                text2                               BD0      BD0       D2      45D       0
                text1                              1008     1008       24      45D       0
                text0                               8BA      8BA      222      45D       0
                cstackCOMRAM                          1        1       2C        1       1
                dataCOMRAM                           42       42        1        1       1
                bssCOMRAM                            2D       2D       13        1       1
                cinit                               FB4      FB4       2C      45D       0
                nvCOMRAM                             40       40        2        1       1
                idataCOMRAM                        10B6     10B6        1      45D       0

TOTAL           Name                               Link     Load   Length     Space
        CLASS   CODE           
                intcode                               8        8        6         0
                init                                  E        E        4         0
                reset_vec                             0        0        4         0
                intcode_body                       102C     102C       24         0
                text16                             1050     1050       18         0
                text15                             10A8     10A8        E         0
                text14                              EDA      EDA       56         0
                text13                              F30      F30       46         0
                text12                             1094     1094       14         0
                text11                              D50      D50       9C         0
                text10                             107E     107E       16         0
                text9                              1068     1068       16         0
                text8                               DEC      DEC       84         0
                text7                               FE0      FE0       28         0
                text6                               E70      E70       6A         0
                text5                               F76      F76       3E         0
                text4                               CA2      CA2       AE         0
                text3                               ADC      ADC       F4         0
                text2                               BD0      BD0       D2         0
                text1                              1008     1008       24         0
                text0                               8BA      8BA      222         0
                cinit                               FB4      FB4       2C         0
                idataCOMRAM                        10B6     10B6        1         0

        CLASS   CONST          

        CLASS   SMALLCONST     
                smallconst                          800      800       BA         0

        CLASS   MEDIUMCONST    

        CLASS   COMRAM         
                temp                                 43       43        1         1
                cstackCOMRAM                          1        1       2C         1
                dataCOMRAM                           42       42        1         1
                bssCOMRAM                            2D       2D       13         1
                nvCOMRAM                             40       40        2         1

        CLASS   ABS1           

        CLASS   BIGRAM         

        CLASS   RAM            

        CLASS   BANK0          

        CLASS   BANK1          

        CLASS   BANK2          

        CLASS   BANK3          

        CLASS   BANK4          

        CLASS   BANK5          

        CLASS   BANK6          

        CLASS   BANK7          

        CLASS   SFR            

        CLASS   BIGSFR         

        CLASS   CONFIG         
                config                           300000   300000        E         4

        CLASS   IDLOC          
                idloc                            200000   200000        8         5

        CLASS   EEDATA         

        CLASS   FARRAM         

        CLASS   HEAP           

        CLASS   STACK          



SEGMENTS        Name                           Load    Length   Top    Selector   Space  Class

                reset_vec                      000000  000004  000004         0       0  CODE    
                cstackCOMRAM                   000001  000043  000044         1       1  COMRAM  
                intcode                        000008  00000A  000012         4       0  CODE    
                smallconst                     000800  0000BA  0008BA       400       0  SMALLCON
                text0                          0008BA  0007FD  0010B7       45D       0  CODE    


UNUSED ADDRESS RANGES

        Name                Unused          Largest block    Delta
        BANK0            000060-0000FF               A0
        BANK1            000100-0001FF              100
        BANK2            000200-0002FF              100
        BANK3            000300-0003FF              100
        BANK4            000400-0004FF              100
        BANK5            000500-0005FF              100
        BANK6            000600-0006FF              100
        BANK7            000700-0007FF              100
        BIGRAM           000044-0007FF              7BC
        BIGSFR           000F60-000FFF               A0
        CODE             000004-000007                4
                         000012-0007FF              7EE
                         0010B7-007FFF             6F49
        COMRAM           000044-00005F               1C
        CONST            000004-000007                4
                         000012-0007FF              7EE
                         0010B7-007FFF             6F49
        EEDATA           F00000-F000FF              100
        MEDIUMCONST      0010B7-007FFF             6F49
        RAM              000060-0007FF              100
        SFR              000F60-000FFF               A0
        SMALLCONST       0010B7-007FFF              100

                                  Symbol Table

?___awdiv                            cstackCOMRAM 000001
?___ftmul                            cstackCOMRAM 00000D
?___ftpack                           cstackCOMRAM 000001
?___fttol                            cstackCOMRAM 00001C
?___lbtoft                           cstackCOMRAM 000009
?_strlen                             cstackCOMRAM 000001
ConfiguraLCD@a                       cstackCOMRAM 000001
DireccionaLCD@a                      cstackCOMRAM 000005
EnviaDato@a                          cstackCOMRAM 000004
EscribeLCD_c@a                       cstackCOMRAM 000005
Mensaje_LCD_Var_Centrado@a           cstackCOMRAM 000009
Mensaje_LCD_Var_Centrado@i           cstackCOMRAM 00000C
Mensaje_LCD_Var_Centrado@l           cstackCOMRAM 00000A
Mensaje_LCD_Var_Centrado@n           cstackCOMRAM 00000B
Mensaje_LCD_Var_Mensaje20x4@a        cstackCOMRAM 00000D
Mensaje_LCD_Var_Mensaje20x4@b        cstackCOMRAM 00000E
Mensaje_LCD_Var_Mensaje20x4@c        cstackCOMRAM 00000F
Mensaje_LCD_Var_Mensaje20x4@d        cstackCOMRAM 000010
RetardoLCD@a                         cstackCOMRAM 000002
_ADCON1                              (abs)        000FC1
_BorraLCD                            text12       001094
_CCP1CON                             (abs)        000FBD
_CCP2CON                             (abs)        000FBA
_CCPR1L                              (abs)        000FBE
_CCPR2L                              (abs)        000FBB
_ConfiguraLCD                        text16       001050
_DeltaDuty                           bssCOMRAM    000030
_DireccionaLCD                       text10       00107E
_Duty                                bssCOMRAM    000033
_DutyF                               bssCOMRAM    000036
_DutyF2                              bssCOMRAM    00002D
_DutyI                               bssCOMRAM    000039
_EnviaDato                           text13       000F30
_EscribeLCD_c                        text9        001068
_Estados                             bssCOMRAM    00003F
_EstadosPrev                         bssCOMRAM    00003E
_GIE                                 (abs)        007F97
_HabilitaLCD                         text15       0010A8
_INT0IE                              (abs)        007F94
_INT0IF                              (abs)        007F91
_INT1IE                              (abs)        007F83
_INT1IF                              (abs)        007F80
_INT2IE                              (abs)        007F84
_INT2IF                              (abs)        007F81
_ISR                                 intcode      000008
_InicializaLCD                       text11       000D50
_LATD                                (abs)        000F8C
_LATD2                               (abs)        007C62
_LATD3                               (abs)        007C63
_Mensaje_LCD_Var_Centrado            text6        000E70
_Mensaje_LCD_Var_Mensaje20x4         text5        000F76
_PEIE                                (abs)        007F96
_PR2                                 (abs)        000FCB
_RB0                                 (abs)        007C08
_RB3                                 (abs)        007C0B
_RBPU                                (abs)        007F8F
_RD0                                 (abs)        007C18
_RD1                                 (abs)        007C19
_RetardoLCD                          text14       000EDA
_T2CON                               (abs)        000FCA
_TMR2                                (abs)        000FCC
_TMR2ON                              (abs)        007E52
_TRISB                               (abs)        000F93
_TRISC1                              (abs)        007CA1
_TRISC2                              (abs)        007CA2
_TRISD                               (abs)        000F95
__HRAM                               (abs)        000000
__H__absolute__                      __absolute__ 000000
__Habs1                              abs1         000000
__Hbank0                             bank0        000000
__Hbank1                             bank1        000000
__Hbank2                             bank2        000000
__Hbank3                             bank3        000000
__Hbank4                             bank4        000000
__Hbank5                             bank5        000000
__Hbank6                             bank6        000000
__Hbank7                             bank7        000000
__Hbigbss                            bigbss       000000
__Hbigdata                           bigdata      000000
__Hbigram                            bigram       000000
__Hbigsfr                            bigsfr       000000
__Hbss                               bss          000000
__HbssCOMRAM                         bssCOMRAM    000000
__Hcinit                             cinit        000000
__Hclrtext                           clrtext      000000
__Hcomram                            comram       000000
__Hconfig                            config       30000E
__Hconst                             const        000000
__HcstackCOMRAM                      cstackCOMRAM 000000
__Hdata                              data         000000
__HdataCOMRAM                        dataCOMRAM   000000
__Heeprom_data                       eeprom_data  000000
__Hfarbss                            farbss       000000
__Hfardata                           fardata      000000
__Hheap                              heap         000000
__Hibigdata                          ibigdata     000000
__Hidata                             idata        000000
__HidataCOMRAM                       idataCOMRAM  000000
__Hidloc                             idloc        200008
__Hifardata                          ifardata     000000
__Hinit                              init         000012
__Hintcode                           intcode      00000E
__Hintcode_body                      intcode_body 000000
__Hintcodelo                         intcodelo    00000E
__Hintentry                          intentry     000000
__Hintret                            intret       000000
__Hintsave_regs                      intsave_regs 000000
__Hirdata                            irdata       000000
__Hmediumconst                       mediumconst  000000
__HnvCOMRAM                          nvCOMRAM     000000
__HnvFARRAM                          nvFARRAM     000000
__Hnvbit                             nvbit        000000
__Hnvrram                            nvrram       000000
__Hparam                             rparam       000000
__Hpowerup                           powerup      00000E
__Hram                               ram          000000
__Hramtop                            ramtop       000800
__Hrbit                              rbit         000000
__Hrbss                              rbss         000000
__Hrdata                             rdata        000000
__Hreset_vec                         reset_vec    000004
__Hrparam                            rparam       000000
__Hsfr                               sfr          000000
__Hsmallconst                        smallconst   0008BA
__Hspace_0                           (abs)        0010B7
__Hspace_1                           (abs)        000044
__Hspace_2                           (abs)        000000
__Hspace_4                           (abs)        60000E
__Hstack                             stack        000000
__Hstruct                            struct       000000
__Htemp                              temp         000044
__Htext                              text         000000
__Htext0                             text0        000000
__Htext1                             text1        000000
__Htext10                            text10       000000
__Htext11                            text11       000000
__Htext12                            text12       000000
__Htext13                            text13       000000
__Htext14                            text14       000000
__Htext15                            text15       000000
__Htext16                            text16       000000
__Htext2                             text2        000000
__Htext3                             text3        000000
__Htext4                             text4        000000
__Htext5                             text5        000000
__Htext6                             text6        000000
__Htext7                             text7        000000
__Htext8                             text8        000000
__Htext9                             text9        000000
__LRAM                               (abs)        000001
__L__absolute__                      __absolute__ 000000
__Labs1                              abs1         000000
__Lbank0                             bank0        000000
__Lbank1                             bank1        000000
__Lbank2                             bank2        000000
__Lbank3                             bank3        000000
__Lbank4                             bank4        000000
__Lbank5                             bank5        000000
__Lbank6                             bank6        000000
__Lbank7                             bank7        000000
__Lbigbss                            bigbss       000000
__Lbigdata                           bigdata      000000
__Lbigram                            bigram       000000
__Lbigsfr                            bigsfr       000000
__Lbss                               bss          000000
__LbssCOMRAM                         bssCOMRAM    000000
__Lcinit                             cinit        000000
__Lclrtext                           clrtext      000000
__Lcomram                            comram       000000
__Lconfig                            config       000000
__Lconst                             const        000000
__LcstackCOMRAM                      cstackCOMRAM 000000
__Ldata                              data         000000
__LdataCOMRAM                        dataCOMRAM   000000
__Leeprom_data                       eeprom_data  000000
__Lfarbss                            farbss       000000
__Lfardata                           fardata      000000
__Lheap                              heap         000000
__Libigdata                          ibigdata     000000
__Lidata                             idata        000000
__LidataCOMRAM                       idataCOMRAM  000000
__Lidloc                             idloc        000000
__Lifardata                          ifardata     000000
__Linit                              init         00000E
__Lintcode                           intcode      000008
__Lintcode_body                      intcode_body 000000
__Lintcodelo                         intcodelo    00000E
__Lintentry                          intentry     000000
__Lintret                            intret       000000
__Lintsave_regs                      intsave_regs 000000
__Lirdata                            irdata       000000
__Lmediumconst                       mediumconst  000000
__LnvCOMRAM                          nvCOMRAM     000000
__LnvFARRAM                          nvFARRAM     000000
__Lnvbit                             nvbit        000000
__Lnvrram                            nvrram       000000
__Lparam                             rparam       000000
__Lpowerup                           powerup      00000E
__Lram                               ram          000000
__Lramtop                            ramtop       000800
__Lrbit                              rbit         000000
__Lrbss                              rbss         000000
__Lrdata                             rdata        000000
__Lreset_vec                         reset_vec    000000
__Lrparam                            rparam       000000
__Lsfr                               sfr          000000
__Lsmallconst                        smallconst   000800
__Lspace_0                           (abs)        000000
__Lspace_1                           (abs)        000000
__Lspace_2                           (abs)        000000
__Lspace_4                           (abs)        000000
__Lstack                             stack        000000
__Lstruct                            struct       000000
__Ltemp                              temp         000043
__Ltext                              text         000000
__Ltext0                             text0        000000
__Ltext1                             text1        000000
__Ltext10                            text10       000000
__Ltext11                            text11       000000
__Ltext12                            text12       000000
__Ltext13                            text13       000000
__Ltext14                            text14       000000
__Ltext15                            text15       000000
__Ltext16                            text16       000000
__Ltext2                             text2        000000
__Ltext3                             text3        000000
__Ltext4                             text4        000000
__Ltext5                             text5        000000
__Ltext6                             text6        000000
__Ltext7                             text7        000000
__Ltext8                             text8        000000
__Ltext9                             text9        000000
__S0                                 (abs)        0010B7
__S1                                 (abs)        000044
__S4                                 (abs)        000000
__S5                                 (abs)        000000
___awdiv                             text8        000DEC
___awdiv@counter                     cstackCOMRAM 000005
___awdiv@dividend                    cstackCOMRAM 000001
___awdiv@divisor                     cstackCOMRAM 000003
___awdiv@quotient                    cstackCOMRAM 000007
___awdiv@sign                        cstackCOMRAM 000006
___ftmul                             text3        000ADC
___ftmul@cntr                        cstackCOMRAM 00001A
___ftmul@exp                         cstackCOMRAM 000016
___ftmul@f1                          cstackCOMRAM 00000D
___ftmul@f2                          cstackCOMRAM 000010
___ftmul@f3_as_product               cstackCOMRAM 000017
___ftmul@sign                        cstackCOMRAM 00001B
___ftpack                            text4        000CA2
___ftpack@arg                        cstackCOMRAM 000001
___ftpack@exp                        cstackCOMRAM 000004
___ftpack@sign                       cstackCOMRAM 000005
___fttol                             text2        000BD0
___fttol@exp1                        cstackCOMRAM 00002A
___fttol@f1                          cstackCOMRAM 00001C
___fttol@lval                        cstackCOMRAM 000026
___fttol@sign1                       cstackCOMRAM 000025
___heap_hi                           (abs)        000000
___heap_lo                           (abs)        000000
___inthi_sp                          stack        000000
___intlo_sp                          stack        000000
___lbtoft                            text1        001008
___lbtoft@c                          cstackCOMRAM 00000C
___param_bank                        (abs)        000000
___rparam_used                       (abs)        000001
___sp                                stack        000000
__accesstop                          (abs)        000060
__activetblptr                       (abs)        000002
__end_of_BorraLCD                    text12       0010A8
__end_of_ConfiguraLCD                text16       001068
__end_of_DireccionaLCD               text10       001094
__end_of_EnviaDato                   text13       000F76
__end_of_EscribeLCD_c                text9        00107E
__end_of_HabilitaLCD                 text15       0010B6
__end_of_ISR                         intcode_body 001050
__end_of_InicializaLCD               text11       000DEC
__end_of_Mensaje_LCD_Var_Centrado    text6        000EDA
__end_of_Mensaje_LCD_Var_Mensaje20x4 text5        000FB4
__end_of_RetardoLCD                  text14       000F30
__end_of___awdiv                     text8        000E70
__end_of___ftmul                     text3        000BD0
__end_of___ftpack                    text4        000D50
__end_of___fttol                     text2        000CA2
__end_of___lbtoft                    text1        00102C
__end_of__initialization             cinit        000FD2
__end_of_main                        text0        000ADC
__end_of_strlen                      text7        001008
__initialization                     cinit        000FB4
__mediumconst                        mediumconst  000000
__pbssCOMRAM                         bssCOMRAM    00002D
__pcinit                             cinit        000FB4
__pcstackCOMRAM                      cstackCOMRAM 000001
__pdataCOMRAM                        dataCOMRAM   000042
__pidataCOMRAM                       idataCOMRAM  0010B6
__pintcode                           intcode      000008
__pintcode_body                      intcode_body 00102C
__pnvCOMRAM                          nvCOMRAM     000040
__psmallconst                        smallconst   000800
__ptext0                             text0        0008BA
__ptext1                             text1        001008
__ptext10                            text10       00107E
__ptext11                            text11       000D50
__ptext12                            text12       001094
__ptext13                            text13       000F30
__ptext14                            text14       000EDA
__ptext15                            text15       0010A8
__ptext16                            text16       001050
__ptext2                             text2        000BD0
__ptext3                             text3        000ADC
__ptext4                             text4        000CA2
__ptext5                             text5        000F76
__ptext6                             text6        000E70
__ptext7                             text7        000FE0
__ptext8                             text8        000DEC
__ptext9                             text9        001068
__ramtop                             ramtop       000800
__smallconst                         smallconst   000800
_a                                   nvCOMRAM     000041
_b                                   bssCOMRAM    00003D
_c                                   bssCOMRAM    00003C
_d                                   nvCOMRAM     000040
_interfaz                            dataCOMRAM   000042
_main                                text0        0008BA
_strlen                              text7        000FE0
btemp                                temp         000043
end_of_initialization                cinit        000FD2
int$flags                            temp         000043
int_func                             intcode_body 00102C
intlevel0                            text         000000
intlevel1                            text         000000
intlevel2                            text         000000
intlevel3                            text         000000
isa$std                              (abs)        000001
isa$xinst                            (abs)        000000
stackhi                              (abs)        000000
stacklo                              (abs)        000000
start                                init         00000E
start_initialization                 cinit        000FB4
strlen@cp                            cstackCOMRAM 000003
strlen@s                             cstackCOMRAM 000001
ttemp5                               temp         000044
ttemp6                               temp         000047
ttemp7                               temp         00004B
wtemp8                               temp         000044


MODULE INFORMATION

Module		Function		Class		Link	Load	Size
C:\Program Files\Microchip\xc8\v2.41\pic\sources\c90\common\ftmul.c
		___ftmul       		CODE           	0ADC	0000	244

C:\Program Files\Microchip\xc8\v2.41\pic\sources\c90\common\ftmul.c estimated size: 244

LibLCDXC8.h
		_DireccionaLCD 		CODE           	107E	0000	22
		_InicializaLCD 		CODE           	0D50	0000	156
		_EnviaDato     		CODE           	0F30	0000	70
		_Mensaje_LCD_Var_Mensaje20x4		CODE           	0F76	0000	62
		_EscribeLCD_c  		CODE           	1068	0000	22
		_HabilitaLCD   		CODE           	10A8	0000	14
		_ConfiguraLCD  		CODE           	1050	0000	24
		_Mensaje_LCD_Var_Centrado		CODE           	0E70	0000	106
		_BorraLCD      		CODE           	1094	0000	20
		_RetardoLCD    		CODE           	0EDA	0000	86

LibLCDXC8.h estimated size: 582

C:\Program Files\Microchip\xc8\v2.41\pic\sources\c90\common\awdiv.c
		___awdiv       		CODE           	0DEC	0000	132

C:\Program Files\Microchip\xc8\v2.41\pic\sources\c90\common\awdiv.c estimated size: 132

C:\Program Files\Microchip\xc8\v2.41\pic\sources\c90\common\fttol.c
		___fttol       		CODE           	0BD0	0000	210

C:\Program Files\Microchip\xc8\v2.41\pic\sources\c90\common\fttol.c estimated size: 210

shared
		__initialization		CODE           	0FB4	0000	30

shared estimated size: 30

C:\Program Files\Microchip\xc8\v2.41\pic\sources\c90\common\strlen.c
		_strlen        		CODE           	0FE0	0000	40

C:\Program Files\Microchip\xc8\v2.41\pic\sources\c90\common\strlen.c estimated size: 40

C:\Program Files\Microchip\xc8\v2.41\pic\sources\c90\common\lbtoft.c
		___lbtoft      		CODE           	1008	0000	36

C:\Program Files\Microchip\xc8\v2.41\pic\sources\c90\common\lbtoft.c estimated size: 36

PAI.c
		_ISR           		CODE           	0008	0000	42
		_main          		CODE           	08BA	0000	546

PAI.c estimated size: 588

C:\Program Files\Microchip\xc8\v2.41\pic\sources\c90\common\float.c
		___ftpack      		CODE           	0CA2	0000	174

C:\Program Files\Microchip\xc8\v2.41\pic\sources\c90\common\float.c estimated size: 174

