Microchip MPLAB XC8 Compiler V2.41

Linker command line:

-W-3 \
  --edf=C:\Program Files\Microchip\xc8\v2.41\pic\dat\20230208172133_en.msgs \
  -cn -h+dist/default/production\PAI.X.production.sym \
  --cmf=dist/default/production\PAI.X.production.cmf -z -Q18F4550 \
  -oC:\Users\andre\AppData\Local\Temp\xcAsk5g.\driver_tmp_3.obj \
  -Mdist/default/production/PAI.X.production.map \
  --md=C:\Users\andre\AppData\Local\Temp\xcAsk5g.\driver_tmp_0.dat -E1 \
  -ver=XC8 Compiler -ACODE=00h-07FFFh -ACONST=00h-07FFFh \
  -ASMALLCONST=0800h-08FFhx120 -AMEDIUMCONST=0800h-07FFFh -ACOMRAM=01h-05Fh \
  -AABS1=00h-07FFh -ABIGRAM=01h-07FFh -ARAM=060h-0FFh,0100h-01FFhx7 \
  -ABANK0=060h-0FFh -ABANK1=0100h-01FFh -ABANK2=0200h-02FFh \
  -ABANK3=0300h-03FFh -ABANK4=0400h-04FFh -ABANK5=0500h-05FFh \
  -ABANK6=0600h-06FFh -ABANK7=0700h-07FFh -ASFR=0F60h-0FFFh \
  -ABIGSFR=0F60h-0FFFh -ACONFIG=0300000h-030000Dh -AIDLOC=0200000h-0200007h \
  -AEEDATA=0F00000h-0F000FFh -peeprom_data=EEDATA \
  -preset_vec=00h,intcode=08h,intcodelo,powerup,init -pramtop=0800h \
  -psmallconst=SMALLCONST -pmediumconst=MEDIUMCONST -pconst=CONST \
  -AFARRAM=00h-00h \
  -prdata=COMRAM,nvrram=COMRAM,nvbit=COMRAM,rbss=COMRAM,rbit=COMRAM \
  -pfarbss=FARRAM,fardata=FARRAM,nvFARRAM=FARRAM \
  -pintsave_regs=BIGRAM,bigbss=BIGRAM,bigdata=BIGRAM -pbss=RAM \
  -pidata=CODE,irdata=CODE,ibigdata=CODE,ifardata=CODE -prparam=COMRAM \
  C:\Users\andre\AppData\Local\Temp\xcAsk5g.\driver_tmp_9.obj \
  dist/default/production\PAI.X.production.obj 

Object code version is 3.11

Machine type is 18F4550



                Name                               Link     Load   Length Selector   Space Scale
C:\Users\andre\AppData\Local\Temp\xcAsk5g.\driver_tmp_9.obj
                idloc                            200000   200000        8        0       5
                config                           300000   300000        E        0       4
                init                                  E        E        4        4       0
                reset_vec                             0        0        4        0       0
dist/default/production\PAI.X.production.obj
                intcode                               8        8        6        4       0
                idloc                            200000   200000        8        0       5
                config                           300000   300000        E        0       4
                temp                                 51       51        1        1       1
                smallconst                          800      800       DC      400       0
                intcode_body                       1676     1676       3A      46E       0
                text25                             17AC     17AC       18      46E       0
                text24                             1762     1762       26      46E       0
                text23                             1804     1804        E      46E       0
                text22                             1562     1562       56      46E       0
                text21                             15B8     15B8       46      46E       0
                text20                             17F0     17F0       14      46E       0
                text19                             1288     1288       9C      46E       0
                text18                             17DA     17DA       16      46E       0
                text17                             17C4     17C4       16      46E       0
                text16                             1324     1324       84      46E       0
                text15                             173A     173A       28      46E       0
                text14                             149A     149A       6A      46E       0
                text13                             15FE     15FE       3E      46E       0
                text12                             11DA     11DA       AE      46E       0
                text11                             16B0     16B0       38      46E       0
                text10                             1022     1022       E6      46E       0
                text9                               E48      E48       F4      46E       0
                text8                              1108     1108       D2      46E       0
                text7                              1788     1788       24      46E       0
                text6                              163C     163C       3A      46E       0
                text5                              16E8     16E8       2A      46E       0
                text4                               F3C      F3C       E6      46E       0
                text3                              1712     1712       28      46E       0
                text2                              1426     1426       74      46E       0
                text1                              13A8     13A8       7E      46E       0
                text0                               8DC      8DC      376      46E       0
                cstackCOMRAM                          1        1       2E        1       1
                dataBIGRAM                          60A      60A      1F6      60A       1
                dataCOMRAM                           4B       4B        5        1       1
                bssCOMRAM                            2F       2F       1C        1       1
                cinit                              1504     1504       5E      46E       0
                nvCOMRAM                             50       50        1        1       1
                idataBIGRAM                         C52      C52      1F6      46E       0
                idataCOMRAM                        1812     1812        5      46E       0

TOTAL           Name                               Link     Load   Length     Space
        CLASS   CODE           
                intcode                               8        8        6         0
                init                                  E        E        4         0
                reset_vec                             0        0        4         0
                intcode_body                       1676     1676       3A         0
                text25                             17AC     17AC       18         0
                text24                             1762     1762       26         0
                text23                             1804     1804        E         0
                text22                             1562     1562       56         0
                text21                             15B8     15B8       46         0
                text20                             17F0     17F0       14         0
                text19                             1288     1288       9C         0
                text18                             17DA     17DA       16         0
                text17                             17C4     17C4       16         0
                text16                             1324     1324       84         0
                text15                             173A     173A       28         0
                text14                             149A     149A       6A         0
                text13                             15FE     15FE       3E         0
                text12                             11DA     11DA       AE         0
                text11                             16B0     16B0       38         0
                text10                             1022     1022       E6         0
                text9                               E48      E48       F4         0
                text8                              1108     1108       D2         0
                text7                              1788     1788       24         0
                text6                              163C     163C       3A         0
                text5                              16E8     16E8       2A         0
                text4                               F3C      F3C       E6         0
                text3                              1712     1712       28         0
                text2                              1426     1426       74         0
                text1                              13A8     13A8       7E         0
                text0                               8DC      8DC      376         0
                cinit                              1504     1504       5E         0
                idataBIGRAM                         C52      C52      1F6         0
                idataCOMRAM                        1812     1812        5         0

        CLASS   CONST          

        CLASS   SMALLCONST     
                smallconst                          800      800       DC         0

        CLASS   MEDIUMCONST    

        CLASS   COMRAM         
                temp                                 51       51        1         1
                cstackCOMRAM                          1        1       2E         1
                dataCOMRAM                           4B       4B        5         1
                bssCOMRAM                            2F       2F       1C         1
                nvCOMRAM                             50       50        1         1

        CLASS   ABS1           

        CLASS   BIGRAM         
                dataBIGRAM                          60A      60A      1F6         1

        CLASS   RAM            

        CLASS   BANK0          

        CLASS   BANK1          

        CLASS   BANK2          

        CLASS   BANK3          

        CLASS   BANK4          

        CLASS   BANK5          

        CLASS   BANK6          

        CLASS   BANK7          

        CLASS   SFR            

        CLASS   BIGSFR         

        CLASS   CONFIG         
                config                           300000   300000        E         4

        CLASS   IDLOC          
                idloc                            200000   200000        8         5

        CLASS   EEDATA         

        CLASS   FARRAM         

        CLASS   HEAP           

        CLASS   STACK          



SEGMENTS        Name                           Load    Length   Top    Selector   Space  Class

                reset_vec                      000000  000004  000004         0       0  CODE    
                cstackCOMRAM                   000001  000051  000052         1       1  COMRAM  
                intcode                        000008  00000A  000012         4       0  CODE    
                dataBIGRAM                     00060A  0001F6  000800       60A       1  BIGRAM  
                smallconst                     000800  0000DC  0008DC       400       0  SMALLCON
                text0                          0008DC  000F3B  001817       46E       0  CODE    


UNUSED ADDRESS RANGES

        Name                Unused          Largest block    Delta
        BANK0            000060-0000FF               A0
        BANK1            000100-0001FF              100
        BANK2            000200-0002FF              100
        BANK3            000300-0003FF              100
        BANK4            000400-0004FF              100
        BANK5            000500-0005FF              100
        BANK6            000600-000609                A
        BIGRAM           000052-000609              5B8
        BIGSFR           000F60-000FFF               A0
        CODE             000004-000007                4
                         000012-0007FF              7EE
                         001817-007FFF             67E9
        COMRAM           000052-00005F                E
        CONST            000004-000007                4
                         000012-0007FF              7EE
                         001817-007FFF             67E9
        EEDATA           F00000-F000FF              100
        MEDIUMCONST      001817-007FFF             67E9
        RAM              000060-000609              100
        SFR              000F60-000FFF               A0
        SMALLCONST       001817-007FFF              100

                                  Symbol Table

?_Conversion                         cstackCOMRAM 000001
?___awdiv                            cstackCOMRAM 000001
?___awtoft                           cstackCOMRAM 000009
?___ftdiv                            cstackCOMRAM 00001C
?___ftmul                            cstackCOMRAM 00000D
?___ftpack                           cstackCOMRAM 000001
?___fttol                            cstackCOMRAM 00001C
?___lwtoft                           cstackCOMRAM 000009
?_strlen                             cstackCOMRAM 000001
ConfiguraLCD@a                       cstackCOMRAM 000001
Conversion@canal                     cstackCOMRAM 000004
DireccionaLCD@a                      cstackCOMRAM 000005
EnviaDato@a                          cstackCOMRAM 000004
EscribeLCD_c@a                       cstackCOMRAM 000005
EscribeLCD_n8@a                      cstackCOMRAM 00000D
EscribeLCD_n8@b                      cstackCOMRAM 000009
EscribeLCD_n8@centena                cstackCOMRAM 00000A
EscribeLCD_n8@decena                 cstackCOMRAM 00000B
EscribeLCD_n8@unidad                 cstackCOMRAM 00000C
MensajeLCD_Var@a                     cstackCOMRAM 000006
Mensaje_LCD_Var_Centrado@a           cstackCOMRAM 000009
Mensaje_LCD_Var_Centrado@i           cstackCOMRAM 00000C
Mensaje_LCD_Var_Centrado@l           cstackCOMRAM 00000A
Mensaje_LCD_Var_Centrado@n           cstackCOMRAM 00000B
Mensaje_LCD_Var_Mensaje20x4@a        cstackCOMRAM 00000D
Mensaje_LCD_Var_Mensaje20x4@b        cstackCOMRAM 00000E
Mensaje_LCD_Var_Mensaje20x4@c        cstackCOMRAM 00000F
Mensaje_LCD_Var_Mensaje20x4@d        cstackCOMRAM 000010
RetardoLCD@a                         cstackCOMRAM 000002
_ADCON0                              (abs)        000FC2
_ADCON1                              (abs)        000FC1
_ADCON2                              (abs)        000FC0
_ADRES                               (abs)        000FC3
_BorraLCD                            text20       0017F0
_CCP1CON                             (abs)        000FBD
_CCP2CON                             (abs)        000FBA
_CCPR1L                              (abs)        000FBE
_CCPR2L                              (abs)        000FBB
_ConfiguraLCD                        text25       0017AC
_Conversion                          text24       001762
_DeltaDuty                           bssCOMRAM    000038
_DireccionaLCD                       text18       0017DA
_Duty                                bssCOMRAM    00003B
_DutyF                               bssCOMRAM    00003E
_DutyF2                              bssCOMRAM    000035
_DutyI                               bssCOMRAM    000041
_EnviaDato                           text21       0015B8
_EscribeLCD_c                        text17       0017C4
_EscribeLCD_n8                       text4        000F3C
_Estados                             bssCOMRAM    00004A
_EstadosPrev                         bssCOMRAM    000049
_GIE                                 (abs)        007F97
_GO                                  (abs)        007E11
_HabilitaLCD                         text23       001804
_INT0IE                              (abs)        007F94
_INT0IF                              (abs)        007F91
_INT1IE                              (abs)        007F83
_INT1IF                              (abs)        007F80
_INT2IE                              (abs)        007F84
_INT2IF                              (abs)        007F81
_IRCF0                               (abs)        007E9C
_IRCF1                               (abs)        007E9D
_IRCF2                               (abs)        007E9E
_ISR                                 intcode      000008
_InicializaLCD                       text19       001288
_LATD                                (abs)        000F8C
_LATD2                               (abs)        007C62
_LATD3                               (abs)        007C63
_MensajeLCD_Var                      text3        001712
_Mensaje_LCD_Var_Centrado            text14       00149A
_Mensaje_LCD_Var_Mensaje20x4         text13       0015FE
_PEIE                                (abs)        007F96
_PR2                                 (abs)        000FCB
_RB0                                 (abs)        007C08
_RBPU                                (abs)        007F8F
_RCIE                                (abs)        007CED
_RCIF                                (abs)        007CF5
_RD0                                 (abs)        007C18
_RD1                                 (abs)        007C19
_RetardoLCD                          text22       001562
_T2CON                               (abs)        000FCA
_TMR2                                (abs)        000FCC
_TMR2ON                              (abs)        007E52
_TRISB                               (abs)        000F93
_TRISC1                              (abs)        007CA1
_TRISC2                              (abs)        007CA2
_TRISD                               (abs)        000F95
_ValAn_PWM                           bssCOMRAM    000032
_Val_PWM                             bssCOMRAM    00002F
_Val_PWM_LCD                         bssCOMRAM    000045
_Val_PWM_LCD_prev                    bssCOMRAM    000044
_Vals24                              dataBIGRAM   00060A
__HRAM                               (abs)        000000
__H__absolute__                      __absolute__ 000000
__Habs1                              abs1         000000
__Hbank0                             bank0        000000
__Hbank1                             bank1        000000
__Hbank2                             bank2        000000
__Hbank3                             bank3        000000
__Hbank4                             bank4        000000
__Hbank5                             bank5        000000
__Hbank6                             bank6        000000
__Hbank7                             bank7        000000
__Hbigbss                            bigbss       000000
__Hbigdata                           bigdata      000000
__Hbigram                            bigram       000000
__Hbigsfr                            bigsfr       000000
__Hbss                               bss          000000
__HbssCOMRAM                         bssCOMRAM    000000
__Hcinit                             cinit        000000
__Hclrtext                           clrtext      000000
__Hcomram                            comram       000000
__Hconfig                            config       30000E
__Hconst                             const        000000
__HcstackCOMRAM                      cstackCOMRAM 000000
__Hdata                              data         000000
__HdataBIGRAM                        dataBIGRAM   000000
__HdataCOMRAM                        dataCOMRAM   000000
__Heeprom_data                       eeprom_data  000000
__Hfarbss                            farbss       000000
__Hfardata                           fardata      000000
__Hheap                              heap         000000
__Hibigdata                          ibigdata     000000
__Hidata                             idata        000000
__HidataBIGRAM                       idataBIGRAM  000000
__HidataCOMRAM                       idataCOMRAM  000000
__Hidloc                             idloc        200008
__Hifardata                          ifardata     000000
__Hinit                              init         000012
__Hintcode                           intcode      00000E
__Hintcode_body                      intcode_body 000000
__Hintcodelo                         intcodelo    00000E
__Hintentry                          intentry     000000
__Hintret                            intret       000000
__Hintsave_regs                      intsave_regs 000000
__Hirdata                            irdata       000000
__Hmediumconst                       mediumconst  000000
__HnvCOMRAM                          nvCOMRAM     000000
__HnvFARRAM                          nvFARRAM     000000
__Hnvbit                             nvbit        000000
__Hnvrram                            nvrram       000000
__Hparam                             rparam       000000
__Hpowerup                           powerup      00000E
__Hram                               ram          000000
__Hramtop                            ramtop       000800
__Hrbit                              rbit         000000
__Hrbss                              rbss         000000
__Hrdata                             rdata        000000
__Hreset_vec                         reset_vec    000004
__Hrparam                            rparam       000000
__Hsfr                               sfr          000000
__Hsmallconst                        smallconst   0008DC
__Hspace_0                           (abs)        001817
__Hspace_1                           (abs)        000800
__Hspace_2                           (abs)        000000
__Hspace_4                           (abs)        60000E
__Hstack                             stack        000000
__Hstruct                            struct       000000
__Htemp                              temp         000052
__Htext                              text         000000
__Htext0                             text0        000000
__Htext1                             text1        000000
__Htext10                            text10       000000
__Htext11                            text11       000000
__Htext12                            text12       000000
__Htext13                            text13       000000
__Htext14                            text14       000000
__Htext15                            text15       000000
__Htext16                            text16       000000
__Htext17                            text17       000000
__Htext18                            text18       000000
__Htext19                            text19       000000
__Htext2                             text2        000000
__Htext20                            text20       000000
__Htext21                            text21       000000
__Htext22                            text22       000000
__Htext23                            text23       000000
__Htext24                            text24       000000
__Htext25                            text25       000000
__Htext3                             text3        000000
__Htext4                             text4        000000
__Htext5                             text5        000000
__Htext6                             text6        000000
__Htext7                             text7        000000
__Htext8                             text8        000000
__Htext9                             text9        000000
__LRAM                               (abs)        000001
__L__absolute__                      __absolute__ 000000
__Labs1                              abs1         000000
__Lbank0                             bank0        000000
__Lbank1                             bank1        000000
__Lbank2                             bank2        000000
__Lbank3                             bank3        000000
__Lbank4                             bank4        000000
__Lbank5                             bank5        000000
__Lbank6                             bank6        000000
__Lbank7                             bank7        000000
__Lbigbss                            bigbss       000000
__Lbigdata                           bigdata      000000
__Lbigram                            bigram       000000
__Lbigsfr                            bigsfr       000000
__Lbss                               bss          000000
__LbssCOMRAM                         bssCOMRAM    000000
__Lcinit                             cinit        000000
__Lclrtext                           clrtext      000000
__Lcomram                            comram       000000
__Lconfig                            config       000000
__Lconst                             const        000000
__LcstackCOMRAM                      cstackCOMRAM 000000
__Ldata                              data         000000
__LdataBIGRAM                        dataBIGRAM   000000
__LdataCOMRAM                        dataCOMRAM   000000
__Leeprom_data                       eeprom_data  000000
__Lfarbss                            farbss       000000
__Lfardata                           fardata      000000
__Lheap                              heap         000000
__Libigdata                          ibigdata     000000
__Lidata                             idata        000000
__LidataBIGRAM                       idataBIGRAM  000000
__LidataCOMRAM                       idataCOMRAM  000000
__Lidloc                             idloc        000000
__Lifardata                          ifardata     000000
__Linit                              init         00000E
__Lintcode                           intcode      000008
__Lintcode_body                      intcode_body 000000
__Lintcodelo                         intcodelo    00000E
__Lintentry                          intentry     000000
__Lintret                            intret       000000
__Lintsave_regs                      intsave_regs 000000
__Lirdata                            irdata       000000
__Lmediumconst                       mediumconst  000000
__LnvCOMRAM                          nvCOMRAM     000000
__LnvFARRAM                          nvFARRAM     000000
__Lnvbit                             nvbit        000000
__Lnvrram                            nvrram       000000
__Lparam                             rparam       000000
__Lpowerup                           powerup      00000E
__Lram                               ram          000000
__Lramtop                            ramtop       000800
__Lrbit                              rbit         000000
__Lrbss                              rbss         000000
__Lrdata                             rdata        000000
__Lreset_vec                         reset_vec    000000
__Lrparam                            rparam       000000
__Lsfr                               sfr          000000
__Lsmallconst                        smallconst   000800
__Lspace_0                           (abs)        000000
__Lspace_1                           (abs)        000000
__Lspace_2                           (abs)        000000
__Lspace_4                           (abs)        000000
__Lstack                             stack        000000
__Lstruct                            struct       000000
__Ltemp                              temp         000051
__Ltext                              text         000000
__Ltext0                             text0        000000
__Ltext1                             text1        000000
__Ltext10                            text10       000000
__Ltext11                            text11       000000
__Ltext12                            text12       000000
__Ltext13                            text13       000000
__Ltext14                            text14       000000
__Ltext15                            text15       000000
__Ltext16                            text16       000000
__Ltext17                            text17       000000
__Ltext18                            text18       000000
__Ltext19                            text19       000000
__Ltext2                             text2        000000
__Ltext20                            text20       000000
__Ltext21                            text21       000000
__Ltext22                            text22       000000
__Ltext23                            text23       000000
__Ltext24                            text24       000000
__Ltext25                            text25       000000
__Ltext3                             text3        000000
__Ltext4                             text4        000000
__Ltext5                             text5        000000
__Ltext6                             text6        000000
__Ltext7                             text7        000000
__Ltext8                             text8        000000
__Ltext9                             text9        000000
__S0                                 (abs)        001817
__S1                                 (abs)        000800
__S4                                 (abs)        000000
__S5                                 (abs)        000000
___awdiv                             text16       001324
___awdiv@counter                     cstackCOMRAM 000005
___awdiv@dividend                    cstackCOMRAM 000001
___awdiv@divisor                     cstackCOMRAM 000003
___awdiv@quotient                    cstackCOMRAM 000007
___awdiv@sign                        cstackCOMRAM 000006
___awtoft                            text11       0016B0
___awtoft@c                          cstackCOMRAM 000009
___awtoft@sign                       cstackCOMRAM 00000C
___ftdiv                             text10       001022
___ftdiv@cntr                        cstackCOMRAM 000025
___ftdiv@exp                         cstackCOMRAM 000029
___ftdiv@f1                          cstackCOMRAM 00001C
___ftdiv@f2                          cstackCOMRAM 00001F
___ftdiv@f3                          cstackCOMRAM 000026
___ftdiv@sign                        cstackCOMRAM 00002A
___ftge                              text2        001426
___ftge@ff1                          cstackCOMRAM 000001
___ftge@ff2                          cstackCOMRAM 000004
___ftmul                             text9        000E48
___ftmul@cntr                        cstackCOMRAM 00001A
___ftmul@exp                         cstackCOMRAM 000016
___ftmul@f1                          cstackCOMRAM 00000D
___ftmul@f2                          cstackCOMRAM 000010
___ftmul@f3_as_product               cstackCOMRAM 000017
___ftmul@sign                        cstackCOMRAM 00001B
___ftpack                            text12       0011DA
___ftpack@arg                        cstackCOMRAM 000001
___ftpack@exp                        cstackCOMRAM 000004
___ftpack@sign                       cstackCOMRAM 000005
___fttol                             text8        001108
___fttol@exp1                        cstackCOMRAM 00002A
___fttol@f1                          cstackCOMRAM 00001C
___fttol@lval                        cstackCOMRAM 000026
___fttol@sign1                       cstackCOMRAM 000025
___heap_hi                           (abs)        000000
___heap_lo                           (abs)        000000
___inthi_sp                          stack        000000
___intlo_sp                          stack        000000
___lbdiv                             text6        00163C
___lbdiv@counter                     cstackCOMRAM 000007
___lbdiv@dividend                    cstackCOMRAM 000006
___lbdiv@divisor                     cstackCOMRAM 000005
___lbdiv@quotient                    cstackCOMRAM 000008
___lbmod                             text5        0016E8
___lbmod@counter                     cstackCOMRAM 000003
___lbmod@dividend                    cstackCOMRAM 000002
___lbmod@divisor                     cstackCOMRAM 000001
___lbmod@rem                         cstackCOMRAM 000004
___lwtoft                            text7        001788
___lwtoft@c                          cstackCOMRAM 000009
___param_bank                        (abs)        000000
___rparam_used                       (abs)        000001
___sp                                stack        000000
__accesstop                          (abs)        000060
__activetblptr                       (abs)        000002
__end_of_BorraLCD                    text20       001804
__end_of_ConfiguraLCD                text25       0017C4
__end_of_Conversion                  text24       001788
__end_of_DireccionaLCD               text18       0017F0
__end_of_EnviaDato                   text21       0015FE
__end_of_EscribeLCD_c                text17       0017DA
__end_of_EscribeLCD_n8               text4        001022
__end_of_HabilitaLCD                 text23       001812
__end_of_ISR                         intcode_body 0016B0
__end_of_InicializaLCD               text19       001324
__end_of_MensajeLCD_Var              text3        00173A
__end_of_Mensaje_LCD_Var_Centrado    text14       001504
__end_of_Mensaje_LCD_Var_Mensaje20x4 text13       00163C
__end_of_RetardoLCD                  text22       0015B8
__end_of___awdiv                     text16       0013A8
__end_of___awtoft                    text11       0016E8
__end_of___ftdiv                     text10       001108
__end_of___ftge                      text2        00149A
__end_of___ftmul                     text9        000F3C
__end_of___ftpack                    text12       001288
__end_of___fttol                     text8        0011DA
__end_of___lbdiv                     text6        001676
__end_of___lbmod                     text5        001712
__end_of___lwtoft                    text7        0017AC
__end_of__initialization             cinit        001554
__end_of_imprimir_porcentaje         text1        001426
__end_of_main                        text0        000C52
__end_of_strlen                      text15       001762
__initialization                     cinit        001504
__mediumconst                        mediumconst  000000
__pbssCOMRAM                         bssCOMRAM    00002F
__pcinit                             cinit        001504
__pcstackCOMRAM                      cstackCOMRAM 000001
__pdataBIGRAM                        dataBIGRAM   00060A
__pdataCOMRAM                        dataCOMRAM   00004B
__pidataBIGRAM                       idataBIGRAM  000C52
__pidataCOMRAM                       idataCOMRAM  001812
__pintcode                           intcode      000008
__pintcode_body                      intcode_body 001676
__pnvCOMRAM                          nvCOMRAM     000050
__psmallconst                        smallconst   000800
__ptext0                             text0        0008DC
__ptext1                             text1        0013A8
__ptext10                            text10       001022
__ptext11                            text11       0016B0
__ptext12                            text12       0011DA
__ptext13                            text13       0015FE
__ptext14                            text14       00149A
__ptext15                            text15       00173A
__ptext16                            text16       001324
__ptext17                            text17       0017C4
__ptext18                            text18       0017DA
__ptext19                            text19       001288
__ptext2                             text2        001426
__ptext20                            text20       0017F0
__ptext21                            text21       0015B8
__ptext22                            text22       001562
__ptext23                            text23       001804
__ptext24                            text24       001762
__ptext25                            text25       0017AC
__ptext3                             text3        001712
__ptext4                             text4        000F3C
__ptext5                             text5        0016E8
__ptext6                             text6        00163C
__ptext7                             text7        001788
__ptext8                             text8        001108
__ptext9                             text9        000E48
__ramtop                             ramtop       000800
__smallconst                         smallconst   000800
_a                                   nvCOMRAM     000050
_b                                   bssCOMRAM    000048
_c                                   bssCOMRAM    000047
_d                                   bssCOMRAM    000046
_imprimir_porcentaje                 text1        0013A8
_interfaz                            dataCOMRAM   00004F
_len                                 dataCOMRAM   00004D
_main                                text0        0008DC
_strlen                              text15       00173A
_ts                                  dataCOMRAM   00004B
btemp                                temp         000051
end_of_initialization                cinit        001554
int$flags                            temp         000051
int_func                             intcode_body 001676
intlevel0                            text         000000
intlevel1                            text         000000
intlevel2                            text         000000
intlevel3                            text         000000
isa$std                              (abs)        000001
isa$xinst                            (abs)        000000
main@i                               cstackCOMRAM 00002D
stackhi                              (abs)        000000
stacklo                              (abs)        000000
start                                init         00000E
start_initialization                 cinit        001504
strlen@cp                            cstackCOMRAM 000003
strlen@s                             cstackCOMRAM 000001
ttemp5                               temp         000052
ttemp6                               temp         000055
ttemp7                               temp         000059
wtemp8                               temp         000052


MODULE INFORMATION

Module		Function		Class		Link	Load	Size
C:\Program Files\Microchip\xc8\v2.41\pic\sources\c90\common\ftmul.c
		___ftmul       		CODE           	0E48	0000	244

C:\Program Files\Microchip\xc8\v2.41\pic\sources\c90\common\ftmul.c estimated size: 244

C:\Program Files\Microchip\xc8\v2.41\pic\sources\c90\common\ftdiv.c
		___ftdiv       		CODE           	1022	0000	230

C:\Program Files\Microchip\xc8\v2.41\pic\sources\c90\common\ftdiv.c estimated size: 230

LibLCDXC8.h
		_DireccionaLCD 		CODE           	17DA	0000	22
		_InicializaLCD 		CODE           	1288	0000	156
		_EnviaDato     		CODE           	15B8	0000	70
		_MensajeLCD_Var		CODE           	1712	0000	40
		_Mensaje_LCD_Var_Mensaje20x4		CODE           	15FE	0000	62
		_EscribeLCD_c  		CODE           	17C4	0000	22
		_HabilitaLCD   		CODE           	1804	0000	14
		_EscribeLCD_n8 		CODE           	0F3C	0000	230
		_ConfiguraLCD  		CODE           	17AC	0000	24
		_Mensaje_LCD_Var_Centrado		CODE           	149A	0000	106
		_BorraLCD      		CODE           	17F0	0000	20
		_RetardoLCD    		CODE           	1562	0000	86

LibLCDXC8.h estimated size: 852

C:\Program Files\Microchip\xc8\v2.41\pic\sources\c90\common\awdiv.c
		___awdiv       		CODE           	1324	0000	132

C:\Program Files\Microchip\xc8\v2.41\pic\sources\c90\common\awdiv.c estimated size: 132

C:\Program Files\Microchip\xc8\v2.41\pic\sources\c90\common\ftge.c
		___ftge        		CODE           	1426	0000	116

C:\Program Files\Microchip\xc8\v2.41\pic\sources\c90\common\ftge.c estimated size: 116

C:\Program Files\Microchip\xc8\v2.41\pic\sources\c90\common\lbmod.c
		___lbmod       		CODE           	16E8	0000	42

C:\Program Files\Microchip\xc8\v2.41\pic\sources\c90\common\lbmod.c estimated size: 42

C:\Program Files\Microchip\xc8\v2.41\pic\sources\c90\common\fttol.c
		___fttol       		CODE           	1108	0000	210

C:\Program Files\Microchip\xc8\v2.41\pic\sources\c90\common\fttol.c estimated size: 210

shared
		__initialization		CODE           	1504	0000	80

shared estimated size: 80

C:\Program Files\Microchip\xc8\v2.41\pic\sources\c90\common\lbdiv.c
		___lbdiv       		CODE           	163C	0000	58

C:\Program Files\Microchip\xc8\v2.41\pic\sources\c90\common\lbdiv.c estimated size: 58

C:\Program Files\Microchip\xc8\v2.41\pic\sources\c90\common\strlen.c
		_strlen        		CODE           	173A	0000	40

C:\Program Files\Microchip\xc8\v2.41\pic\sources\c90\common\strlen.c estimated size: 40

C:\Program Files\Microchip\xc8\v2.41\pic\sources\c90\common\awtoft.c
		___awtoft      		CODE           	16B0	0000	56

C:\Program Files\Microchip\xc8\v2.41\pic\sources\c90\common\awtoft.c estimated size: 56

PAI.c
		_ISR           		CODE           	0008	0000	64
		_main          		CODE           	08DC	0000	886
		_Conversion    		CODE           	1762	0000	38
		_imprimir_porcentaje		CODE           	13A8	0000	126

PAI.c estimated size: 1114

C:\Program Files\Microchip\xc8\v2.41\pic\sources\c90\common\float.c
		___ftpack      		CODE           	11DA	0000	174

C:\Program Files\Microchip\xc8\v2.41\pic\sources\c90\common\float.c estimated size: 174

C:\Program Files\Microchip\xc8\v2.41\pic\sources\c90\common\lwtoft.c
		___lwtoft      		CODE           	1788	0000	36

C:\Program Files\Microchip\xc8\v2.41\pic\sources\c90\common\lwtoft.c estimated size: 36

